******************************************************************************
             TMS320C2000 Linker Unix v15.12.3                  
******************************************************************************
>> Linked Sun May 28 22:58:50 2017

OUTPUT FILE NAME:   <MotionControl_Firmware_CPU1.out>
ENTRY POINT SYMBOL: "_c_int00"  address: 00084758


MEMORY CONFIGURATION

         name            origin    length      used     unused   attr    fill
----------------------  --------  ---------  --------  --------  ----  --------
PAGE 0:
  BOOT_RSVD             00000002   00000120  00000000  00000120  RWIX
  RAMM0                 00000122   000002de  0000006d  00000271  RWIX
  RAMM1                 00000400   00000400  00000000  00000400  RWIX
  CLA1_MSGRAMLOW        00001480   00000080  00000001  0000007f  RWIX
  CLA1_MSGRAMHIGH       00001500   00000080  00000002  0000007e  RWIX
  RAMLS0                00008000   00000800  00000148  000006b8  RWIX
  RAMLS1                00008800   00000800  0000002c  000007d4  RWIX
  RAMLS2                00009000   00000800  00000000  00000800  RWIX
  RAMLS3                00009800   00000800  00000000  00000800  RWIX
  RAMLS4                0000a000   00000800  00000000  00000800  RWIX
  RAMLS5                0000a800   00000800  00000000  00000800  RWIX
  RAMD0                 0000b000   00000800  00000400  00000400  RWIX
  RAMD1                 0000b800   00000800  00000000  00000800  RWIX
  RAMGS0                0000c000   00001000  000008ab  00000755  RWIX
  RAMGS1                0000d000   00001000  00000000  00001000  RWIX
  RAMGS2                0000e000   00001000  00000000  00001000  RWIX
  RAMGS3                0000f000   00001000  00000120  00000ee0  RWIX
  RAMGS4                00010000   00001000  00000000  00001000  RWIX
  RAMGS5                00011000   00001000  00000000  00001000  RWIX
  RAMGS6                00012000   00001000  00000000  00001000  RWIX
  RAMGS7                00013000   00001000  00000000  00001000  RWIX
  RAMGS8                00014000   00001000  00000000  00001000  RWIX
  RAMGS9                00015000   00001000  00000000  00001000  RWIX
  RAMGS10               00016000   00001000  00000000  00001000  RWIX
  RAMGS11               00017000   00001000  00000000  00001000  RWIX
  RAMGS12               00018000   00001000  00000000  00001000  RWIX
  RAMGS13               00019000   00001000  00000000  00001000  RWIX
  RAMGS14               0001a000   00001000  00000000  00001000  RWIX
  RAMGS15               0001b000   00001000  00000000  00001000  RWIX
  CPU2TOCPU1RAM         0003f800   00000400  00000000  00000400  RWIX
  CPU1TOCPU2RAM         0003fc00   00000400  00000088  00000378  RWIX
  BEGIN                 00080000   00000002  00000002  00000000  RWIX
  FLASHD                00086000   00002000  000001b5  00001e4b  RWIX
  RESET                 003fffc0   00000002  00000000  00000002  RWIX

PAGE 1:
  ADCA_RESULT           00000b00   00000020  00000018  00000008  RWIX
  ADCB_RESULT           00000b20   00000020  00000018  00000008  RWIX
  ADCC_RESULT           00000b40   00000020  00000018  00000008  RWIX
  ADCD_RESULT           00000b60   00000020  00000018  00000008  RWIX
  CPU_TIMER0            00000c00   00000008  00000008  00000000  RWIX
  CPU_TIMER1            00000c08   00000008  00000008  00000000  RWIX
  CPU_TIMER2            00000c10   00000008  00000008  00000000  RWIX
  PIE_CTRL              00000ce0   00000020  0000001a  00000006  RWIX
  PIE_VECT              00000d00   00000200  00000000  00000200  RWIX
  DMA                   00001000   00000200  000000e0  00000120  RWIX
  CLA1                  00001400   00000040  0000003e  00000002  RWIX
  EPWM1                 00004000   00000100  00000100  00000000  RWIX
  EPWM2                 00004100   00000100  00000100  00000000  RWIX
  EPWM3                 00004200   00000100  00000100  00000000  RWIX
  EPWM4                 00004300   00000100  00000100  00000000  RWIX
  EPWM5                 00004400   00000100  00000100  00000000  RWIX
  EPWM6                 00004500   00000100  00000100  00000000  RWIX
  EPWM7                 00004600   00000100  00000100  00000000  RWIX
  EPWM8                 00004700   00000100  00000100  00000000  RWIX
  EPWM9                 00004800   00000100  00000100  00000000  RWIX
  EPWM10                00004900   00000100  00000100  00000000  RWIX
  EPWM11                00004a00   00000100  00000100  00000000  RWIX
  EPWM12                00004b00   00000100  00000100  00000000  RWIX
  ECAP1                 00005000   00000020  00000020  00000000  RWIX
  ECAP2                 00005020   00000020  00000020  00000000  RWIX
  ECAP3                 00005040   00000020  00000020  00000000  RWIX
  ECAP4                 00005060   00000020  00000020  00000000  RWIX
  ECAP5                 00005080   00000020  00000020  00000000  RWIX
  ECAP6                 000050a0   00000020  00000020  00000000  RWIX
  EQEP1                 00005100   00000040  00000022  0000001e  RWIX
  EQEP2                 00005140   00000040  00000022  0000001e  RWIX
  EQEP3                 00005180   00000040  00000022  0000001e  RWIX
  DACA                  00005c00   00000010  00000008  00000008  RWIX
  DACB                  00005c10   00000010  00000008  00000008  RWIX
  DACC                  00005c20   00000010  00000008  00000008  RWIX
  CMPSS1                00005c80   00000020  00000020  00000000  RWIX
  CMPSS2                00005ca0   00000020  00000020  00000000  RWIX
  CMPSS3                00005cc0   00000020  00000020  00000000  RWIX
  CMPSS4                00005ce0   00000020  00000020  00000000  RWIX
  CMPSS5                00005d00   00000020  00000020  00000000  RWIX
  CMPSS6                00005d20   00000020  00000020  00000000  RWIX
  CMPSS7                00005d40   00000020  00000020  00000000  RWIX
  CMPSS8                00005d60   00000020  00000020  00000000  RWIX
  SDFM1                 00005e00   00000080  00000080  00000000  RWIX
  SDFM2                 00005e80   00000080  00000080  00000000  RWIX
  MCBSPA                00006000   00000040  00000024  0000001c  RWIX
  MCBSPB                00006040   00000040  00000024  0000001c  RWIX
  SPIA                  00006100   00000010  00000010  00000000  RWIX
  SPIB                  00006110   00000010  00000010  00000000  RWIX
  SPIC                  00006120   00000010  00000010  00000000  RWIX
  SPID                  00006130   00000010  00000000  00000010  RWIX
  UPP                   00006200   00000100  00000048  000000b8  RWIX
  WD                    00007000   00000040  0000002b  00000015  RWIX
  NMIINTRUPT            00007060   00000010  00000007  00000009  RWIX
  XINT                  00007070   00000010  0000000b  00000005  RWIX
  SCIA                  00007200   00000010  00000010  00000000  RWIX
  SCIB                  00007210   00000010  00000010  00000000  RWIX
  SCIC                  00007220   00000010  00000010  00000000  RWIX
  SCID                  00007230   00000010  00000010  00000000  RWIX
  I2CA                  00007300   00000040  00000022  0000001e  RWIX
  I2CB                  00007340   00000040  00000022  0000001e  RWIX
  ADCA                  00007400   00000080  00000080  00000000  RWIX
  ADCB                  00007480   00000080  00000080  00000000  RWIX
  ADCC                  00007500   00000080  00000080  00000000  RWIX
  ADCD                  00007580   00000080  00000080  00000000  RWIX
  INPUT_XBAR            00007900   00000020  00000020  00000000  RWIX
  XBAR                  00007920   00000020  00000020  00000000  RWIX
  SYNC_SOC              00007940   00000010  00000006  0000000a  RWIX
  DMACLASRCSEL          00007980   00000040  0000001a  00000026  RWIX
  EPWM_XBAR             00007a00   00000040  00000040  00000000  RWIX
  CLB_XBAR              00007a40   00000040  00000000  00000040  RWIX
  OUTPUT_XBAR           00007a80   00000040  00000040  00000000  RWIX
  GPIOCTRL              00007c00   00000180  00000180  00000000  RWIX
  GPIODAT               00007f00   00000030  00000030  00000000  RWIX
  EMIF1                 00047000   00000800  00000070  00000790  RWIX
  EMIF2                 00047800   00000800  00000070  00000790  RWIX
  CANA                  00048000   00000800  00000000  00000800  RWIX
  CANB                  0004a000   00000800  00000000  00000800  RWIX
  IPC                   00050000   00000024  00000024  00000000  RWIX
  FLASHPUMPSEMAPHORE    00050024   00000002  00000002  00000000  RWIX
  DEV_CFG               0005d000   00000180  0000012e  00000052  RWIX
  ANALOG_SUBSYS         0005d180   00000080  00000048  00000038  RWIX
  CLK_CFG               0005d200   00000100  00000032  000000ce  RWIX
  CPU_SYS               0005d300   00000100  00000082  0000007e  RWIX
  ROMPREFETCH           0005e608   00000002  00000002  00000000  RWIX
  DCSM_Z1               0005f000   00000030  00000024  0000000c  RWIX
  DCSM_Z2               0005f040   00000030  00000024  0000000c  RWIX
  DCSM_COMMON           0005f070   00000010  00000008  00000008  RWIX
  MEMCFG                0005f400   00000080  00000080  00000000  RWIX
  EMIF1CONFIG           0005f480   00000020  00000020  00000000  RWIX
  EMIF2CONFIG           0005f4a0   00000020  00000020  00000000  RWIX
  ACCESSPROTECTION      0005f4c0   00000040  00000040  00000000  RWIX
  MEMORYERROR           0005f500   00000040  00000040  00000000  RWIX
  ROMWAITSTATE          0005f540   00000002  00000002  00000000  RWIX
  FLASH0_CTRL           0005f800   00000300  00000182  0000017e  RWIX
  FLASH0_ECC            0005fb00   00000040  00000028  00000018  RWIX
  DCSM_Z1_OTP           00078000   00000020  00000020  00000000  RWIX
  DCSM_Z2_OTP           00078200   00000020  00000020  00000000  RWIX
  FLASHA                00080002   00001ffe  00000000  00001ffe  RWIX
  FLASHB                00082000   00002000  00001ffd  00000003  RWIX
  FLASHC                00084000   00002000  0000180c  000007f4  RWIX
  FLASHE                00088000   00008000  000004e4  00007b1c  RWIX
  FLASHF                00090000   00008000  00000000  00008000  RWIX
  FLASHG                00098000   00008000  00000000  00008000  RWIX
  FLASHH                000a0000   00008000  00000000  00008000  RWIX
  FLASHI                000a8000   00008000  00000000  00008000  RWIX
  FLASHJ                000b0000   00008000  00000000  00008000  RWIX
  FLASHK                000b8000   00002000  00000000  00002000  RWIX
  FLASHL                000ba000   00002000  00000000  00002000  RWIX
  FLASHM                000bc000   00002000  00000000  00002000  RWIX
  FLASHN                000be000   00002000  00000000  00002000  RWIX


SECTION ALLOCATION MAP

 output                                  attributes/
section   page    origin      length       input sections
--------  ----  ----------  ----------   ----------------
.cinit     1    00082000    0000049d     
                  00082000    000003e7     MotionControl_Firmware_CPU1_p28FP.o28FP (.cinit)
                  000823e7    00000090     F2837xD_struct.obj (.cinit)
                  00082477    0000000e     rts2800_fpu32.lib : exit.obj (.cinit)
                  00082485    00000008     main.obj (.cinit)
                  0008248d    00000005     rts2800_fpu32.lib : _lock.obj (.cinit:__lock)
                  00082492    00000005                       : _lock.obj (.cinit:__unlock)
                  00082497    00000004     F2837xD_sci_io.obj (.cinit)
                  0008249b    00000002     --HOLE-- [fill = 0]

.pinit     1    00082000    00000000     UNINITIALIZED

.reset     0    003fffc0    00000000     DSECT

.stack     0    0000b000    00000400     UNINITIALIZED
                  0000b000    00000400     --HOLE--

.cio       0    0000f000    00000120     UNINITIALIZED
                  0000f000    00000120     rts2800_fpu32.lib : trgmsg.obj (.cio)

Cla1ToCpuMsgRAM 
*          0    00001480    00000001     UNINITIALIZED
                  00001480    00000001     CPU1_CLA1_interrupt.obj (Cla1ToCpuMsgRAM)

CpuToCla1MsgRAM 
*          0    00001500    00000002     UNINITIALIZED
                  00001500    00000002     CPU1_CLA1_interrupt.obj (CpuToCla1MsgRAM)

CLADataLS1 
*          0    00008800    0000002c     UNINITIALIZED
                  00008800    0000002c     CPU1_CLA1_interrupt.obj (CLADataLS1)

.ebss      0    0000c000    000008ab     UNINITIALIZED
                  0000c000    00000500     MotionControl_Firmware_CPU1_p28FP.o28FP (.ebss)
                  0000c500    00000300     MotionControl_Firmware_CPU1_p28FP.o28FP (.ebss:taskStackSection)
                  0000c800    00000078     F2837xD_struct.obj (.ebss)
                  0000c878    00000008     rts2800_fpu32.lib : trgdrv.obj (.ebss)
                  0000c880    00000018     F2837xD_CpuTimers.obj (.ebss)
                  0000c898    00000006     F2837xD_TempSensorConv.obj (.ebss)
                  0000c89e    00000006     rts2800_fpu32.lib : exit.obj (.ebss)
                  0000c8a4    00000002                       : _lock.obj (.ebss:__lock)
                  0000c8a6    00000002                       : _lock.obj (.ebss:__unlock)
                  0000c8a8    00000002     main.obj (.ebss)
                  0000c8aa    00000001     F2837xD_sci_io.obj (.ebss)

PUTBUFFER 
*          0    0003fc00    00000080     UNINITIALIZED
                  0003fc00    00000080     F2837xD_Ipc_Driver.obj (PUTBUFFER)

PUTWRITEIDX 
*          0    0003fc80    00000004     UNINITIALIZED
                  0003fc80    00000004     F2837xD_Ipc_Driver.obj (PUTWRITEIDX)

GETREADIDX 
*          0    0003fc84    00000004     UNINITIALIZED
                  0003fc84    00000004     F2837xD_Ipc_Driver.obj (GETREADIDX)

Cla1Prog   0    00086000    00000148     RUN ADDR = 00008000
                  00086000    00000110     CPU1_CLA1_task.obj (Cla1Prog:_Cla1Task1)
                  00086110    00000008     CPU1_CLA1_task.obj (Cla1Prog:_Cla1Task2)
                  00086118    00000008     CPU1_CLA1_task.obj (Cla1Prog:_Cla1Task3)
                  00086120    00000008     CPU1_CLA1_task.obj (Cla1Prog:_Cla1Task4)
                  00086128    00000008     CPU1_CLA1_task.obj (Cla1Prog:_Cla1Task5)
                  00086130    00000008     CPU1_CLA1_task.obj (Cla1Prog:_Cla1Task6)
                  00086138    00000008     CPU1_CLA1_task.obj (Cla1Prog:_Cla1Task7)
                  00086140    00000008     CPU1_CLA1_task.obj (Cla1Prog:_Cla1Task8)

.TI.ramfunc 
*          0    00086148    0000006d     RUN ADDR = 00000124
                  00086148    00000037     F2837xD_SysCtrl.obj (.TI.ramfunc)
                  0008617f    00000032     main.obj (.TI.ramfunc)
                  000861b1    00000004     F2837xD_usDelay.obj (.TI.ramfunc)

CpuTimer0RegsFile 
*          1    00000c00    00000008     UNINITIALIZED
                  00000c00    00000008     F2837xD_GlobalVariableDefs.obj (CpuTimer0RegsFile)

CpuTimer1RegsFile 
*          1    00000c08    00000008     UNINITIALIZED
                  00000c08    00000008     F2837xD_GlobalVariableDefs.obj (CpuTimer1RegsFile)

CpuTimer2RegsFile 
*          1    00000c10    00000008     UNINITIALIZED
                  00000c10    00000008     F2837xD_GlobalVariableDefs.obj (CpuTimer2RegsFile)

PieCtrlRegsFile 
*          1    00000ce0    0000001a     UNINITIALIZED
                  00000ce0    0000001a     F2837xD_GlobalVariableDefs.obj (PieCtrlRegsFile)

DmaRegsFile 
*          1    00001000    000000e0     UNINITIALIZED
                  00001000    000000e0     F2837xD_GlobalVariableDefs.obj (DmaRegsFile)

EPwm1RegsFile 
*          1    00004000    00000100     UNINITIALIZED
                  00004000    00000100     F2837xD_GlobalVariableDefs.obj (EPwm1RegsFile)

EPwm2RegsFile 
*          1    00004100    00000100     UNINITIALIZED
                  00004100    00000100     F2837xD_GlobalVariableDefs.obj (EPwm2RegsFile)

EPwm3RegsFile 
*          1    00004200    00000100     UNINITIALIZED
                  00004200    00000100     F2837xD_GlobalVariableDefs.obj (EPwm3RegsFile)

EPwm4RegsFile 
*          1    00004300    00000100     UNINITIALIZED
                  00004300    00000100     F2837xD_GlobalVariableDefs.obj (EPwm4RegsFile)

EPwm5RegsFile 
*          1    00004400    00000100     UNINITIALIZED
                  00004400    00000100     F2837xD_GlobalVariableDefs.obj (EPwm5RegsFile)

EPwm6RegsFile 
*          1    00004500    00000100     UNINITIALIZED
                  00004500    00000100     F2837xD_GlobalVariableDefs.obj (EPwm6RegsFile)

EPwm7RegsFile 
*          1    00004600    00000100     UNINITIALIZED
                  00004600    00000100     F2837xD_GlobalVariableDefs.obj (EPwm7RegsFile)

EPwm8RegsFile 
*          1    00004700    00000100     UNINITIALIZED
                  00004700    00000100     F2837xD_GlobalVariableDefs.obj (EPwm8RegsFile)

EPwm9RegsFile 
*          1    00004800    00000100     UNINITIALIZED
                  00004800    00000100     F2837xD_GlobalVariableDefs.obj (EPwm9RegsFile)

EPwm10RegsFile 
*          1    00004900    00000100     UNINITIALIZED
                  00004900    00000100     F2837xD_GlobalVariableDefs.obj (EPwm10RegsFile)

EPwm11RegsFile 
*          1    00004a00    00000100     UNINITIALIZED
                  00004a00    00000100     F2837xD_GlobalVariableDefs.obj (EPwm11RegsFile)

EPwm12RegsFile 
*          1    00004b00    00000100     UNINITIALIZED
                  00004b00    00000100     F2837xD_GlobalVariableDefs.obj (EPwm12RegsFile)

ECap1RegsFile 
*          1    00005000    00000020     UNINITIALIZED
                  00005000    00000020     F2837xD_GlobalVariableDefs.obj (ECap1RegsFile)

ECap2RegsFile 
*          1    00005020    00000020     UNINITIALIZED
                  00005020    00000020     F2837xD_GlobalVariableDefs.obj (ECap2RegsFile)

ECap3RegsFile 
*          1    00005040    00000020     UNINITIALIZED
                  00005040    00000020     F2837xD_GlobalVariableDefs.obj (ECap3RegsFile)

ECap4RegsFile 
*          1    00005060    00000020     UNINITIALIZED
                  00005060    00000020     F2837xD_GlobalVariableDefs.obj (ECap4RegsFile)

ECap5RegsFile 
*          1    00005080    00000020     UNINITIALIZED
                  00005080    00000020     F2837xD_GlobalVariableDefs.obj (ECap5RegsFile)

ECap6RegsFile 
*          1    000050a0    00000020     UNINITIALIZED
                  000050a0    00000020     F2837xD_GlobalVariableDefs.obj (ECap6RegsFile)

EQep1RegsFile 
*          1    00005100    00000022     UNINITIALIZED
                  00005100    00000022     F2837xD_GlobalVariableDefs.obj (EQep1RegsFile)

EQep2RegsFile 
*          1    00005140    00000022     UNINITIALIZED
                  00005140    00000022     F2837xD_GlobalVariableDefs.obj (EQep2RegsFile)

EQep3RegsFile 
*          1    00005180    00000022     UNINITIALIZED
                  00005180    00000022     F2837xD_GlobalVariableDefs.obj (EQep3RegsFile)

DacaRegsFile 
*          1    00005c00    00000008     UNINITIALIZED
                  00005c00    00000008     F2837xD_GlobalVariableDefs.obj (DacaRegsFile)

DacbRegsFile 
*          1    00005c10    00000008     UNINITIALIZED
                  00005c10    00000008     F2837xD_GlobalVariableDefs.obj (DacbRegsFile)

DaccRegsFile 
*          1    00005c20    00000008     UNINITIALIZED
                  00005c20    00000008     F2837xD_GlobalVariableDefs.obj (DaccRegsFile)

Sdfm1RegsFile 
*          1    00005e00    00000080     UNINITIALIZED
                  00005e00    00000080     F2837xD_GlobalVariableDefs.obj (Sdfm1RegsFile)

Sdfm2RegsFile 
*          1    00005e80    00000080     UNINITIALIZED
                  00005e80    00000080     F2837xD_GlobalVariableDefs.obj (Sdfm2RegsFile)

McbspaRegsFile 
*          1    00006000    00000024     UNINITIALIZED
                  00006000    00000024     F2837xD_GlobalVariableDefs.obj (McbspaRegsFile)

McbspbRegsFile 
*          1    00006040    00000024     UNINITIALIZED
                  00006040    00000024     F2837xD_GlobalVariableDefs.obj (McbspbRegsFile)

SpiaRegsFile 
*          1    00006100    00000010     UNINITIALIZED
                  00006100    00000010     F2837xD_GlobalVariableDefs.obj (SpiaRegsFile)

SpibRegsFile 
*          1    00006110    00000010     UNINITIALIZED
                  00006110    00000010     F2837xD_GlobalVariableDefs.obj (SpibRegsFile)

SpicRegsFile 
*          1    00006120    00000010     UNINITIALIZED
                  00006120    00000010     F2837xD_GlobalVariableDefs.obj (SpicRegsFile)

UppRegsFile 
*          1    00006200    00000048     UNINITIALIZED
                  00006200    00000048     F2837xD_GlobalVariableDefs.obj (UppRegsFile)

WdRegsFile 
*          1    00007000    0000002b     UNINITIALIZED
                  00007000    0000002b     F2837xD_GlobalVariableDefs.obj (WdRegsFile)

NmiIntruptRegsFile 
*          1    00007060    00000007     UNINITIALIZED
                  00007060    00000007     F2837xD_GlobalVariableDefs.obj (NmiIntruptRegsFile)

XintRegsFile 
*          1    00007070    0000000b     UNINITIALIZED
                  00007070    0000000b     F2837xD_GlobalVariableDefs.obj (XintRegsFile)

SciaRegsFile 
*          1    00007200    00000010     UNINITIALIZED
                  00007200    00000010     F2837xD_GlobalVariableDefs.obj (SciaRegsFile)

ScibRegsFile 
*          1    00007210    00000010     UNINITIALIZED
                  00007210    00000010     F2837xD_GlobalVariableDefs.obj (ScibRegsFile)

ScicRegsFile 
*          1    00007220    00000010     UNINITIALIZED
                  00007220    00000010     F2837xD_GlobalVariableDefs.obj (ScicRegsFile)

ScidRegsFile 
*          1    00007230    00000010     UNINITIALIZED
                  00007230    00000010     F2837xD_GlobalVariableDefs.obj (ScidRegsFile)

I2caRegsFile 
*          1    00007300    00000022     UNINITIALIZED
                  00007300    00000022     F2837xD_GlobalVariableDefs.obj (I2caRegsFile)

I2cbRegsFile 
*          1    00007340    00000022     UNINITIALIZED
                  00007340    00000022     F2837xD_GlobalVariableDefs.obj (I2cbRegsFile)

InputXbarRegsFile 
*          1    00007900    00000020     UNINITIALIZED
                  00007900    00000020     F2837xD_GlobalVariableDefs.obj (InputXbarRegsFile)

XbarRegsFile 
*          1    00007920    00000020     UNINITIALIZED
                  00007920    00000020     F2837xD_GlobalVariableDefs.obj (XbarRegsFile)

SyncSocRegsFile 
*          1    00007940    00000006     UNINITIALIZED
                  00007940    00000006     F2837xD_GlobalVariableDefs.obj (SyncSocRegsFile)

DmaClaSrcSelRegsFile 
*          1    00007980    0000001a     UNINITIALIZED
                  00007980    0000001a     F2837xD_GlobalVariableDefs.obj (DmaClaSrcSelRegsFile)

EPwmXbarRegsFile 
*          1    00007a00    00000040     UNINITIALIZED
                  00007a00    00000040     F2837xD_GlobalVariableDefs.obj (EPwmXbarRegsFile)

OutputXbarRegsFile 
*          1    00007a80    00000040     UNINITIALIZED
                  00007a80    00000040     F2837xD_GlobalVariableDefs.obj (OutputXbarRegsFile)

GpioCtrlRegsFile 
*          1    00007c00    00000180     UNINITIALIZED
                  00007c00    00000180     F2837xD_GlobalVariableDefs.obj (GpioCtrlRegsFile)

GpioDataRegsFile 
*          1    00007f00    00000030     UNINITIALIZED
                  00007f00    00000030     F2837xD_GlobalVariableDefs.obj (GpioDataRegsFile)

Emif1RegsFile 
*          1    00047000    00000070     UNINITIALIZED
                  00047000    00000070     F2837xD_GlobalVariableDefs.obj (Emif1RegsFile)

Emif2RegsFile 
*          1    00047800    00000070     UNINITIALIZED
                  00047800    00000070     F2837xD_GlobalVariableDefs.obj (Emif2RegsFile)

IpcRegsFile 
*          1    00050000    00000024     UNINITIALIZED
                  00050000    00000024     F2837xD_GlobalVariableDefs.obj (IpcRegsFile)

FlashPumpSemaphoreRegsFile 
*          1    00050024    00000002     UNINITIALIZED
                  00050024    00000002     F2837xD_GlobalVariableDefs.obj (FlashPumpSemaphoreRegsFile)

RomPrefetchRegsFile 
*          1    0005e608    00000002     UNINITIALIZED
                  0005e608    00000002     F2837xD_GlobalVariableDefs.obj (RomPrefetchRegsFile)

MemCfgRegsFile 
*          1    0005f400    00000080     UNINITIALIZED
                  0005f400    00000080     F2837xD_GlobalVariableDefs.obj (MemCfgRegsFile)

Emif1ConfigRegsFile 
*          1    0005f480    00000020     UNINITIALIZED
                  0005f480    00000020     F2837xD_GlobalVariableDefs.obj (Emif1ConfigRegsFile)

Emif2ConfigRegsFile 
*          1    0005f4a0    00000020     UNINITIALIZED
                  0005f4a0    00000020     F2837xD_GlobalVariableDefs.obj (Emif2ConfigRegsFile)

AccessProtectionRegsFile 
*          1    0005f4c0    00000040     UNINITIALIZED
                  0005f4c0    00000040     F2837xD_GlobalVariableDefs.obj (AccessProtectionRegsFile)

MemoryErrorRegsFile 
*          1    0005f500    00000040     UNINITIALIZED
                  0005f500    00000040     F2837xD_GlobalVariableDefs.obj (MemoryErrorRegsFile)

RomWaitStateRegsFile 
*          1    0005f540    00000002     UNINITIALIZED
                  0005f540    00000002     F2837xD_GlobalVariableDefs.obj (RomWaitStateRegsFile)

Flash0CtrlRegsFile 
*          1    0005f800    00000182     UNINITIALIZED
                  0005f800    00000182     F2837xD_GlobalVariableDefs.obj (Flash0CtrlRegsFile)

Flash0EccRegsFile 
*          1    0005fb00    00000028     UNINITIALIZED
                  0005fb00    00000028     F2837xD_GlobalVariableDefs.obj (Flash0EccRegsFile)

.switch    1    000824a0    0000001c     
                  000824a0    0000001c     sysbios.a28FP : BIOS.obj (.switch:_ti_sysbios_family_c28_Hwi_clearInterrupt__E)

GETBUFFER 
*          0    0003f800    00000080     DSECT
                  0003f800    00000080     F2837xD_Ipc_Driver.obj (GETBUFFER)

GETWRITEIDX 
*          0    0003f880    00000004     DSECT
                  0003f880    00000004     F2837xD_Ipc_Driver.obj (GETWRITEIDX)

PUTREADIDX 
*          0    0003f884    00000004     DSECT
                  0003f884    00000004     F2837xD_Ipc_Driver.obj (PUTREADIDX)

PieVectTableFile 
*          0    00000d00    000001c0     DSECT
                  00000d00    000001c0     F2837xD_GlobalVariableDefs.obj (PieVectTableFile)

EmuKeyVar 
*          0    00000d00    00000001     DSECT
                  00000d00    00000001     F2837xD_GlobalVariableDefs.obj (EmuKeyVar)

EmuBModeVar 
*          0    00000d01    00000001     DSECT
                  00000d01    00000001     F2837xD_GlobalVariableDefs.obj (EmuBModeVar)

FlashCallbackVar 
*          0    00000d02    00000000     DSECT

FlashScalingVar 
*          0    00000d02    00000000     DSECT

AdcaResultFile 
*          1    00000b00    00000018     UNINITIALIZED
                  00000b00    00000018     F2837xD_GlobalVariableDefs.obj (AdcaResultFile)

AdcbResultFile 
*          1    00000b20    00000018     UNINITIALIZED
                  00000b20    00000018     F2837xD_GlobalVariableDefs.obj (AdcbResultFile)

AdccResultFile 
*          1    00000b40    00000018     UNINITIALIZED
                  00000b40    00000018     F2837xD_GlobalVariableDefs.obj (AdccResultFile)

AdcdResultFile 
*          1    00000b60    00000018     UNINITIALIZED
                  00000b60    00000018     F2837xD_GlobalVariableDefs.obj (AdcdResultFile)

AdcaRegsFile 
*          1    00007400    00000080     UNINITIALIZED
                  00007400    00000080     F2837xD_GlobalVariableDefs.obj (AdcaRegsFile)

AdcbRegsFile 
*          1    00007480    00000080     UNINITIALIZED
                  00007480    00000080     F2837xD_GlobalVariableDefs.obj (AdcbRegsFile)

AdccRegsFile 
*          1    00007500    00000080     UNINITIALIZED
                  00007500    00000080     F2837xD_GlobalVariableDefs.obj (AdccRegsFile)

AdcdRegsFile 
*          1    00007580    00000080     UNINITIALIZED
                  00007580    00000080     F2837xD_GlobalVariableDefs.obj (AdcdRegsFile)

AnalogSubsysRegsFile 
*          1    0005d180    00000048     UNINITIALIZED
                  0005d180    00000048     F2837xD_GlobalVariableDefs.obj (AnalogSubsysRegsFile)

Cla1RegsFile 
*          1    00001400    0000003e     UNINITIALIZED
                  00001400    0000003e     F2837xD_GlobalVariableDefs.obj (Cla1RegsFile)

Cla1SoftIntRegsFile 
*          1    00000ce0    00000004     DSECT
                  00000ce0    00000004     F2837xD_GlobalVariableDefs.obj (Cla1SoftIntRegsFile)

Cmpss1RegsFile 
*          1    00005c80    00000020     UNINITIALIZED
                  00005c80    00000020     F2837xD_GlobalVariableDefs.obj (Cmpss1RegsFile)

Cmpss2RegsFile 
*          1    00005ca0    00000020     UNINITIALIZED
                  00005ca0    00000020     F2837xD_GlobalVariableDefs.obj (Cmpss2RegsFile)

Cmpss3RegsFile 
*          1    00005cc0    00000020     UNINITIALIZED
                  00005cc0    00000020     F2837xD_GlobalVariableDefs.obj (Cmpss3RegsFile)

Cmpss4RegsFile 
*          1    00005ce0    00000020     UNINITIALIZED
                  00005ce0    00000020     F2837xD_GlobalVariableDefs.obj (Cmpss4RegsFile)

Cmpss5RegsFile 
*          1    00005d00    00000020     UNINITIALIZED
                  00005d00    00000020     F2837xD_GlobalVariableDefs.obj (Cmpss5RegsFile)

Cmpss6RegsFile 
*          1    00005d20    00000020     UNINITIALIZED
                  00005d20    00000020     F2837xD_GlobalVariableDefs.obj (Cmpss6RegsFile)

Cmpss7RegsFile 
*          1    00005d40    00000020     UNINITIALIZED
                  00005d40    00000020     F2837xD_GlobalVariableDefs.obj (Cmpss7RegsFile)

Cmpss8RegsFile 
*          1    00005d60    00000020     UNINITIALIZED
                  00005d60    00000020     F2837xD_GlobalVariableDefs.obj (Cmpss8RegsFile)

DcsmZ1RegsFile 
*          1    0005f000    00000024     UNINITIALIZED
                  0005f000    00000024     F2837xD_GlobalVariableDefs.obj (DcsmZ1RegsFile)

DcsmZ2RegsFile 
*          1    0005f040    00000024     UNINITIALIZED
                  0005f040    00000024     F2837xD_GlobalVariableDefs.obj (DcsmZ2RegsFile)

DcsmCommonRegsFile 
*          1    0005f070    00000008     UNINITIALIZED
                  0005f070    00000008     F2837xD_GlobalVariableDefs.obj (DcsmCommonRegsFile)

DcsmZ1OtpFile 
*          1    00078000    00000020     NOLOAD SECTION
                  00078000    00000020     F2837xD_GlobalVariableDefs.obj (DcsmZ1OtpFile)

DcsmZ2OtpFile 
*          1    00078200    00000020     NOLOAD SECTION
                  00078200    00000020     F2837xD_GlobalVariableDefs.obj (DcsmZ2OtpFile)

DevCfgRegsFile 
*          1    0005d000    0000012e     UNINITIALIZED
                  0005d000    0000012e     F2837xD_GlobalVariableDefs.obj (DevCfgRegsFile)

ClkCfgRegsFile 
*          1    0005d200    00000032     UNINITIALIZED
                  0005d200    00000032     F2837xD_GlobalVariableDefs.obj (ClkCfgRegsFile)

CpuSysRegsFile 
*          1    0005d300    00000082     UNINITIALIZED
                  0005d300    00000082     F2837xD_GlobalVariableDefs.obj (CpuSysRegsFile)

.ti_catalog_c2800_initF2837x_begin 
*          0    00080000    00000002     
                  00080000    00000002     Boot.a28FP : Boot_asm.o28FP (.ti_catalog_c2800_initF2837x_begin)

xdc.meta   0    00000000    0000011b     COPY SECTION
                  00000000    0000011b     MotionControl_Firmware_CPU1_p28FP.o28FP (xdc.meta)

xdc.noload 
*          0    00000000    00000000     COPY SECTION

.text.1    1    000824bc    00001b44     
                  000824bc    00000585     F2837xD_DefaultISR.obj (.text:retain)
                  00082a41    00000347     F2837xD_SysCtrl.obj (.text)
                  00082d88    0000027c     rts2800_fpu32.lib : trgdrv.obj (.text)
                  00083004    0000025f     ti.targets.rts2800.a28FP : System.o28FP (.text:_xdc_runtime_System_doPrint__I)
                  00083263    00000244     F2837xD_Gpio.obj (.text)
                  000834a7    00000219     SystemInit.obj (.text)
                  000836c0    000001a7     sysbios.a28FP : BIOS.obj (.text:_ti_sysbios_knl_Semaphore_pend__E)
                  00083867    0000010a     MotionControl_Firmware_CPU1_p28FP.o28FP (.text:_xdc_runtime_System_printfExtend__I)
                  00083971    00000107     rts2800_fpu32.lib : ll_div.obj (.text)
                  00083a78    00000100     sysbios.a28FP : BIOS.obj (.text:_ti_sysbios_knl_Task_sleep__E)
                  00083b78    000000e2                   : BIOS.obj (.text:_ti_sysbios_family_c28_Hwi_clearInterrupt__E)
                  00083c5a    000000df     ti.targets.rts2800.a28FP : LoggerBuf.o28FP (.text:_xdc_runtime_LoggerBuf_write8__E)
                  00083d39    000000dd     F2837xD_Adc.obj (.text)
                  00083e16    000000c2     F2837xD_TempSensorConv.obj (.text)
                  00083ed8    000000b3     CPU1_CLA1_interrupt.obj (.text:retain)
                  00083f8b    00000073     sysbios.a28FP : BIOS.obj (.text:_ti_sysbios_knl_Task_checkStacks__E)
                  00083ffe    00000002     MotionControl_Firmware_CPU1_p28FP.o28FP (.text:_ti_sysbios_family_c28_TaskSupport_Module__startupDone__S)

.text.2    1    00084000    0000180c     
                  00084000    000000a5     ti.targets.rts2800.a28FP : Error.o28FP (.text:_xdc_runtime_Error_policyDefault__E)
                  000840a5    0000009b     sysbios.a28FP : c28_Hwi_disp_asm.obj (.text:_ti_sysbios_family_c28_Hwi_dispatch)
                  00084140    00000095     ti.targets.rts2800.a28FP : LoggerBuf.o28FP (.text:_xdc_runtime_LoggerBuf_write4__E)
                  000841d5    00000001     MotionControl_Firmware_CPU1_p28FP.o28FP (.text:.bootCodeSection:_ti_catalog_c2800_initF2837x_Boot_initStartup)
                  000841d6    00000094     rts2800_fpu32.lib : trgmsg.obj (.text)
                  0008426a    00000090     sysbios.a28FP : BIOS.obj (.text:_ti_sysbios_family_c28_Hwi_enableInterrupt__E)
                  000842fa    00000088     rts2800_fpu32.lib : fs_div.obj (.text)
                  00084382    00000084     sysbios.a28FP : BIOS.obj (.text:_ti_sysbios_knl_Semaphore_post__E)
                  00084406    00000083                   : BIOS.obj (.text:_ti_sysbios_family_c28_Hwi_disableInterrupt__E)
                  00084489    00000080                   : BIOS.obj (.text:_ti_sysbios_family_c28_Hwi_disablePIEIER__E)
                  00084509    0000007f                   : BIOS.obj (.text:_ti_sysbios_family_c28_Hwi_enablePIEIER__E)
                  00084588    0000007d     ti.targets.rts2800.a28FP : Startup.o28FP (.text:_xdc_runtime_Startup_startMods__I)
                  00084605    0000007b                              : Text.o28FP (.text:_xdc_runtime_Text_putSite__E)
                  00084680    00000072     sysbios.a28FP : BIOS.obj (.text:_ti_sysbios_gates_GateMutex_enter__E)
                  000846f2    00000066                   : BIOS.obj (.text:_ti_sysbios_family_c28_Timer_stopAndClear__I)
                  00084758    00000063     boot.a28FP : boot_cg.o28FP (.text)
                  000847bb    0000004c     sysbios.a28FP : BIOS.obj (.text:_ti_sysbios_family_c28_Hwi_dispatchCore__I)
                  00084807    0000004c     ti.targets.rts2800.a28FP : Text.o28FP (.text:_xdc_runtime_Text_putLab__E)
                  00084853    0000004b     sysbios.a28FP : BIOS.obj (.text:_ti_sysbios_knl_Clock_workFunc__E)
                  0008489e    0000004b                   : BIOS.obj (.text:_ti_sysbios_knl_Task_postInit__I)
                  000848e9    00000049     Boot.a28FP : Boot.o28FP (.text:.bootCodeSection:_ti_catalog_c2800_initF2837x_Boot_configurePllDivs)
                  00084932    00000049     sysbios.a28FP : BIOS.obj (.text:_ti_sysbios_knl_Mailbox_post__E)
                  0008497b    00000047                   : BIOS.obj (.text:_ti_sysbios_family_c28_Hwi_Module_startup__E)
                  000849c2    00000047     main.obj (.text)
                  00084a09    00000046     sysbios.a28FP : BIOS.obj (.text:_ti_sysbios_knl_Swi_run__I)
                  00084a4f    00000046     rts2800_fpu32.lib : cpy_tbl.obj (.text)
                  00084a95    00000043     sysbios.a28FP : BIOS.obj (.text:_ti_sysbios_family_c28_Timer_postInit__I)
                  00084ad8    00000043     ti.targets.rts2800.a28FP : Error.o28FP (.text:_xdc_runtime_Error_setX__E)
                  00084b1b    00000042     sysbios.a28FP : BIOS.obj (.text:_ti_sysbios_family_c28_Hwi_unPluggedInterrupt__I)
                  00084b5d    00000040     ti.targets.rts2800.a28FP : System.o28FP (.text:_xdc_runtime_System_formatNum__I)
                  00084b9d    0000003f                              : LoggerBuf.o28FP (.text:_xdc_runtime_LoggerBuf_setFilterLevel__E)
                  00084bdc    0000003e     sysbios.a28FP : BIOS.obj (.text:_ti_sysbios_knl_Mailbox_pend__E)
                  00084c1a    0000003e                   : BIOS.obj (.text:_ti_sysbios_knl_Swi_restoreHwi__E)
                  00084c58    0000003c     ti.targets.rts2800.a28FP : LoggerBuf.o28FP (.text:_xdc_runtime_LoggerBuf_getFilterLevel__E)
                  00084c94    0000003a     sysbios.a28FP : BIOS.obj (.text:_ti_sysbios_family_c28_TaskSupport_start__E)
                  00084cce    0000003a     ti.targets.rts2800.a28FP : Text.o28FP (.text:_xdc_runtime_Text_putMod__E)
                  00084d08    00000036                              : Error.o28FP (.text:_xdc_runtime_Error_print__E)
                  00084d3e    00000035     sysbios.a28FP : BIOS.obj (.text:_ti_sysbios_knl_Task_startCore__E)
                  00084d73    00000035     ti.targets.rts2800.a28FP : Startup.o28FP (.text:_xdc_runtime_Startup_exec__E)
                  00084da8    00000034     MotionControl_Firmware_CPU1_p28FP.o28FP (.text:_ti_sysbios_BIOS_rtsUnlock__I)
                  00084ddc    00000032     sysbios.a28FP : BIOS.obj (.text:_ti_sysbios_knl_Task_Module_startup__E)
                  00084e0e    00000032     ti.targets.rts2800.a28FP : Assert.o28FP (.text:_xdc_runtime_Assert_raise__I)
                  00084e40    0000002e     sysbios.a28FP : BIOS.obj (.text:_ti_sysbios_knl_Swi_runLoop__I)
                  00084e6e    0000002e                   : BIOS.obj (.text:_ti_sysbios_knl_Swi_schedule__I)
                  00084e9c    0000002e                   : BIOS.obj (.text:_ti_sysbios_knl_Task_schedule__I)
                  00084eca    0000002c                   : BIOS.obj (.text:_ti_sysbios_family_c28_Hwi_getStackInfo__E)
                  00084ef6    0000002c                   : BIOS.obj (.text:_ti_sysbios_family_c28_Timer_start__E)
                  00084f22    0000002b                   : BIOS.obj (.text:_ti_sysbios_knl_Mailbox_Module_startup__E)
                  00084f4d    0000002a     ti.targets.rts2800.a28FP : Text.o28FP (.text:_xdc_runtime_Text_xprintf__I)
                  00084f77    00000029     rts2800_fpu32.lib : exit.obj (.text)
                  00084fa0    00000028     ti.targets.rts2800.a28FP : SysMin.o28FP (.text:_xdc_runtime_SysMin_flush__E)
                  00084fc8    00000025     sysbios.a28FP : c28_TaskSupport_asm.obj (.text:_ti_sysbios_family_c28_TaskSupport_buildTaskStack)
                  00084fed    00000024                   : BIOS.obj (.text:_ti_sysbios_knl_Swi_post__E)
                  00085011    00000023     ti.targets.rts2800.a28FP : System.o28FP (.text:_xdc_runtime_System_processAtExit__E)
                  00085034    00000021     sysbios.a28FP : BIOS.obj (.text:_ti_sysbios_knl_Task_allBlockedFunction__I)
                  00085055    00000021     ti.targets.rts2800.a28FP : System.o28FP (.text:_xdc_runtime_System_atexit__E)
                  00085076    00000020     sysbios.a28FP : BIOS.obj (.text:_ti_sysbios_family_c28_Timer_setPrescale__E)
                  00085096    0000001f                   : BIOS.obj (.text:_ti_sysbios_knl_Task_exit__E)
                  000850b5    0000001e                   : BIOS.obj (.text:_ti_sysbios_knl_Task_blockI__E)
                  000850d3    0000001e     ti.targets.rts2800.a28FP : SysMin.o28FP (.text:_xdc_runtime_SysMin_putch__E)
                  000850f1    0000001e     rts2800_fpu32.lib : memcpy.obj (.text)
                  0008510f    0000001d     sysbios.a28FP : c28_TaskSupport_asm.obj (.text:_ti_sysbios_family_c28_TaskSupport_swap__E)
                  0008512c    0000001d     ti.targets.rts2800.a28FP : LoggerBuf.o28FP (.text:_xdc_runtime_LoggerBuf_filterOutEvent__I)
                  00085149    0000001c     sysbios.a28FP : BIOS.obj (.text:_ti_sysbios_hal_Hwi_checkStack)
                  00085165    0000001b                   : c28_Hwi_asm.obj (.text:_ti_sysbios_family_c28_Hwi_switchAndDispatch__I)
                  00085180    0000001b                   : BIOS.obj (.text:_ti_sysbios_hal_Hwi_initStack)
                  0008519b    0000001b                   : BIOS.obj (.text:_ti_sysbios_knl_Task_processVitalTaskFlag__I)
                  000851b6    0000001b     MotionControl_Firmware_CPU1_p28FP.o28FP (.text:_xdc_runtime_SysMin_output__I)
                  000851d1    0000001b     main.obj (.text:retain)
                  000851ec    0000001a     sysbios.a28FP : BIOS.obj (.text:_ti_sysbios_knl_Clock_addI__E)
                  00085206    0000001a     ti.targets.rts2800.a28FP : LoggerBuf.o28FP (.text:_xdc_runtime_LoggerBuf_Module_startup__E)
                  00085220    0000001a     rts2800_fpu32.lib : cpy_utils.obj (.text)
                  0008523a    00000019     MotionControl_Firmware_CPU1_p28FP.o28FP (.text:_ti_sysbios_family_c28_Hwi_Object__get__S)
                  00085253    00000019     sysbios.a28FP : BIOS.obj (.text:_ti_sysbios_knl_Mailbox_postInit__I)
                  0008526c    00000019     MotionControl_Firmware_CPU1_p28FP.o28FP (.text:_ti_sysbios_knl_Queue_Object__get__S)
                  00085285    00000019     sysbios.a28FP : BIOS.obj (.text:_ti_sysbios_knl_Swi_restore__E)
                  0008529e    00000019     ti.targets.rts2800.a28FP : System.o28FP (.text:_xdc_runtime_System_avprintf__E)
                  000852b7    00000019                              : System.o28FP (.text:_xdc_runtime_System_putchar__I)
                  000852d0    00000019     rts2800_fpu32.lib : args_main.obj (.text)
                  000852e9    00000018     sysbios.a28FP : c28_Hwi_asm.obj (.text:_ti_sysbios_family_xxx_Hwi_switchAndRunFunc)
                  00085301    00000018     ti.targets.rts2800.a28FP : LoggerBuf.o28FP (.text:_xdc_runtime_LoggerBuf_reset__E)
                  00085319    00000018                              : System.o28FP (.text:_xdc_runtime_System_vprintf__E)
                  00085331    00000018                              : Text.o28FP (.text:_xdc_runtime_Text_printVisFxn__I)
                  00085349    00000018     rts2800_fpu32.lib : ll_aox.obj (.text)
                  00085361    00000017     MotionControl_Firmware_CPU1_p28FP.o28FP (.text:_ti_sysbios_BIOS_atExitFunc__I)
                  00085378    00000017     sysbios.a28FP : BIOS.obj (.text:_ti_sysbios_family_c28_Timer_startup__E)
                  0008538f    00000017     MotionControl_Firmware_CPU1_p28FP.o28FP (.text:_ti_sysbios_knl_Clock_doTick__I)
                  000853a6    00000017     MotionControl_Firmware_CPU1_p28FP.o28FP (.text:_ti_sysbios_knl_Mailbox_Object__get__S)
                  000853bd    00000017     sysbios.a28FP : BIOS.obj (.text:_ti_sysbios_knl_Semaphore_pendTimeout__I)
                  000853d4    00000017     MotionControl_Firmware_CPU1_p28FP.o28FP (.text:_ti_sysbios_knl_Swi_Object__get__S)
                  000853eb    00000017     MotionControl_Firmware_CPU1_p28FP.o28FP (.text:_ti_sysbios_knl_Task_Object__get__S)
                  00085402    00000017     sysbios.a28FP : BIOS.obj (.text:_ti_sysbios_knl_Task_unblockI__E)
                  00085419    00000017     MotionControl_Firmware_CPU1_p28FP.o28FP (.text:_xdc_runtime_LoggerBuf_Object__get__S)
                  00085430    00000017     ti.targets.rts2800.a28FP : SysMin.o28FP (.text:_xdc_runtime_SysMin_abort__E)
                  00085447    00000016     sysbios.a28FP : BIOS.obj (.text:_ti_sysbios_family_c28_Timer_Module_startup__E)
                  0008545d    00000016                   : BIOS.obj (.text:_ti_sysbios_knl_Task_restore__E)
                  00085473    00000015     MotionControl_Firmware_CPU1_p28FP.o28FP (.text:_ti_sysbios_BIOS_startFunc__I)
                  00085488    00000015     sysbios.a28FP : BIOS.obj (.text:_ti_sysbios_knl_Swi_Module_startup__E)
                  0008549d    00000014                   : BIOS.obj (.text:_ti_sysbios_knl_Idle_run__E)
                  000854b1    00000013     MotionControl_Firmware_CPU1_p28FP.o28FP (.text:_ti_sysbios_BIOS_errorRaiseHook__I)
                  000854c4    00000012     MotionControl_Firmware_CPU1_p28FP.o28FP (.text:_ti_sysbios_family_c28_Hwi_disableIER__E)
                  000854d6    00000012     sysbios.a28FP : BIOS.obj (.text:_ti_sysbios_knl_Clock_Module_startup__E)
                  000854e8    00000011     ti.targets.rts2800.a28FP : Error.o28FP (.text:_xdc_runtime_Error_raiseX__E)
                  000854f9    00000010     MotionControl_Firmware_CPU1_p28FP.o28FP (.text:_ti_sysbios_BIOS_rtsLock__I)
                  00085509    00000010     MotionControl_Firmware_CPU1_p28FP.o28FP (.text:_ti_sysbios_family_c28_Hwi_enableIER__E)
                  00085519    00000010     sysbios.a28FP : BIOS.obj (.text:_ti_sysbios_family_c28_Timer_stop__E)
                  00085529    00000010                   : BIOS.obj (.text:_ti_sysbios_knl_Task_restoreHwi__E)
                  00085539    0000000f     ti.targets.rts2800.a28FP : LoggerBuf.o28FP (.text:_xdc_runtime_LoggerBuf_write2__E)
                  00085548    0000000e     sysbios.a28FP : BIOS.obj (.text:_ti_sysbios_family_c28_f2837x_TimestampProvider_get64__E)
                  00085556    0000000e     ti.targets.rts2800.a28FP : Registry.o28FP (.text:_xdc_runtime_Registry_findById__E)
                  00085564    0000000e                              : SysMin.o28FP (.text:_xdc_runtime_SysMin_Module_startup__E)
                  00085572    0000000d     MotionControl_Firmware_CPU1_p28FP.o28FP (.text:_ti_sysbios_BIOS_registerRTSLock__I)
                  0008557f    0000000d     MotionControl_Firmware_CPU1_p28FP.o28FP (.text:_ti_sysbios_BIOS_removeRTSLock__I)
                  0008558c    0000000d     sysbios.a28FP : BIOS.obj (.text:_ti_sysbios_family_c28_Hwi_dispatchC__I)
                  00085599    0000000d     MotionControl_Firmware_CPU1_p28FP.o28FP (.text:_ti_sysbios_family_c28_Hwi_restoreIER__E)
                  000855a6    0000000d     MotionControl_Firmware_CPU1_p28FP.o28FP (.text:_ti_sysbios_knl_Task_SupportProxy_start__E)
                  000855b3    0000000d     sysbios.a28FP : BIOS.obj (.text:_ti_sysbios_knl_Task_enter__I)
                  000855c0    0000000d     ti.targets.rts2800.a28FP : Error.o28FP (.text:_xdc_runtime_Error_check__E)
                  000855cd    0000000d                              : LoggerBuf.o28FP (.text:_xdc_runtime_LoggerBuf_write1__E)
                  000855da    0000000d                              : System.o28FP (.text:_xdc_runtime_System_abort__E)
                  000855e7    0000000c     MotionControl_Firmware_CPU1_p28FP.o28FP (.text:_ti_sysbios_BIOS_exitFunc__I)
                  000855f3    0000000c     sysbios.a28FP : BIOS.obj (.text:_ti_sysbios_gates_GateMutex_leave__E)
                  000855ff    0000000c                   : BIOS.obj (.text:_ti_sysbios_knl_Queue_get__E)
                  0008560b    0000000c                   : BIOS.obj (.text:_ti_sysbios_knl_Queue_put__E)
                  00085617    0000000c                   : BIOS.obj (.text:_ti_sysbios_knl_Task_enabled__E)
                  00085623    0000000c     MotionControl_Firmware_CPU1_p28FP.o28FP (.text:_xdc_runtime_System_aprintf__E)
                  0008562f    0000000c     MotionControl_Firmware_CPU1_p28FP.o28FP (.text:_xdc_runtime_System_printf__E)
                  0008563b    0000000c     ti.targets.rts2800.a28FP : Text.o28FP (.text:_xdc_runtime_Text_ropeText__E)
                  00085647    0000000c     rts2800_fpu32.lib : memset.obj (.text)
                  00085653    0000000b     MotionControl_Firmware_CPU1_p28FP.o28FP (.text:_ti_sysbios_family_c28_Hwi_Module__startupDone__F)
                  0008565e    0000000b     MotionControl_Firmware_CPU1_p28FP.o28FP (.text:_ti_sysbios_family_c28_Timer_Module__startupDone__F)
                  00085669    0000000b     sysbios.a28FP : BIOS.obj (.text:_ti_sysbios_knl_Task_sleepTimeout__I)
                  00085674    0000000b     ti.targets.rts2800.a28FP : LoggerBuf.o28FP (.text:_xdc_runtime_LoggerBuf_write0__E)
                  0008567f    0000000b     MotionControl_Firmware_CPU1_p28FP.o28FP (.text:_xdc_runtime_Startup_exec__I)
                  0008568a    0000000b     ti.targets.rts2800.a28FP : SysMin.o28FP (.text:_xdc_runtime_SysMin_exit__E)
                  00085695    0000000b                              : System.o28FP (.text:_xdc_runtime_System_exit__E)
                  000856a0    0000000a     MotionControl_Firmware_CPU1_p28FP.o28FP (.text:.bootCodeSection:_ti_catalog_c2800_initF2837x_Boot_init)
                  000856aa    00000009     sysbios.a28FP : BIOS.obj (.text:_ti_sysbios_family_c28_TaskSupport_checkStack__E)
                  000856b3    00000009                   : c28_TaskSupport_asm.obj (.text:_ti_sysbios_family_c28_TaskSupport_glue)
                  000856bc    00000009                   : BIOS.obj (.text:_ti_sysbios_hal_Hwi_Module_startup__E)
                  000856c5    00000009                   : BIOS.obj (.text:_ti_sysbios_knl_Task_unblock__E)
                  000856ce    00000009     ti.targets.rts2800.a28FP : System.o28FP (.text:_xdc_runtime_System_vsnprintf__E)
                  000856d7    00000009     MotionControl_Firmware_CPU1_p28FP.o28FP (.text:_xdc_runtime_Text_visitRope__I)
                  000856e0    00000009     rts2800_fpu32.lib : _lock.obj (.text)
                  000856e9    00000008     Boot.a28FP : Boot.o28FP (.text:.bootCodeSection:_ti_catalog_c2800_initF2837x_Boot_initSharedRAMs)
                  000856f1    00000008     sysbios.a28FP : BIOS.obj (.text:_ti_sysbios_BIOS_setThreadType__E)
                  000856f9    00000008     MotionControl_Firmware_CPU1_p28FP.o28FP (.text:_ti_sysbios_knl_Clock_Module_State_clockQ)
                  00085701    00000008     ti.targets.rts2800.a28FP : SysMin.o28FP (.text:_xdc_runtime_SysMin_ready__E)
                  00085709    00000008     rts2800_fpu32.lib : strlen.obj (.text)
                  00085711    00000007     MotionControl_Firmware_CPU1_p28FP.o28FP (.text:_ti_sysbios_BIOS_RtsGateProxy_leave__E)
                  00085718    00000007     MotionControl_Firmware_CPU1_p28FP.o28FP (.text:_ti_sysbios_hal_Hwi_HwiProxy_getStackInfo__E)
                  0008571f    00000007     sysbios.a28FP : BIOS.obj (.text:_ti_sysbios_knl_Queue_empty__E)
                  00085726    00000007     MotionControl_Firmware_CPU1_p28FP.o28FP (.text:_ti_sysbios_knl_Task_SupportProxy_checkStack__E)
                  0008572d    00000007     MotionControl_Firmware_CPU1_p28FP.o28FP (.text:_ti_sysbios_knl_Task_SupportProxy_swap__E)
                  00085734    00000007     ti.targets.rts2800.a28FP : Error.o28FP (.text:_xdc_runtime_Error_init__E)
                  0008573b    00000007     MotionControl_Firmware_CPU1_p28FP.o28FP (.text:_xdc_runtime_LoggerBuf_Module_GateProxy_leave__E)
                  00085742    00000007     MotionControl_Firmware_CPU1_p28FP.o28FP (.text:_xdc_runtime_System_Module_GateProxy_leave__E)
                  00085749    00000006     MotionControl_Firmware_CPU1_p28FP.o28FP (.text:_ti_sysbios_BIOS_RtsGateProxy_enter__E)
                  0008574f    00000006     sysbios.a28FP : BIOS.obj (.text:_ti_sysbios_BIOS_start__E)
                  00085755    00000006                   : c28_IntrinsicsSupport_asm.obj (.text:_ti_sysbios_family_c28_IntrinsicsSupport_maxbit__E)
                  0008575b    00000006     MotionControl_Firmware_CPU1_p28FP.o28FP (.text:_ti_sysbios_knl_Clock_TimerProxy_getMaxTicks__E)
                  00085761    00000006     sysbios.a28FP : BIOS.obj (.text:_ti_sysbios_knl_Swi_disable__E)
                  00085767    00000006                   : BIOS.obj (.text:_ti_sysbios_knl_Task_disable__E)
                  0008576d    00000006     ti.targets.rts2800.a28FP : Gate.o28FP (.text:_xdc_runtime_Gate_enterSystem__E)
                  00085773    00000006                              : Gate.o28FP (.text:_xdc_runtime_Gate_leaveSystem__E)
                  00085779    00000006     MotionControl_Firmware_CPU1_p28FP.o28FP (.text:_xdc_runtime_LoggerBuf_Module_GateProxy_enter__E)
                  0008577f    00000006     MotionControl_Firmware_CPU1_p28FP.o28FP (.text:_xdc_runtime_LoggerBuf_TimestampProxy_get64__E)
                  00085785    00000006     MotionControl_Firmware_CPU1_p28FP.o28FP (.text:_xdc_runtime_System_Module_GateProxy_enter__E)
                  0008578b    00000006     MotionControl_Firmware_CPU1_p28FP.o28FP (.text:_xdc_runtime_System_SupportProxy_abort__E)
                  00085791    00000006     MotionControl_Firmware_CPU1_p28FP.o28FP (.text:_xdc_runtime_System_SupportProxy_exit__E)
                  00085797    00000006     MotionControl_Firmware_CPU1_p28FP.o28FP (.text:_xdc_runtime_System_SupportProxy_putch__E)
                  0008579d    00000005     sysbios.a28FP : BIOS.obj (.text:_ti_sysbios_family_c28_Hwi_switchFromBootStack__E)
                  000857a2    00000005                   : BIOS.obj (.text:_ti_sysbios_gates_GateHwi_enter__E)
                  000857a7    00000005     MotionControl_Firmware_CPU1_p28FP.o28FP (.text:_xdc_iargToPtr)
                  000857ac    00000005     ti.targets.rts2800.a28FP : LoggerBuf.o28FP (.text:_xdc_runtime_LoggerBuf_enable__E)
                  000857b1    00000005     rts2800_fpu32.lib : strcpy.obj (.text)
                  000857b6    00000004     MotionControl_Firmware_CPU1_p28FP.o28FP (.text:_ti_sysbios_family_c28_Hwi_startup__E)
                  000857ba    00000004     sysbios.a28FP : BIOS.obj (.text:_ti_sysbios_knl_Swi_startup__E)
                  000857be    00000004     ti.targets.rts2800.a28FP : LoggerBuf.o28FP (.text:_xdc_runtime_LoggerBuf_disable__E)
                  000857c2    00000004                              : Startup.o28FP (.text:_xdc_runtime_Startup_rtsDone__E)
                  000857c6    00000003     MotionControl_Firmware_CPU1_p28FP.o28FP (.text:.bootCodeSection:_ti_catalog_c2800_initF2837x_Boot_limpAbort)
                  000857c9    00000003     F2837xD_DBGIER.obj (.text)
                  000857cc    00000003     ti.targets.rts2800.a28FP : xdc_noinit.o28FP (.text:___xdc__init)
                  000857cf    00000003     MotionControl_Firmware_CPU1_p28FP.o28FP (.text:_ti_sysbios_family_c28_Hwi_Module__startupDone__S)
                  000857d2    00000003     MotionControl_Firmware_CPU1_p28FP.o28FP (.text:_ti_sysbios_family_c28_Timer_Module__startupDone__S)
                  000857d5    00000003     sysbios.a28FP : BIOS.obj (.text:_ti_sysbios_gates_GateHwi_leave__E)
                  000857d8    00000003     MotionControl_Firmware_CPU1_p28FP.o28FP (.text:_ti_sysbios_hal_Hwi_HwiProxy_Module__startupDone__S)
                  000857db    00000003     MotionControl_Firmware_CPU1_p28FP.o28FP (.text:_ti_sysbios_hal_Hwi_HwiProxy_startup__E)
                  000857de    00000003     MotionControl_Firmware_CPU1_p28FP.o28FP (.text:_ti_sysbios_hal_Hwi_HwiProxy_switchFromBootStack__E)
                  000857e1    00000003     sysbios.a28FP : BIOS.obj (.text:_ti_sysbios_hal_Hwi_startup__E)
                  000857e4    00000003     MotionControl_Firmware_CPU1_p28FP.o28FP (.text:_ti_sysbios_knl_Clock_TimerProxy_Module__startupDone__S)
                  000857e7    00000003     sysbios.a28FP : BIOS.obj (.text:_ti_sysbios_knl_Idle_loop__E)
                  000857ea    00000003     MotionControl_Firmware_CPU1_p28FP.o28FP (.text:_ti_sysbios_knl_Task_SupportProxy_Module__startupDone__S)
                  000857ed    00000003     sysbios.a28FP : BIOS.obj (.text:_ti_sysbios_knl_Task_startup__E)
                  000857f0    00000003     MotionControl_Firmware_CPU1_p28FP.o28FP (.text:_xdc_runtime_Startup_reset__I)
                  000857f3    00000003     ti.targets.rts2800.a28FP : System.o28FP (.text:_xdc_runtime_System_Module_startup__E)
                  000857f6    00000003     MotionControl_Firmware_CPU1_p28FP.o28FP (.text:_xdc_runtime_System_SupportProxy_ready__E)
                  000857f9    00000003     ti.targets.rts2800.a28FP : System.o28FP (.text:_xdc_runtime_System_abortStd__E)
                  000857fc    00000003                              : System.o28FP (.text:_xdc_runtime_System_exitStd__E)
                  000857ff    00000002     sysbios.a28FP : BIOS.obj (.text:_ti_sysbios_family_c28_Timer_getMaxTicks__E)
                  00085801    00000002                   : BIOS.obj (.text:_ti_sysbios_gates_GateHwi_query__E)
                  00085803    00000002                   : BIOS.obj (.text:_ti_sysbios_gates_GateMutex_query__E)
                  00085805    00000002     ti.targets.rts2800.a28FP : Error.o28FP (.text:_xdc_runtime_Error_getSite__E)
                  00085807    00000001     Boot.a28FP : Boot.o28FP (.text:_ti_catalog_c2800_initF2837x_Boot_defaultLimpAbortFunction)
                  00085808    00000001     sysbios.a28FP : BIOS.obj (.text:_ti_sysbios_BIOS_linkedWithIncorrectBootLibrary__E)
                  00085809    00000001     MotionControl_Firmware_CPU1_p28FP.o28FP (.text:_ti_sysbios_BIOS_nullFunc__I)
                  0008580a    00000001     sysbios.a28FP : c28_Hwi_asm.obj (.text:_ti_sysbios_family_c28_Hwi_interruptReturn__I)
                  0008580b    00000001                   : BIOS.obj (.text:_ti_sysbios_knl_Clock_logTick__E)

.econst    1    00088000    000004e4     
                  00088000    000001c0     MotionControl_Firmware_CPU1_p28FP.o28FP (.econst:_ti_sysbios_family_c28_Hwi_vectors)
                  000881c0    000000b6     MotionControl_Firmware_CPU1_p28FP.o28FP (.econst:.string)
                  00088276    00000058     ti.targets.rts2800.a28FP : Error.o28FP (.econst:.string)
                  000882ce    00000047                              : Log.o28FP (.econst:.string)
                  00088315    00000001     MotionControl_Firmware_CPU1_p28FP.o28FP (.econst:ti_sysbios_family_c28_Hwi_Module__id__C)
                  00088316    00000043     ti.targets.rts2800.a28FP : Text.o28FP (.econst:.string)
                  00088359    00000001     MotionControl_Firmware_CPU1_p28FP.o28FP (.econst:ti_sysbios_family_c28_Hwi_NUM_INTERRUPTS_ALL__C)
                  0008835a    0000002a     ti.targets.rts2800.a28FP : Startup.o28FP (.econst:.string)
                  00088384    00000022     main.obj (.econst:.string)
                  000883a6    0000001e     MotionControl_Firmware_CPU1_p28FP.o28FP (.econst:xdc_runtime_LoggerBuf_Module__FXNS__C)
                  000883c4    00000014     MotionControl_Firmware_CPU1_p28FP.o28FP (.econst:xdc_runtime_Startup_sfxnTab__A)
                  000883d8    00000012     MotionControl_Firmware_CPU1_p28FP.o28FP (.econst:ti_sysbios_gates_GateHwi_Module__FXNS__C)
                  000883ea    00000012     MotionControl_Firmware_CPU1_p28FP.o28FP (.econst:ti_sysbios_gates_GateMutex_Module__FXNS__C)
                  000883fc    00000011     ti.targets.rts2800.a28FP : System.o28FP (.econst:_digtohex)
                  0008840d    0000000a     MotionControl_Firmware_CPU1_p28FP.o28FP (.econst:xdc_runtime_Startup_sfxnRts__A)
                  00088417    00000001     MotionControl_Firmware_CPU1_p28FP.o28FP (.econst:ti_sysbios_family_c28_Hwi_Object__count__C)
                  00088418    00000007     ti.targets.rts2800.a28FP : System.o28FP (.econst:.string)
                  0008841f    00000001     MotionControl_Firmware_CPU1_p28FP.o28FP (.econst:ti_sysbios_family_c28_TaskSupport_Module__id__C)
                  00088420    00000005     ti.targets.rts2800.a28FP : Assert.o28FP (.econst:.string)
                  00088425    00000001     MotionControl_Firmware_CPU1_p28FP.o28FP (.econst:ti_sysbios_family_c28_Timer_startupNeeded__C)
                  00088426    00000004     MotionControl_Firmware_CPU1_p28FP.o28FP (.econst:ti_sysbios_knl_Idle_funcList__C)
                  0008842a    00000004     MotionControl_Firmware_CPU1_p28FP.o28FP (.econst:xdc_runtime_Startup_firstFxns__A)
                  0008842e    00000004     MotionControl_Firmware_CPU1_p28FP.o28FP (.econst:xdc_runtime_Startup_firstFxns__C)
                  00088432    00000004     MotionControl_Firmware_CPU1_p28FP.o28FP (.econst:xdc_runtime_Startup_lastFxns__C)
                  00088436    00000002     MotionControl_Firmware_CPU1_p28FP.o28FP (.econst)
                  00088438    00000002     MotionControl_Firmware_CPU1_p28FP.o28FP (.econst:ti_sysbios_BIOS_installedErrorHook__C)
                  0008843a    00000002     MotionControl_Firmware_CPU1_p28FP.o28FP (.econst:ti_sysbios_family_c28_Hwi_A_badIntNum__C)
                  0008843c    00000002     MotionControl_Firmware_CPU1_p28FP.o28FP (.econst:ti_sysbios_family_c28_Hwi_A_invalidArg__C)
                  0008843e    00000002     MotionControl_Firmware_CPU1_p28FP.o28FP (.econst:ti_sysbios_family_c28_Hwi_E_unpluggedInterrupt__C)
                  00088440    00000002     MotionControl_Firmware_CPU1_p28FP.o28FP (.econst:ti_sysbios_family_c28_Hwi_Module__diagsEnabled__C)
                  00088442    00000002     MotionControl_Firmware_CPU1_p28FP.o28FP (.econst:ti_sysbios_family_c28_Hwi_Module__diagsIncluded__C)
                  00088444    00000002     MotionControl_Firmware_CPU1_p28FP.o28FP (.econst:ti_sysbios_family_c28_Hwi_Module__diagsMask__C)
                  00088446    00000002     MotionControl_Firmware_CPU1_p28FP.o28FP (.econst:ti_sysbios_family_c28_Hwi_Object__table__C)
                  00088448    00000002     MotionControl_Firmware_CPU1_p28FP.o28FP (.econst:ti_sysbios_family_c28_TaskSupport_E_invalidStack__C)
                  0008844a    00000002     MotionControl_Firmware_CPU1_p28FP.o28FP (.econst:ti_sysbios_gates_GateMutex_A_badContext__C)
                  0008844c    00000002     MotionControl_Firmware_CPU1_p28FP.o28FP (.econst:ti_sysbios_gates_GateMutex_Instance_State_sem__O)
                  0008844e    00000002     MotionControl_Firmware_CPU1_p28FP.o28FP (.econst:ti_sysbios_gates_GateMutex_Module__diagsEnabled__C)
                  00088450    00000002     MotionControl_Firmware_CPU1_p28FP.o28FP (.econst:ti_sysbios_gates_GateMutex_Module__diagsIncluded__C)
                  00088452    00000002     MotionControl_Firmware_CPU1_p28FP.o28FP (.econst:ti_sysbios_gates_GateMutex_Module__diagsMask__C)
                  00088454    00000002     MotionControl_Firmware_CPU1_p28FP.o28FP (.econst:ti_sysbios_hal_Hwi_E_stackOverflow__C)
                  00088456    00000002     MotionControl_Firmware_CPU1_p28FP.o28FP (.econst:ti_sysbios_knl_Clock_Module_State_clockQ__O)
                  00088458    00000002     MotionControl_Firmware_CPU1_p28FP.o28FP (.econst:ti_sysbios_knl_Idle_funcList__A)
                  0008845a    00000002     MotionControl_Firmware_CPU1_p28FP.o28FP (.econst:ti_sysbios_knl_Mailbox_Instance_State_dataQue__O)
                  0008845c    00000002     MotionControl_Firmware_CPU1_p28FP.o28FP (.econst:ti_sysbios_knl_Mailbox_Instance_State_dataSem__O)
                  0008845e    00000002     MotionControl_Firmware_CPU1_p28FP.o28FP (.econst:ti_sysbios_knl_Mailbox_Instance_State_freeQue__O)
                  00088460    00000002     MotionControl_Firmware_CPU1_p28FP.o28FP (.econst:ti_sysbios_knl_Mailbox_Instance_State_freeSem__O)
                  00088462    00000002     MotionControl_Firmware_CPU1_p28FP.o28FP (.econst:ti_sysbios_knl_Mailbox_Object__table__C)
                  00088464    00000002     MotionControl_Firmware_CPU1_p28FP.o28FP (.econst:ti_sysbios_knl_Queue_Object__table__C)
                  00088466    00000002     MotionControl_Firmware_CPU1_p28FP.o28FP (.econst:ti_sysbios_knl_Semaphore_A_badContext__C)
                  00088468    00000002     MotionControl_Firmware_CPU1_p28FP.o28FP (.econst:ti_sysbios_knl_Semaphore_A_overflow__C)
                  0008846a    00000002     MotionControl_Firmware_CPU1_p28FP.o28FP (.econst:ti_sysbios_knl_Semaphore_A_pendTaskDisabled__C)
                  0008846c    00000002     MotionControl_Firmware_CPU1_p28FP.o28FP (.econst:ti_sysbios_knl_Semaphore_Instance_State_pendQ__O)
                  0008846e    00000002     MotionControl_Firmware_CPU1_p28FP.o28FP (.econst:ti_sysbios_knl_Semaphore_Module__diagsEnabled__C)
                  00088470    00000002     MotionControl_Firmware_CPU1_p28FP.o28FP (.econst:ti_sysbios_knl_Semaphore_Module__diagsIncluded__C)
                  00088472    00000002     MotionControl_Firmware_CPU1_p28FP.o28FP (.econst:ti_sysbios_knl_Semaphore_Module__diagsMask__C)
                  00088474    00000002     MotionControl_Firmware_CPU1_p28FP.o28FP (.econst:ti_sysbios_knl_Swi_Object__table__C)
                  00088476    00000002     MotionControl_Firmware_CPU1_p28FP.o28FP (.econst:ti_sysbios_knl_Task_A_badTimeout__C)
                  00088478    00000002     MotionControl_Firmware_CPU1_p28FP.o28FP (.econst:ti_sysbios_knl_Task_A_sleepTaskDisabled__C)
                  0008847a    00000002     MotionControl_Firmware_CPU1_p28FP.o28FP (.econst:ti_sysbios_knl_Task_E_spOutOfBounds__C)
                  0008847c    00000002     MotionControl_Firmware_CPU1_p28FP.o28FP (.econst:ti_sysbios_knl_Task_E_stackOverflow__C)
                  0008847e    00000002     MotionControl_Firmware_CPU1_p28FP.o28FP (.econst:ti_sysbios_knl_Task_Module_State_inactiveQ__O)
                  00088480    00000002     MotionControl_Firmware_CPU1_p28FP.o28FP (.econst:ti_sysbios_knl_Task_Module__diagsEnabled__C)
                  00088482    00000002     MotionControl_Firmware_CPU1_p28FP.o28FP (.econst:ti_sysbios_knl_Task_Module__diagsIncluded__C)
                  00088484    00000002     MotionControl_Firmware_CPU1_p28FP.o28FP (.econst:ti_sysbios_knl_Task_Module__diagsMask__C)
                  00088486    00000002     MotionControl_Firmware_CPU1_p28FP.o28FP (.econst:ti_sysbios_knl_Task_Object__table__C)
                  00088488    00000002     MotionControl_Firmware_CPU1_p28FP.o28FP (.econst:ti_sysbios_knl_Task_allBlockedFunc__C)
                  0008848a    00000002     MotionControl_Firmware_CPU1_p28FP.o28FP (.econst:xdc_runtime_Assert_E_assertFailed__C)
                  0008848c    00000002     MotionControl_Firmware_CPU1_p28FP.o28FP (.econst:xdc_runtime_Error_Module__diagsEnabled__C)
                  0008848e    00000002     MotionControl_Firmware_CPU1_p28FP.o28FP (.econst:xdc_runtime_Error_Module__diagsIncluded__C)
                  00088490    00000002     MotionControl_Firmware_CPU1_p28FP.o28FP (.econst:xdc_runtime_Error_Module__diagsMask__C)
                  00088492    00000002     MotionControl_Firmware_CPU1_p28FP.o28FP (.econst:xdc_runtime_Error_Module__loggerFxn8__C)
                  00088494    00000002     MotionControl_Firmware_CPU1_p28FP.o28FP (.econst:xdc_runtime_Error_Module__loggerObj__C)
                  00088496    00000002     MotionControl_Firmware_CPU1_p28FP.o28FP (.econst:xdc_runtime_Error_policyFxn__C)
                  00088498    00000002     MotionControl_Firmware_CPU1_p28FP.o28FP (.econst:xdc_runtime_Error_raiseHook__C)
                  0008849a    00000002     MotionControl_Firmware_CPU1_p28FP.o28FP (.econst:xdc_runtime_IFilterLogger_Interface__BASE__C)
                  0008849c    00000002     MotionControl_Firmware_CPU1_p28FP.o28FP (.econst:xdc_runtime_IGateProvider_Interface__BASE__C)
                  0008849e    00000002     MotionControl_Firmware_CPU1_p28FP.o28FP (.econst:xdc_runtime_ILogger_Interface__BASE__C)
                  000884a0    00000002     MotionControl_Firmware_CPU1_p28FP.o28FP (.econst:xdc_runtime_IModule_Interface__BASE__C)
                  000884a2    00000002     MotionControl_Firmware_CPU1_p28FP.o28FP (.econst:xdc_runtime_Log_L_error__C)
                  000884a4    00000002     MotionControl_Firmware_CPU1_p28FP.o28FP (.econst:xdc_runtime_LoggerBuf_E_badLevel__C)
                  000884a6    00000002     MotionControl_Firmware_CPU1_p28FP.o28FP (.econst:xdc_runtime_LoggerBuf_Module__gateObj__C)
                  000884a8    00000002     MotionControl_Firmware_CPU1_p28FP.o28FP (.econst:xdc_runtime_LoggerBuf_Object__table__C)
                  000884aa    00000002     MotionControl_Firmware_CPU1_p28FP.o28FP (.econst:xdc_runtime_LoggerBuf_statusLogger__C)
                  000884ac    00000002     MotionControl_Firmware_CPU1_p28FP.o28FP (.econst:xdc_runtime_Main_Module__diagsEnabled__C)
                  000884ae    00000002     MotionControl_Firmware_CPU1_p28FP.o28FP (.econst:xdc_runtime_Main_Module__diagsIncluded__C)
                  000884b0    00000002     MotionControl_Firmware_CPU1_p28FP.o28FP (.econst:xdc_runtime_Main_Module__diagsMask__C)
                  000884b2    00000002     MotionControl_Firmware_CPU1_p28FP.o28FP (.econst:xdc_runtime_Startup_execImpl__C)
                  000884b4    00000002     MotionControl_Firmware_CPU1_p28FP.o28FP (.econst:xdc_runtime_Startup_sfxnRts__C)
                  000884b6    00000002     MotionControl_Firmware_CPU1_p28FP.o28FP (.econst:xdc_runtime_Startup_sfxnTab__C)
                  000884b8    00000002     MotionControl_Firmware_CPU1_p28FP.o28FP (.econst:xdc_runtime_Startup_startModsFxn__C)
                  000884ba    00000002     MotionControl_Firmware_CPU1_p28FP.o28FP (.econst:xdc_runtime_SysMin_bufSize__C)
                  000884bc    00000002     MotionControl_Firmware_CPU1_p28FP.o28FP (.econst:xdc_runtime_SysMin_outputFunc__C)
                  000884be    00000002     MotionControl_Firmware_CPU1_p28FP.o28FP (.econst:xdc_runtime_System_Module__gateObj__C)
                  000884c0    00000002     MotionControl_Firmware_CPU1_p28FP.o28FP (.econst:xdc_runtime_System_abortFxn__C)
                  000884c2    00000002     MotionControl_Firmware_CPU1_p28FP.o28FP (.econst:xdc_runtime_System_exitFxn__C)
                  000884c4    00000002     MotionControl_Firmware_CPU1_p28FP.o28FP (.econst:xdc_runtime_System_extendFxn__C)
                  000884c6    00000002     MotionControl_Firmware_CPU1_p28FP.o28FP (.econst:xdc_runtime_Text_charTab__C)
                  000884c8    00000002     MotionControl_Firmware_CPU1_p28FP.o28FP (.econst:xdc_runtime_Text_nodeTab__A)
                  000884ca    00000002     MotionControl_Firmware_CPU1_p28FP.o28FP (.econst:xdc_runtime_Text_visitRopeFxn__C)
                  000884cc    00000001     MotionControl_Firmware_CPU1_p28FP.o28FP (.econst:ti_sysbios_gates_GateMutex_Module__id__C)
                  000884cd    00000001     MotionControl_Firmware_CPU1_p28FP.o28FP (.econst:ti_sysbios_hal_Hwi_Module__id__C)
                  000884ce    00000001     MotionControl_Firmware_CPU1_p28FP.o28FP (.econst:ti_sysbios_knl_Mailbox_Object__count__C)
                  000884cf    00000001     MotionControl_Firmware_CPU1_p28FP.o28FP (.econst:ti_sysbios_knl_Mailbox_maxTypeAlign__C)
                  000884d0    00000001     MotionControl_Firmware_CPU1_p28FP.o28FP (.econst:ti_sysbios_knl_Queue_Object__count__C)
                  000884d1    00000001     MotionControl_Firmware_CPU1_p28FP.o28FP (.econst:ti_sysbios_knl_Semaphore_Module__id__C)
                  000884d2    00000001     MotionControl_Firmware_CPU1_p28FP.o28FP (.econst:ti_sysbios_knl_Swi_Object__count__C)
                  000884d3    00000001     MotionControl_Firmware_CPU1_p28FP.o28FP (.econst:ti_sysbios_knl_Task_Module__id__C)
                  000884d4    00000001     MotionControl_Firmware_CPU1_p28FP.o28FP (.econst:ti_sysbios_knl_Task_Object__count__C)
                  000884d5    00000001     MotionControl_Firmware_CPU1_p28FP.o28FP (.econst:ti_sysbios_knl_Task_numConstructedTasks__C)
                  000884d6    00000001     MotionControl_Firmware_CPU1_p28FP.o28FP (.econst:xdc_runtime_Error_Module__loggerDefined__C)
                  000884d7    00000001     MotionControl_Firmware_CPU1_p28FP.o28FP (.econst:xdc_runtime_Error_maxDepth__C)
                  000884d8    00000001     MotionControl_Firmware_CPU1_p28FP.o28FP (.econst:xdc_runtime_Error_policy__C)
                  000884d9    00000001     MotionControl_Firmware_CPU1_p28FP.o28FP (.econst:xdc_runtime_LoggerBuf_Module__id__C)
                  000884da    00000001     MotionControl_Firmware_CPU1_p28FP.o28FP (.econst:xdc_runtime_LoggerBuf_Object__count__C)
                  000884db    00000001     MotionControl_Firmware_CPU1_p28FP.o28FP (.econst:xdc_runtime_LoggerBuf_filterByLevel__C)
                  000884dc    00000001     MotionControl_Firmware_CPU1_p28FP.o28FP (.econst:xdc_runtime_Main_Module__id__C)
                  000884dd    00000001     MotionControl_Firmware_CPU1_p28FP.o28FP (.econst:xdc_runtime_Startup_maxPasses__C)
                  000884de    00000001     MotionControl_Firmware_CPU1_p28FP.o28FP (.econst:xdc_runtime_SysMin_flushAtExit__C)
                  000884df    00000001     MotionControl_Firmware_CPU1_p28FP.o28FP (.econst:xdc_runtime_System_maxAtexitHandlers__C)
                  000884e0    00000001     MotionControl_Firmware_CPU1_p28FP.o28FP (.econst:xdc_runtime_Text_charTab__A)
                  000884e1    00000001     MotionControl_Firmware_CPU1_p28FP.o28FP (.econst:xdc_runtime_Text_isLoaded__C)
                  000884e2    00000001     MotionControl_Firmware_CPU1_p28FP.o28FP (.econst:xdc_runtime_Text_registryModsLastId__C)
                  000884e3    00000001     MotionControl_Firmware_CPU1_p28FP.o28FP (.econst:xdc_runtime_Text_unnamedModsLastId__C)

MODULE SUMMARY

       Module                                    code    ro data   rw data
       ------                                    ----    -------   -------
    ./Library/F2837xD_common/source/
       F2837xD_DefaultISR.obj                    1413    0         0      
       F2837xD_SysCtrl.obj                       949     0         0      
       F2837xD_Gpio.obj                          580     0         0      
       F2837xD_struct.obj                        0       0         264    
       F2837xD_Adc.obj                           221     0         0      
       F2837xD_TempSensorConv.obj                194     0         6      
       F2837xD_Ipc_Driver.obj                    0       0         136    
       F2837xD_CpuTimers.obj                     0       0         24     
       F2837xD_usDelay.obj                       8       0         0      
       F2837xD_sci_io.obj                        0       0         5      
       F2837xD_DBGIER.obj                        3       0         0      
    +--+-----------------------------------------+-------+---------+---------+
       Total:                                    3368    0         435    
                                                                          
    ./Library/F2837xD_headers/source/
       F2837xD_GlobalVariableDefs.obj            0       0         7597   
    +--+-----------------------------------------+-------+---------+---------+
       Total:                                    0       0         7597   
                                                                          
    ./Source/src/
       CPU1_CLA1_task.obj                        656     0         0      
       SystemInit.obj                            537     0         0      
       main.obj                                  198     0         44     
       CPU1_CLA1_interrupt.obj                   179     0         47     
    +--+-----------------------------------------+-------+---------+---------+
       Total:                                    1570    0         91     
                                                                          
    /home/yifan/git/MotionControlFirmware_TI_C2000/MotionControl_Firmware_CPU1/Debug/configPkg/package/cfg/
       MotionControl_Firmware_CPU1_p28FP.o28FP   904     0         3968   
    +--+-----------------------------------------+-------+---------+---------+
       Total:                                    904     0         3968   
                                                                          
    /home/yifan/TI_CCS/V6.2.0/ccsv6/tools/compiler/c2000_15.12.3.LTS/lib/rts2800_fpu32.lib
       trgdrv.obj                                636     0         8      
       trgmsg.obj                                148     0         288    
       ll_div.obj                                263     0         0      
       fs_div.obj                                136     0         0      
       cpy_tbl.obj                               70      0         0      
       exit.obj                                  41      0         20     
       memcpy.obj                                30      0         0      
       cpy_utils.obj                             26      0         0      
       args_main.obj                             25      0         0      
       ll_aox.obj                                24      0         0      
       _lock.obj                                 9       0         14     
       memset.obj                                12      0         0      
       strlen.obj                                8       0         0      
       strcpy.obj                                5       0         0      
    +--+-----------------------------------------+-------+---------+---------+
       Total:                                    1433    0         330    
                                                                          
    /home/yifan/git/MotionControlFirmware_TI_C2000/MotionControl_Firmware_CPU1/src/sysbios/sysbios.a28FP
       BIOS.obj                                  3742    0         28     
       c28_Hwi_disp_asm.obj                      155     0         0      
       c28_TaskSupport_asm.obj                   75      0         0      
       c28_Hwi_asm.obj                           52      0         0      
       c28_IntrinsicsSupport_asm.obj             6       0         0      
    +--+-----------------------------------------+-------+---------+---------+
       Total:                                    4030    0         28     
                                                                          
    /home/yifan/ti/bios_6_46_04_53/packages/ti/catalog/c2800/initF2837x/lib/Boot.a28FP
       Boot.o28FP                                82      0         0      
       Boot_asm.o28FP                            2       0         0      
    +--+-----------------------------------------+-------+---------+---------+
       Total:                                    84      0         0      
                                                                          
    /home/yifan/ti/bios_6_46_04_53/packages/ti/targets/rts2800/lib/boot.a28FP
       boot_cg.o28FP                             99      0         0      
    +--+-----------------------------------------+-------+---------+---------+
       Total:                                    99      0         0      
                                                                          
    /home/yifan/ti/bios_6_46_04_53/packages/ti/targets/rts2800/lib/ti.targets.rts2800.a28FP
       System.o28FP                              855     0         24     
       LoggerBuf.o28FP                           622     0         0      
       Error.o28FP                               325     0         88     
[...]
1     000852e9  _ti_sysbios_family_xxx_Hwi_switchAndRunFunc               
1     00085301  _LoggerBuf_instanceStartup                                
1     00085301  _xdc_runtime_LoggerBuf_reset__E                           
1     00085319  _xdc_runtime_System_printf_va__F                          
1     00085319  _xdc_runtime_System_vprintf__E                            
1     00085331  _xdc_runtime_Text_printVisFxn__I                          
1     00085349  LL$$AND                                                   
1     00085351  LL$$OR                                                    
1     00085359  LL$$XOR                                                   
1     00085361  _ti_sysbios_BIOS_atExitFunc__I                            
1     00085378  _ti_sysbios_family_c28_Timer_startup__E                   
1     0008538f  _ti_sysbios_knl_Clock_doTick__I                           
1     000853a6  _ti_sysbios_knl_Mailbox_Object__get__S                    
1     000853bd  _ti_sysbios_knl_Semaphore_pendTimeout__I                  
1     000853d4  _ti_sysbios_knl_Swi_Object__get__S                        
1     000853eb  _ti_sysbios_knl_Task_Object__get__S                       
1     00085402  _ti_sysbios_knl_Task_unblockI__E                          
1     00085419  _xdc_runtime_LoggerBuf_Object__get__S                     
1     00085430  _xdc_runtime_SysMin_abort__E                              
1     00085447  _ti_sysbios_family_c28_Timer_Module_startup__E            
1     0008545d  _ti_sysbios_knl_Task_restore__E                           
1     00085473  _ti_sysbios_BIOS_startFunc__I                             
1     00085488  _ti_sysbios_knl_Swi_Module_startup__E                     
1     0008549d  _ti_sysbios_knl_Idle_run__E                               
1     000854b1  _ti_sysbios_BIOS_errorRaiseHook__I                        
1     000854c4  _ti_sysbios_family_c28_Hwi_disableIER__E                  
1     000854d6  _ti_sysbios_knl_Clock_Module_startup__E                   
1     000854e8  _xdc_runtime_Error_raiseX__E                              
1     000854f9  _ti_sysbios_BIOS_rtsLock__I                               
1     00085509  _ti_sysbios_family_c28_Hwi_enableIER__E                   
1     00085519  _ti_sysbios_family_c28_Timer_stop__E                      
1     00085529  _ti_sysbios_knl_Task_restoreHwi__E                        
1     00085539  _xdc_runtime_LoggerBuf_write2__E                          
1     00085548  _ti_sysbios_family_c28_f2837x_TimestampProvider_get64__E  
1     00085556  _xdc_runtime_Registry_findById__E                         
1     00085564  _xdc_runtime_SysMin_Module_startup__E                     
1     00085572  _ti_sysbios_BIOS_registerRTSLock__I                       
1     0008557f  _ti_sysbios_BIOS_removeRTSLock__I                         
1     0008558c  _ti_sysbios_family_c28_Hwi_dispatchC__I                   
1     00085599  _ti_sysbios_family_c28_Hwi_restoreIER__E                  
1     000855a6  _ti_sysbios_knl_Task_SupportProxy_start__E                
1     000855b3  _ti_sysbios_knl_Task_enter__I                             
1     000855c0  _xdc_runtime_Error_check__E                               
1     000855cd  _xdc_runtime_LoggerBuf_write1__E                          
1     000855da  _xdc_runtime_System_abort__E                              
1     000855e7  _ti_sysbios_BIOS_exitFunc__I                              
1     000855f3  _ti_sysbios_gates_GateMutex_leave__E                      
1     000855ff  _ti_sysbios_knl_Queue_get__E                              
1     0008560b  _ti_sysbios_knl_Queue_put__E                              
1     00085617  _ti_sysbios_knl_Task_enabled__E                           
1     00085623  _xdc_runtime_System_aprintf__E                            
1     0008562f  _xdc_runtime_System_printf__E                             
1     0008563b  _xdc_runtime_Text_ropeText__E                             
1     00085647  _memset                                                   
1     00085653  _ti_sysbios_family_c28_Hwi_Module__startupDone__F         
1     0008565e  _ti_sysbios_family_c28_Timer_Module__startupDone__F       
1     00085669  _ti_sysbios_knl_Task_sleepTimeout__I                      
1     00085674  _xdc_runtime_LoggerBuf_write0__E                          
1     0008567f  _xdc_runtime_Startup_exec__I                              
1     0008568a  _xdc_runtime_SysMin_exit__E                               
1     00085695  _xdc_runtime_System_exit__E                               
1     000856a0  _ti_catalog_c2800_initF2837x_Boot_init                    
1     000856aa  _ti_sysbios_family_c28_TaskSupport_checkStack__E          
1     000856b3  _ti_sysbios_family_c28_TaskSupport_glue                   
1     000856bc  _ti_sysbios_hal_Hwi_Module_startup__E                     
1     000856c5  _ti_sysbios_knl_Task_unblock__E                           
1     000856ce  _xdc_runtime_System_snprintf_va__F                        
1     000856ce  _xdc_runtime_System_vsnprintf__E                          
1     000856d7  _xdc_runtime_Text_visitRope__I                            
1     000856e0  __register_unlock                                         
1     000856e4  __register_lock                                           
1     000856e8  __nop                                                     
1     000856e9  _ti_catalog_c2800_initF2837x_Boot_initSharedRAMs          
1     000856f1  _ti_sysbios_BIOS_setThreadType__E                         
1     00085701  _xdc_runtime_SysMin_ready__E                              
1     00085709  _strlen                                                   
1     00085711  _ti_sysbios_BIOS_RtsGateProxy_leave__E                    
1     00085718  _ti_sysbios_hal_Hwi_HwiProxy_getStackInfo__E              
1     0008571f  _ti_sysbios_knl_Queue_empty__E                            
1     00085726  _ti_sysbios_knl_Task_SupportProxy_checkStack__E           
1     0008572d  _ti_sysbios_knl_Task_SupportProxy_swap__E                 
1     00085734  _xdc_runtime_Error_init__E                                
1     0008573b  _xdc_runtime_LoggerBuf_Module_GateProxy_leave__E          
1     00085742  _xdc_runtime_System_Module_GateProxy_leave__E             
1     00085749  _ti_sysbios_BIOS_RtsGateProxy_enter__E                    
1     0008574f  _ti_sysbios_BIOS_start__E                                 
1     00085755  _ti_sysbios_family_c28_IntrinsicsSupport_maxbit__E        
1     0008575b  _ti_sysbios_knl_Clock_TimerProxy_getMaxTicks__E           
1     00085761  _ti_sysbios_knl_Swi_disable__E                            
1     00085767  _ti_sysbios_knl_Task_disable__E                           
1     0008576d  _xdc_runtime_Gate_enterSystem__E                          
1     00085773  _xdc_runtime_Gate_leaveSystem__E                          
1     00085779  _xdc_runtime_LoggerBuf_Module_GateProxy_enter__E          
1     0008577f  _xdc_runtime_LoggerBuf_TimestampProxy_get64__E            
1     00085785  _xdc_runtime_System_Module_GateProxy_enter__E             
1     0008578b  _xdc_runtime_System_SupportProxy_abort__E                 
1     00085791  _xdc_runtime_System_SupportProxy_exit__E                  
1     00085797  _xdc_runtime_System_SupportProxy_putch__E                 
1     0008579d  _ti_sysbios_family_c28_Hwi_switchFromBootStack__E         
1     000857a2  _ti_sysbios_gates_GateHwi_enter__E                        
1     000857ac  _xdc_runtime_LoggerBuf_enable__E                          
1     000857b1  _strcpy                                                   
1     000857b6  _ti_sysbios_family_c28_Hwi_startup__E                     
1     000857ba  _ti_sysbios_knl_Swi_startup__E                            
1     000857be  _xdc_runtime_LoggerBuf_disable__E                         
1     000857c2  _xdc_runtime_Startup_rtsDone__E                           
1     000857c6  _ti_catalog_c2800_initF2837x_Boot_limpAbort               
1     000857c9  _SetDBGIER                                                
1     000857cc  ___xdc__init                                              
1     000857cf  _ti_sysbios_family_c28_Hwi_Module__startupDone__S         
1     000857d2  _ti_sysbios_family_c28_Timer_Module__startupDone__S       
1     000857d5  _ti_sysbios_gates_GateHwi_leave__E                        
1     000857d8  _ti_sysbios_hal_Hwi_HwiProxy_Module__startupDone__S       
1     000857db  _ti_sysbios_hal_Hwi_HwiProxy_startup__E                   
1     000857de  _ti_sysbios_hal_Hwi_HwiProxy_switchFromBootStack__E       
1     000857e1  _ti_sysbios_hal_Hwi_startup__E                            
1     000857e4  _ti_sysbios_knl_Clock_TimerProxy_Module__startupDone__S   
1     000857e7  _ti_sysbios_knl_Idle_loop__E                              
1     000857ea  _ti_sysbios_knl_Task_SupportProxy_Module__startupDone__S  
1     000857ed  _ti_sysbios_knl_Task_startup__E                           
1     000857f0  _xdc_runtime_Startup_reset__I                             
1     000857f3  _xdc_runtime_System_Module_startup__E                     
1     000857f6  _xdc_runtime_System_SupportProxy_ready__E                 
1     000857f9  _xdc_runtime_System_abortStd__E                           
1     000857fc  _xdc_runtime_System_exitStd__E                            
1     000857ff  _ti_sysbios_family_c28_Timer_getMaxTicks__E               
1     00085801  _ti_sysbios_gates_GateHwi_query__E                        
1     00085803  _ti_sysbios_gates_GateMutex_query__E                      
1     00085805  _xdc_runtime_Error_getSite__E                             
1     00085807  _ti_catalog_c2800_initF2837x_Boot_defaultLimpAbortFunction
1     00085808  _ti_sysbios_BIOS_linkedWithIncorrectBootLibrary__E        
1     00085809  _ti_sysbios_BIOS_nullFunc__I                              
1     0008580a  _ti_sysbios_family_c28_Hwi_interruptReturn__I             
1     0008580b  _ti_sysbios_knl_Clock_logTick__E                          
1     00088000  _ti_sysbios_family_c28_Hwi_vectors                        
1     00088315  _ti_sysbios_family_c28_Hwi_Module__id__C                  
1     00088359  _ti_sysbios_family_c28_Hwi_NUM_INTERRUPTS_ALL__C          
1     000883a6  _xdc_runtime_LoggerBuf_Module__FXNS__C                    
1     000883c4  _xdc_runtime_Startup_sfxnTab__A                           
1     000883d8  _ti_sysbios_gates_GateHwi_Module__FXNS__C                 
1     000883ea  _ti_sysbios_gates_GateMutex_Module__FXNS__C               
1     0008840d  _xdc_runtime_Startup_sfxnRts__A                           
1     00088417  _ti_sysbios_family_c28_Hwi_Object__count__C               
1     0008841f  _ti_sysbios_family_c28_TaskSupport_Module__id__C          
1     00088425  _ti_sysbios_family_c28_Timer_startupNeeded__C             
1     00088426  _ti_sysbios_knl_Idle_funcList__C                          
1     0008842a  _xdc_runtime_Startup_firstFxns__A                         
1     0008842e  _xdc_runtime_Startup_firstFxns__C                         
1     00088432  _xdc_runtime_Startup_lastFxns__C                          
1     00088436  _ADC_fifo                                                 
1     00088438  _ti_sysbios_BIOS_installedErrorHook__C                    
1     0008843a  _ti_sysbios_family_c28_Hwi_A_badIntNum__C                 
1     0008843c  _ti_sysbios_family_c28_Hwi_A_invalidArg__C                
1     0008843e  _ti_sysbios_family_c28_Hwi_E_unpluggedInterrupt__C        
1     00088440  _ti_sysbios_family_c28_Hwi_Module__diagsEnabled__C        
1     00088442  _ti_sysbios_family_c28_Hwi_Module__diagsIncluded__C       
1     00088444  _ti_sysbios_family_c28_Hwi_Module__diagsMask__C           
1     00088446  _ti_sysbios_family_c28_Hwi_Object__table__C               
1     00088448  _ti_sysbios_family_c28_TaskSupport_E_invalidStack__C      
1     0008844a  _ti_sysbios_gates_GateMutex_A_badContext__C               
1     0008844c  _ti_sysbios_gates_GateMutex_Instance_State_sem__O         
1     0008844e  _ti_sysbios_gates_GateMutex_Module__diagsEnabled__C       
1     00088450  _ti_sysbios_gates_GateMutex_Module__diagsIncluded__C      
1     00088452  _ti_sysbios_gates_GateMutex_Module__diagsMask__C          
1     00088454  _ti_sysbios_hal_Hwi_E_stackOverflow__C                    
1     00088456  _ti_sysbios_knl_Clock_Module_State_clockQ__O              
1     00088458  _ti_sysbios_knl_Idle_funcList__A                          
1     0008845a  _ti_sysbios_knl_Mailbox_Instance_State_dataQue__O         
1     0008845c  _ti_sysbios_knl_Mailbox_Instance_State_dataSem__O         
1     0008845e  _ti_sysbios_knl_Mailbox_Instance_State_freeQue__O         
1     00088460  _ti_sysbios_knl_Mailbox_Instance_State_freeSem__O         
1     00088462  _ti_sysbios_knl_Mailbox_Object__table__C                  
1     00088464  _ti_sysbios_knl_Queue_Object__table__C                    
1     00088466  _ti_sysbios_knl_Semaphore_A_badContext__C                 
1     00088468  _ti_sysbios_knl_Semaphore_A_overflow__C                   
1     0008846a  _ti_sysbios_knl_Semaphore_A_pendTaskDisabled__C           
1     0008846c  _ti_sysbios_knl_Semaphore_Instance_State_pendQ__O         
1     0008846e  _ti_sysbios_knl_Semaphore_Module__diagsEnabled__C         
1     00088470  _ti_sysbios_knl_Semaphore_Module__diagsIncluded__C        
1     00088472  _ti_sysbios_knl_Semaphore_Module__diagsMask__C            
1     00088474  _ti_sysbios_knl_Swi_Object__table__C                      
1     00088476  _ti_sysbios_knl_Task_A_badTimeout__C                      
1     00088478  _ti_sysbios_knl_Task_A_sleepTaskDisabled__C               
1     0008847a  _ti_sysbios_knl_Task_E_spOutOfBounds__C                   
1     0008847c  _ti_sysbios_knl_Task_E_stackOverflow__C                   
1     0008847e  _ti_sysbios_knl_Task_Module_State_inactiveQ__O            
1     00088480  _ti_sysbios_knl_Task_Module__diagsEnabled__C              
1     00088482  _ti_sysbios_knl_Task_Module__diagsIncluded__C             
1     00088484  _ti_sysbios_knl_Task_Module__diagsMask__C                 
1     00088486  _ti_sysbios_knl_Task_Object__table__C                     
1     00088488  _ti_sysbios_knl_Task_allBlockedFunc__C                    
1     0008848a  _xdc_runtime_Assert_E_assertFailed__C                     
1     0008848c  _xdc_runtime_Error_Module__diagsEnabled__C                
1     0008848e  _xdc_runtime_Error_Module__diagsIncluded__C               
1     00088490  _xdc_runtime_Error_Module__diagsMask__C                   
1     00088492  _xdc_runtime_Error_Module__loggerFxn8__C                  
1     00088494  _xdc_runtime_Error_Module__loggerObj__C                   
1     00088496  _xdc_runtime_Error_policyFxn__C                           
1     00088498  _xdc_runtime_Error_raiseHook__C                           
1     0008849a  _xdc_runtime_IFilterLogger_Interface__BASE__C             
1     0008849c  _xdc_runtime_IGateProvider_Interface__BASE__C             
1     0008849e  _xdc_runtime_ILogger_Interface__BASE__C                   
1     000884a0  _xdc_runtime_IModule_Interface__BASE__C                   
1     000884a2  _xdc_runtime_Log_L_error__C                               
1     000884a4  _xdc_runtime_LoggerBuf_E_badLevel__C                      
1     000884a6  _xdc_runtime_LoggerBuf_Module__gateObj__C                 
1     000884a8  _xdc_runtime_LoggerBuf_Object__table__C                   
1     000884aa  _xdc_runtime_LoggerBuf_statusLogger__C                    
1     000884ac  _xdc_runtime_Main_Module__diagsEnabled__C                 
1     000884ae  _xdc_runtime_Main_Module__diagsIncluded__C                
1     000884b0  _xdc_runtime_Main_Module__diagsMask__C                    
1     000884b2  _xdc_runtime_Startup_execImpl__C                          
1     000884b4  _xdc_runtime_Startup_sfxnRts__C                           
1     000884b6  _xdc_runtime_Startup_sfxnTab__C                           
1     000884b8  _xdc_runtime_Startup_startModsFxn__C                      
1     000884ba  _xdc_runtime_SysMin_bufSize__C                            
1     000884bc  _xdc_runtime_SysMin_outputFunc__C                         
1     000884be  _xdc_runtime_System_Module__gateObj__C                    
1     000884c0  _xdc_runtime_System_abortFxn__C                           
1     000884c2  _xdc_runtime_System_exitFxn__C                            
1     000884c4  _xdc_runtime_System_extendFxn__C                          
1     000884c6  _xdc_runtime_Text_charTab__C                              
1     000884c8  _xdc_runtime_Text_nodeTab__A                              
1     000884ca  _xdc_runtime_Text_visitRopeFxn__C                         
1     000884cc  _ti_sysbios_gates_GateMutex_Module__id__C                 
1     000884cd  _ti_sysbios_hal_Hwi_Module__id__C                         
1     000884ce  _ti_sysbios_knl_Mailbox_Object__count__C                  
1     000884cf  _ti_sysbios_knl_Mailbox_maxTypeAlign__C                   
1     000884d0  _ti_sysbios_knl_Queue_Object__count__C                    
1     000884d1  _ti_sysbios_knl_Semaphore_Module__id__C                   
1     000884d2  _ti_sysbios_knl_Swi_Object__count__C                      
1     000884d3  _ti_sysbios_knl_Task_Module__id__C                        
1     000884d4  _ti_sysbios_knl_Task_Object__count__C                     
1     000884d5  _ti_sysbios_knl_Task_numConstructedTasks__C               
1     000884d6  _xdc_runtime_Error_Module__loggerDefined__C               
1     000884d7  _xdc_runtime_Error_maxDepth__C                            
1     000884d8  _xdc_runtime_Error_policy__C                              
1     000884d9  _xdc_runtime_LoggerBuf_Module__id__C                      
1     000884da  _xdc_runtime_LoggerBuf_Object__count__C                   
1     000884db  _xdc_runtime_LoggerBuf_filterByLevel__C                   
1     000884dc  _xdc_runtime_Main_Module__id__C                           
1     000884dd  _xdc_runtime_Startup_maxPasses__C                         
1     000884de  _xdc_runtime_SysMin_flushAtExit__C                        
1     000884df  _xdc_runtime_System_maxAtexitHandlers__C                  
1     000884e0  _xdc_runtime_Text_charTab__A                              
1     000884e1  _xdc_runtime_Text_isLoaded__C                             
1     000884e2  _xdc_runtime_Text_registryModsLastId__C                   
1     000884e3  _xdc_runtime_Text_unnamedModsLastId__C                    
abs   00000001  _xdc_runtime_Startup__EXECFXN__C                          
abs   00000001  _xdc_runtime_Startup__RESETFXN__C                         
abs   0000006d  _RamfuncsLoadSize                                         
abs   0000006d  _RamfuncsRunSize                                          
abs   00000148  _Cla1funcsLoadSize                                        
abs   00000400  __STACK_SIZE                                              
abs   ffffffff  .text                                                     
abs   ffffffff  ___TI_pprof_out_hndl                                      
abs   ffffffff  ___TI_prof_data_size                                      
abs   ffffffff  ___TI_prof_data_start                                     
abs   ffffffff  ___binit__                                                
abs   ffffffff  ___c_args__                                               
abs   ffffffff  ___etext__                                                
abs   ffffffff  ___pinit__                                                
abs   ffffffff  ___text__                                                 
abs   ffffffff  binit                                                     
abs   ffffffff  etext                                                     
abs   ffffffff  pinit                                                     

[770 symbols]
