******************************************************************************
             TMS320C2000 Linker Unix v15.12.3                  
******************************************************************************
>> Linked Mon May 22 23:50:37 2017

OUTPUT FILE NAME:   <MotionControl_Firmware_CPU1.out>
ENTRY POINT SYMBOL: "_c_int00"  address: 000847a9


MEMORY CONFIGURATION

         name            origin    length      used     unused   attr    fill
----------------------  --------  ---------  --------  --------  ----  --------
PAGE 0:
  BOOT_RSVD             00000002   00000120  00000000  00000120  RWIX
  RAMM0                 00000122   000002de  0000006a  00000274  RWIX
  RAMM1                 00000400   00000400  00000000  00000400  RWIX
  CLA1_MSGRAMLOW        00001480   00000080  00000002  0000007e  RWIX
  CLA1_MSGRAMHIGH       00001500   00000080  00000002  0000007e  RWIX
  RAMLS0                00008000   00000800  00000046  000007ba  RWIX
  RAMLS1                00008800   00000800  00000000  00000800  RWIX
  RAMLS2                00009000   00000800  00000000  00000800  RWIX
  RAMLS3                00009800   00000800  00000000  00000800  RWIX
  RAMLS4                0000a000   00000800  00000000  00000800  RWIX
  RAMLS5                0000a800   00000800  00000000  00000800  RWIX
  RAMD0                 0000b000   00000800  00000400  00000400  RWIX
  RAMD1                 0000b800   00000800  00000000  00000800  RWIX
  RAMGS0                0000c000   00001000  0000082c  000007d4  RWIX
  RAMGS1                0000d000   00001000  00000000  00001000  RWIX
  RAMGS2                0000e000   00001000  00000000  00001000  RWIX
  RAMGS3                0000f000   00001000  00000120  00000ee0  RWIX
  RAMGS4                00010000   00001000  00000000  00001000  RWIX
  RAMGS5                00011000   00001000  00000000  00001000  RWIX
  RAMGS6                00012000   00001000  00000000  00001000  RWIX
  RAMGS7                00013000   00001000  00000000  00001000  RWIX
  RAMGS8                00014000   00001000  00000000  00001000  RWIX
  RAMGS9                00015000   00001000  00000000  00001000  RWIX
  RAMGS10               00016000   00001000  00000000  00001000  RWIX
  RAMGS11               00017000   00001000  00000000  00001000  RWIX
  RAMGS12               00018000   00001000  00000000  00001000  RWIX
  RAMGS13               00019000   00001000  00000000  00001000  RWIX
  RAMGS14               0001a000   00001000  00000000  00001000  RWIX
  RAMGS15               0001b000   00001000  00000000  00001000  RWIX
  CPU2TOCPU1RAM         0003f800   00000400  00000000  00000400  RWIX
  CPU1TOCPU2RAM         0003fc00   00000400  00000088  00000378  RWIX
  BEGIN                 00080000   00000002  00000002  00000000  RWIX
  FLASHD                00086000   00002000  000000b0  00001f50  RWIX
  RESET                 003fffc0   00000002  00000000  00000002  RWIX

PAGE 1:
  ADCA_RESULT           00000b00   00000020  00000018  00000008  RWIX
  ADCB_RESULT           00000b20   00000020  00000018  00000008  RWIX
  ADCC_RESULT           00000b40   00000020  00000018  00000008  RWIX
  ADCD_RESULT           00000b60   00000020  00000018  00000008  RWIX
  CPU_TIMER0            00000c00   00000008  00000008  00000000  RWIX
  CPU_TIMER1            00000c08   00000008  00000008  00000000  RWIX
  CPU_TIMER2            00000c10   00000008  00000008  00000000  RWIX
  PIE_CTRL              00000ce0   00000020  0000001a  00000006  RWIX
  PIE_VECT              00000d00   00000200  00000000  00000200  RWIX
  DMA                   00001000   00000200  000000e0  00000120  RWIX
  CLA1                  00001400   00000040  0000003e  00000002  RWIX
  EPWM1                 00004000   00000100  00000100  00000000  RWIX
  EPWM2                 00004100   00000100  00000100  00000000  RWIX
  EPWM3                 00004200   00000100  00000100  00000000  RWIX
  EPWM4                 00004300   00000100  00000100  00000000  RWIX
  EPWM5                 00004400   00000100  00000100  00000000  RWIX
  EPWM6                 00004500   00000100  00000100  00000000  RWIX
  EPWM7                 00004600   00000100  00000100  00000000  RWIX
  EPWM8                 00004700   00000100  00000100  00000000  RWIX
  EPWM9                 00004800   00000100  00000100  00000000  RWIX
  EPWM10                00004900   00000100  00000100  00000000  RWIX
  EPWM11                00004a00   00000100  00000100  00000000  RWIX
  EPWM12                00004b00   00000100  00000100  00000000  RWIX
  ECAP1                 00005000   00000020  00000020  00000000  RWIX
  ECAP2                 00005020   00000020  00000020  00000000  RWIX
  ECAP3                 00005040   00000020  00000020  00000000  RWIX
  ECAP4                 00005060   00000020  00000020  00000000  RWIX
  ECAP5                 00005080   00000020  00000020  00000000  RWIX
  ECAP6                 000050a0   00000020  00000020  00000000  RWIX
  EQEP1                 00005100   00000040  00000022  0000001e  RWIX
  EQEP2                 00005140   00000040  00000022  0000001e  RWIX
  EQEP3                 00005180   00000040  00000022  0000001e  RWIX
  DACA                  00005c00   00000010  00000008  00000008  RWIX
  DACB                  00005c10   00000010  00000008  00000008  RWIX
  DACC                  00005c20   00000010  00000008  00000008  RWIX
  CMPSS1                00005c80   00000020  00000020  00000000  RWIX
  CMPSS2                00005ca0   00000020  00000020  00000000  RWIX
  CMPSS3                00005cc0   00000020  00000020  00000000  RWIX
  CMPSS4                00005ce0   00000020  00000020  00000000  RWIX
  CMPSS5                00005d00   00000020  00000020  00000000  RWIX
  CMPSS6                00005d20   00000020  00000020  00000000  RWIX
  CMPSS7                00005d40   00000020  00000020  00000000  RWIX
  CMPSS8                00005d60   00000020  00000020  00000000  RWIX
  SDFM1                 00005e00   00000080  00000080  00000000  RWIX
  SDFM2                 00005e80   00000080  00000080  00000000  RWIX
  MCBSPA                00006000   00000040  00000024  0000001c  RWIX
  MCBSPB                00006040   00000040  00000024  0000001c  RWIX
  SPIA                  00006100   00000010  00000010  00000000  RWIX
  SPIB                  00006110   00000010  00000010  00000000  RWIX
  SPIC                  00006120   00000010  00000010  00000000  RWIX
  SPID                  00006130   00000010  00000000  00000010  RWIX
  UPP                   00006200   00000100  00000048  000000b8  RWIX
  WD                    00007000   00000040  0000002b  00000015  RWIX
  NMIINTRUPT            00007060   00000010  00000007  00000009  RWIX
  XINT                  00007070   00000010  0000000b  00000005  RWIX
  SCIA                  00007200   00000010  00000010  00000000  RWIX
  SCIB                  00007210   00000010  00000010  00000000  RWIX
  SCIC                  00007220   00000010  00000010  00000000  RWIX
  SCID                  00007230   00000010  00000010  00000000  RWIX
  I2CA                  00007300   00000040  00000022  0000001e  RWIX
  I2CB                  00007340   00000040  00000022  0000001e  RWIX
  ADCA                  00007400   00000080  00000080  00000000  RWIX
  ADCB                  00007480   00000080  00000080  00000000  RWIX
  ADCC                  00007500   00000080  00000080  00000000  RWIX
  ADCD                  00007580   00000080  00000080  00000000  RWIX
  INPUT_XBAR            00007900   00000020  00000020  00000000  RWIX
  XBAR                  00007920   00000020  00000020  00000000  RWIX
  SYNC_SOC              00007940   00000010  00000006  0000000a  RWIX
  DMACLASRCSEL          00007980   00000040  0000001a  00000026  RWIX
  EPWM_XBAR             00007a00   00000040  00000040  00000000  RWIX
  CLB_XBAR              00007a40   00000040  00000000  00000040  RWIX
  OUTPUT_XBAR           00007a80   00000040  00000040  00000000  RWIX
  GPIOCTRL              00007c00   00000180  00000180  00000000  RWIX
  GPIODAT               00007f00   00000030  00000030  00000000  RWIX
  EMIF1                 00047000   00000800  00000070  00000790  RWIX
  EMIF2                 00047800   00000800  00000070  00000790  RWIX
  CANA                  00048000   00000800  00000000  00000800  RWIX
  CANB                  0004a000   00000800  00000000  00000800  RWIX
  IPC                   00050000   00000024  00000024  00000000  RWIX
  FLASHPUMPSEMAPHORE    00050024   00000002  00000002  00000000  RWIX
  DEV_CFG               0005d000   00000180  0000012e  00000052  RWIX
  ANALOG_SUBSYS         0005d180   00000080  00000048  00000038  RWIX
  CLK_CFG               0005d200   00000100  00000032  000000ce  RWIX
  CPU_SYS               0005d300   00000100  00000082  0000007e  RWIX
  ROMPREFETCH           0005e608   00000002  00000002  00000000  RWIX
  DCSM_Z1               0005f000   00000030  00000024  0000000c  RWIX
  DCSM_Z2               0005f040   00000030  00000024  0000000c  RWIX
  DCSM_COMMON           0005f070   00000010  00000008  00000008  RWIX
  MEMCFG                0005f400   00000080  00000080  00000000  RWIX
  EMIF1CONFIG           0005f480   00000020  00000020  00000000  RWIX
  EMIF2CONFIG           0005f4a0   00000020  00000020  00000000  RWIX
  ACCESSPROTECTION      0005f4c0   00000040  00000040  00000000  RWIX
  MEMORYERROR           0005f500   00000040  00000040  00000000  RWIX
  ROMWAITSTATE          0005f540   00000002  00000002  00000000  RWIX
  FLASH0_CTRL           0005f800   00000300  00000182  0000017e  RWIX
  FLASH0_ECC            0005fb00   00000040  00000028  00000018  RWIX
  DCSM_Z1_OTP           00078000   00000020  00000020  00000000  RWIX
  DCSM_Z2_OTP           00078200   00000020  00000020  00000000  RWIX
  FLASHA                00080002   00001ffe  00000000  00001ffe  RWIX
  FLASHB                00082000   00002000  00001ffe  00000002  RWIX
  FLASHC                00084000   00002000  00001748  000008b8  RWIX
  FLASHE                00088000   00008000  00000693  0000796d  RWIX
  FLASHF                00090000   00008000  00000000  00008000  RWIX
  FLASHG                00098000   00008000  00000000  00008000  RWIX
  FLASHH                000a0000   00008000  00000000  00008000  RWIX
  FLASHI                000a8000   00008000  00000000  00008000  RWIX
  FLASHJ                000b0000   00008000  00000000  00008000  RWIX
  FLASHK                000b8000   00002000  00000000  00002000  RWIX
  FLASHL                000ba000   00002000  00000000  00002000  RWIX
  FLASHM                000bc000   00002000  00000000  00002000  RWIX
  FLASHN                000be000   00002000  00000000  00002000  RWIX


SECTION ALLOCATION MAP

 output                                  attributes/
section   page    origin      length       input sections
--------  ----  ----------  ----------   ----------------
.cinit     1    00082000    0000046e     
                  00082000    000003bc     MotionControl_Firmware_CPU1_p28FP.o28FP (.cinit)
                  000823bc    00000090     F2837xD_struct.obj (.cinit)
                  0008244c    0000000e     rts2800_fpu32.lib : exit.obj (.cinit)
                  0008245a    00000005                       : _lock.obj (.cinit:__lock)
                  0008245f    00000005                       : _lock.obj (.cinit:__unlock)
                  00082464    00000004     F2837xD_sci_io.obj (.cinit)
                  00082468    00000004     main.obj (.cinit)
                  0008246c    00000002     --HOLE-- [fill = 0]

.pinit     1    00082000    00000000     UNINITIALIZED

.reset     0    003fffc0    00000000     DSECT

.stack     0    0000b000    00000400     UNINITIALIZED
                  0000b000    00000400     --HOLE--

.cio       0    0000f000    00000120     UNINITIALIZED
                  0000f000    00000120     rts2800_fpu32.lib : trgmsg.obj (.cio)

.ebss      0    0000c000    0000082c     UNINITIALIZED
                  0000c000    00000480     MotionControl_Firmware_CPU1_p28FP.o28FP (.ebss)
                  0000c480    00000300     MotionControl_Firmware_CPU1_p28FP.o28FP (.ebss:taskStackSection)
                  0000c780    00000078     F2837xD_struct.obj (.ebss)
                  0000c7f8    00000008     rts2800_fpu32.lib : trgdrv.obj (.ebss)
                  0000c800    00000018     F2837xD_CpuTimers.obj (.ebss)
                  0000c818    00000006     F2837xD_TempSensorConv.obj (.ebss)
                  0000c81e    00000006     rts2800_fpu32.lib : exit.obj (.ebss)
                  0000c824    00000003     main.obj (.ebss)
                  0000c827    00000001     F2837xD_sci_io.obj (.ebss)
                  0000c828    00000002     rts2800_fpu32.lib : _lock.obj (.ebss:__lock)
                  0000c82a    00000002                       : _lock.obj (.ebss:__unlock)

PUTBUFFER 
*          0    0003fc00    00000080     UNINITIALIZED
                  0003fc00    00000080     F2837xD_Ipc_Driver.obj (PUTBUFFER)

PUTWRITEIDX 
*          0    0003fc80    00000004     UNINITIALIZED
                  0003fc80    00000004     F2837xD_Ipc_Driver.obj (PUTWRITEIDX)

GETREADIDX 
*          0    0003fc84    00000004     UNINITIALIZED
                  0003fc84    00000004     F2837xD_Ipc_Driver.obj (GETREADIDX)

Cla1Prog   0    00086000    00000046     RUN ADDR = 00008000
                  00086000    0000000e     CPU1_CLA1_task.obj (Cla1Prog:_Cla1Task1)
                  0008600e    00000008     CPU1_CLA1_task.obj (Cla1Prog:_Cla1Task2)
                  00086016    00000008     CPU1_CLA1_task.obj (Cla1Prog:_Cla1Task3)
                  0008601e    00000008     CPU1_CLA1_task.obj (Cla1Prog:_Cla1Task4)
                  00086026    00000008     CPU1_CLA1_task.obj (Cla1Prog:_Cla1Task5)
                  0008602e    00000008     CPU1_CLA1_task.obj (Cla1Prog:_Cla1Task6)
                  00086036    00000008     CPU1_CLA1_task.obj (Cla1Prog:_Cla1Task7)
                  0008603e    00000008     CPU1_CLA1_task.obj (Cla1Prog:_Cla1Task8)

.switch    1    00082470    0000001c     
                  00082470    0000001c     sysbios.a28FP : BIOS.obj (.switch:_ti_sysbios_family_c28_Hwi_clearInterrupt__E)

Cla1ToCpuMsgRAM 
*          0    00001480    00000002     UNINITIALIZED
                  00001480    00000002     main.obj (Cla1ToCpuMsgRAM)

CpuToCla1MsgRAM 
*          0    00001500    00000002     UNINITIALIZED
                  00001500    00000002     main.obj (CpuToCla1MsgRAM)

.TI.ramfunc 
*          0    00086048    0000006a     RUN ADDR = 00000124
                  00086048    00000037     F2837xD_SysCtrl.obj (.TI.ramfunc)
                  0008607f    0000002f     main.obj (.TI.ramfunc)
                  000860ae    00000004     F2837xD_usDelay.obj (.TI.ramfunc)

GETBUFFER 
*          0    0003f800    00000080     DSECT
                  0003f800    00000080     F2837xD_Ipc_Driver.obj (GETBUFFER)

GETWRITEIDX 
*          0    0003f880    00000004     DSECT
                  0003f880    00000004     F2837xD_Ipc_Driver.obj (GETWRITEIDX)

PUTREADIDX 
*          0    0003f884    00000004     DSECT
                  0003f884    00000004     F2837xD_Ipc_Driver.obj (PUTREADIDX)

PieVectTableFile 
*          0    00000d00    000001c0     DSECT
                  00000d00    000001c0     F2837xD_GlobalVariableDefs.obj (PieVectTableFile)

EmuKeyVar 
*          0    00000d00    00000001     DSECT
                  00000d00    00000001     F2837xD_GlobalVariableDefs.obj (EmuKeyVar)

EmuBModeVar 
*          0    00000d01    00000001     DSECT
                  00000d01    00000001     F2837xD_GlobalVariableDefs.obj (EmuBModeVar)

FlashCallbackVar 
*          0    00000d02    00000000     DSECT

FlashScalingVar 
*          0    00000d02    00000000     DSECT

AdcaResultFile 
*          1    00000b00    00000018     UNINITIALIZED
                  00000b00    00000018     F2837xD_GlobalVariableDefs.obj (AdcaResultFile)

AdcbResultFile 
*          1    00000b20    00000018     UNINITIALIZED
                  00000b20    00000018     F2837xD_GlobalVariableDefs.obj (AdcbResultFile)

AdccResultFile 
*          1    00000b40    00000018     UNINITIALIZED
                  00000b40    00000018     F2837xD_GlobalVariableDefs.obj (AdccResultFile)

AdcdResultFile 
*          1    00000b60    00000018     UNINITIALIZED
                  00000b60    00000018     F2837xD_GlobalVariableDefs.obj (AdcdResultFile)

CpuTimer0RegsFile 
*          1    00000c00    00000008     UNINITIALIZED
                  00000c00    00000008     F2837xD_GlobalVariableDefs.obj (CpuTimer0RegsFile)

CpuTimer1RegsFile 
*          1    00000c08    00000008     UNINITIALIZED
                  00000c08    00000008     F2837xD_GlobalVariableDefs.obj (CpuTimer1RegsFile)

CpuTimer2RegsFile 
*          1    00000c10    00000008     UNINITIALIZED
                  00000c10    00000008     F2837xD_GlobalVariableDefs.obj (CpuTimer2RegsFile)

PieCtrlRegsFile 
*          1    00000ce0    0000001a     UNINITIALIZED
                  00000ce0    0000001a     F2837xD_GlobalVariableDefs.obj (PieCtrlRegsFile)

DmaRegsFile 
*          1    00001000    000000e0     UNINITIALIZED
                  00001000    000000e0     F2837xD_GlobalVariableDefs.obj (DmaRegsFile)

EPwm1RegsFile 
*          1    00004000    00000100     UNINITIALIZED
                  00004000    00000100     F2837xD_GlobalVariableDefs.obj (EPwm1RegsFile)

EPwm2RegsFile 
*          1    00004100    00000100     UNINITIALIZED
                  00004100    00000100     F2837xD_GlobalVariableDefs.obj (EPwm2RegsFile)

EPwm3RegsFile 
*          1    00004200    00000100     UNINITIALIZED
                  00004200    00000100     F2837xD_GlobalVariableDefs.obj (EPwm3RegsFile)

EPwm4RegsFile 
*          1    00004300    00000100     UNINITIALIZED
                  00004300    00000100     F2837xD_GlobalVariableDefs.obj (EPwm4RegsFile)

EPwm5RegsFile 
*          1    00004400    00000100     UNINITIALIZED
                  00004400    00000100     F2837xD_GlobalVariableDefs.obj (EPwm5RegsFile)

EPwm6RegsFile 
*          1    00004500    00000100     UNINITIALIZED
                  00004500    00000100     F2837xD_GlobalVariableDefs.obj (EPwm6RegsFile)

EPwm7RegsFile 
*          1    00004600    00000100     UNINITIALIZED
                  00004600    00000100     F2837xD_GlobalVariableDefs.obj (EPwm7RegsFile)

EPwm8RegsFile 
*          1    00004700    00000100     UNINITIALIZED
                  00004700    00000100     F2837xD_GlobalVariableDefs.obj (EPwm8RegsFile)

EPwm9RegsFile 
*          1    00004800    00000100     UNINITIALIZED
                  00004800    00000100     F2837xD_GlobalVariableDefs.obj (EPwm9RegsFile)

EPwm10RegsFile 
*          1    00004900    00000100     UNINITIALIZED
                  00004900    00000100     F2837xD_GlobalVariableDefs.obj (EPwm10RegsFile)

EPwm11RegsFile 
*          1    00004a00    00000100     UNINITIALIZED
                  00004a00    00000100     F2837xD_GlobalVariableDefs.obj (EPwm11RegsFile)

EPwm12RegsFile 
*          1    00004b00    00000100     UNINITIALIZED
                  00004b00    00000100     F2837xD_GlobalVariableDefs.obj (EPwm12RegsFile)

ECap1RegsFile 
*          1    00005000    00000020     UNINITIALIZED
                  00005000    00000020     F2837xD_GlobalVariableDefs.obj (ECap1RegsFile)

ECap2RegsFile 
*          1    00005020    00000020     UNINITIALIZED
                  00005020    00000020     F2837xD_GlobalVariableDefs.obj (ECap2RegsFile)

ECap3RegsFile 
*          1    00005040    00000020     UNINITIALIZED
                  00005040    00000020     F2837xD_GlobalVariableDefs.obj (ECap3RegsFile)

ECap4RegsFile 
*          1    00005060    00000020     UNINITIALIZED
                  00005060    00000020     F2837xD_GlobalVariableDefs.obj (ECap4RegsFile)

ECap5RegsFile 
*          1    00005080    00000020     UNINITIALIZED
                  00005080    00000020     F2837xD_GlobalVariableDefs.obj (ECap5RegsFile)

ECap6RegsFile 
*          1    000050a0    00000020     UNINITIALIZED
                  000050a0    00000020     F2837xD_GlobalVariableDefs.obj (ECap6RegsFile)

EQep1RegsFile 
*          1    00005100    00000022     UNINITIALIZED
                  00005100    00000022     F2837xD_GlobalVariableDefs.obj (EQep1RegsFile)

EQep2RegsFile 
*          1    00005140    00000022     UNINITIALIZED
                  00005140    00000022     F2837xD_GlobalVariableDefs.obj (EQep2RegsFile)

EQep3RegsFile 
*          1    00005180    00000022     UNINITIALIZED
                  00005180    00000022     F2837xD_GlobalVariableDefs.obj (EQep3RegsFile)

DacaRegsFile 
*          1    00005c00    00000008     UNINITIALIZED
                  00005c00    00000008     F2837xD_GlobalVariableDefs.obj (DacaRegsFile)

DacbRegsFile 
*          1    00005c10    00000008     UNINITIALIZED
                  00005c10    00000008     F2837xD_GlobalVariableDefs.obj (DacbRegsFile)

DaccRegsFile 
*          1    00005c20    00000008     UNINITIALIZED
                  00005c20    00000008     F2837xD_GlobalVariableDefs.obj (DaccRegsFile)

I2caRegsFile 
*          1    00007300    00000022     UNINITIALIZED
                  00007300    00000022     F2837xD_GlobalVariableDefs.obj (I2caRegsFile)

I2cbRegsFile 
*          1    00007340    00000022     UNINITIALIZED
                  00007340    00000022     F2837xD_GlobalVariableDefs.obj (I2cbRegsFile)

AdcaRegsFile 
*          1    00007400    00000080     UNINITIALIZED
                  00007400    00000080     F2837xD_GlobalVariableDefs.obj (AdcaRegsFile)

AdcbRegsFile 
*          1    00007480    00000080     UNINITIALIZED
                  00007480    00000080     F2837xD_GlobalVariableDefs.obj (AdcbRegsFile)

AdccRegsFile 
*          1    00007500    00000080     UNINITIALIZED
                  00007500    00000080     F2837xD_GlobalVariableDefs.obj (AdccRegsFile)

AdcdRegsFile 
*          1    00007580    00000080     UNINITIALIZED
                  00007580    00000080     F2837xD_GlobalVariableDefs.obj (AdcdRegsFile)

AnalogSubsysRegsFile 
*          1    0005d180    00000048     UNINITIALIZED
                  0005d180    00000048     F2837xD_GlobalVariableDefs.obj (AnalogSubsysRegsFile)

Cla1RegsFile 
*          1    00001400    0000003e     UNINITIALIZED
                  00001400    0000003e     F2837xD_GlobalVariableDefs.obj (Cla1RegsFile)

Cla1SoftIntRegsFile 
*          1    00000ce0    00000004     DSECT
                  00000ce0    00000004     F2837xD_GlobalVariableDefs.obj (Cla1SoftIntRegsFile)

Cmpss1RegsFile 
*          1    00005c80    00000020     UNINITIALIZED
                  00005c80    00000020     F2837xD_GlobalVariableDefs.obj (Cmpss1RegsFile)

Cmpss2RegsFile 
*          1    00005ca0    00000020     UNINITIALIZED
                  00005ca0    00000020     F2837xD_GlobalVariableDefs.obj (Cmpss2RegsFile)

Cmpss3RegsFile 
*          1    00005cc0    00000020     UNINITIALIZED
                  00005cc0    00000020     F2837xD_GlobalVariableDefs.obj (Cmpss3RegsFile)

Cmpss4RegsFile 
*          1    00005ce0    00000020     UNINITIALIZED
                  00005ce0    00000020     F2837xD_GlobalVariableDefs.obj (Cmpss4RegsFile)

Cmpss5RegsFile 
*          1    00005d00    00000020     UNINITIALIZED
                  00005d00    00000020     F2837xD_GlobalVariableDefs.obj (Cmpss5RegsFile)

Cmpss6RegsFile 
*          1    00005d20    00000020     UNINITIALIZED
                  00005d20    00000020     F2837xD_GlobalVariableDefs.obj (Cmpss6RegsFile)

Cmpss7RegsFile 
*          1    00005d40    00000020     UNINITIALIZED
                  00005d40    00000020     F2837xD_GlobalVariableDefs.obj (Cmpss7RegsFile)

Cmpss8RegsFile 
*          1    00005d60    00000020     UNINITIALIZED
                  00005d60    00000020     F2837xD_GlobalVariableDefs.obj (Cmpss8RegsFile)

Sdfm1RegsFile 
*          1    00005e00    00000080     UNINITIALIZED
                  00005e00    00000080     F2837xD_GlobalVariableDefs.obj (Sdfm1RegsFile)

Sdfm2RegsFile 
*          1    00005e80    00000080     UNINITIALIZED
                  00005e80    00000080     F2837xD_GlobalVariableDefs.obj (Sdfm2RegsFile)

McbspaRegsFile 
*          1    00006000    00000024     UNINITIALIZED
                  00006000    00000024     F2837xD_GlobalVariableDefs.obj (McbspaRegsFile)

McbspbRegsFile 
*          1    00006040    00000024     UNINITIALIZED
                  00006040    00000024     F2837xD_GlobalVariableDefs.obj (McbspbRegsFile)

SpiaRegsFile 
*          1    00006100    00000010     UNINITIALIZED
                  00006100    00000010     F2837xD_GlobalVariableDefs.obj (SpiaRegsFile)

SpibRegsFile 
*          1    00006110    00000010     UNINITIALIZED
                  00006110    00000010     F2837xD_GlobalVariableDefs.obj (SpibRegsFile)

SpicRegsFile 
*          1    00006120    00000010     UNINITIALIZED
                  00006120    00000010     F2837xD_GlobalVariableDefs.obj (SpicRegsFile)

UppRegsFile 
*          1    00006200    00000048     UNINITIALIZED
                  00006200    00000048     F2837xD_GlobalVariableDefs.obj (UppRegsFile)

WdRegsFile 
*          1    00007000    0000002b     UNINITIALIZED
                  00007000    0000002b     F2837xD_GlobalVariableDefs.obj (WdRegsFile)

NmiIntruptRegsFile 
*          1    00007060    00000007     UNINITIALIZED
                  00007060    00000007     F2837xD_GlobalVariableDefs.obj (NmiIntruptRegsFile)

XintRegsFile 
*          1    00007070    0000000b     UNINITIALIZED
                  00007070    0000000b     F2837xD_GlobalVariableDefs.obj (XintRegsFile)

SciaRegsFile 
*          1    00007200    00000010     UNINITIALIZED
                  00007200    00000010     F2837xD_GlobalVariableDefs.obj (SciaRegsFile)

ScibRegsFile 
*          1    00007210    00000010     UNINITIALIZED
                  00007210    00000010     F2837xD_GlobalVariableDefs.obj (ScibRegsFile)

ScicRegsFile 
*          1    00007220    00000010     UNINITIALIZED
                  00007220    00000010     F2837xD_GlobalVariableDefs.obj (ScicRegsFile)

ScidRegsFile 
*          1    00007230    00000010     UNINITIALIZED
                  00007230    00000010     F2837xD_GlobalVariableDefs.obj (ScidRegsFile)

InputXbarRegsFile 
*          1    00007900    00000020     UNINITIALIZED
                  00007900    00000020     F2837xD_GlobalVariableDefs.obj (InputXbarRegsFile)

XbarRegsFile 
*          1    00007920    00000020     UNINITIALIZED
                  00007920    00000020     F2837xD_GlobalVariableDefs.obj (XbarRegsFile)

SyncSocRegsFile 
*          1    00007940    00000006     UNINITIALIZED
                  00007940    00000006     F2837xD_GlobalVariableDefs.obj (SyncSocRegsFile)

DmaClaSrcSelRegsFile 
*          1    00007980    0000001a     UNINITIALIZED
                  00007980    0000001a     F2837xD_GlobalVariableDefs.obj (DmaClaSrcSelRegsFile)

EPwmXbarRegsFile 
*          1    00007a00    00000040     UNINITIALIZED
                  00007a00    00000040     F2837xD_GlobalVariableDefs.obj (EPwmXbarRegsFile)

OutputXbarRegsFile 
*          1    00007a80    00000040     UNINITIALIZED
                  00007a80    00000040     F2837xD_GlobalVariableDefs.obj (OutputXbarRegsFile)

GpioCtrlRegsFile 
*          1    00007c00    00000180     UNINITIALIZED
                  00007c00    00000180     F2837xD_GlobalVariableDefs.obj (GpioCtrlRegsFile)

GpioDataRegsFile 
*          1    00007f00    00000030     UNINITIALIZED
                  00007f00    00000030     F2837xD_GlobalVariableDefs.obj (GpioDataRegsFile)

Emif1RegsFile 
*          1    00047000    00000070     UNINITIALIZED
                  00047000    00000070     F2837xD_GlobalVariableDefs.obj (Emif1RegsFile)

Emif2RegsFile 
*          1    00047800    00000070     UNINITIALIZED
                  00047800    00000070     F2837xD_GlobalVariableDefs.obj (Emif2RegsFile)

IpcRegsFile 
*          1    00050000    00000024     UNINITIALIZED
                  00050000    00000024     F2837xD_GlobalVariableDefs.obj (IpcRegsFile)

FlashPumpSemaphoreRegsFile 
*          1    00050024    00000002     UNINITIALIZED
                  00050024    00000002     F2837xD_GlobalVariableDefs.obj (FlashPumpSemaphoreRegsFile)

RomPrefetchRegsFile 
*          1    0005e608    00000002     UNINITIALIZED
                  0005e608    00000002     F2837xD_GlobalVariableDefs.obj (RomPrefetchRegsFile)

DcsmZ1RegsFile 
*          1    0005f000    00000024     UNINITIALIZED
                  0005f000    00000024     F2837xD_GlobalVariableDefs.obj (DcsmZ1RegsFile)

DcsmZ2RegsFile 
*          1    0005f040    00000024     UNINITIALIZED
                  0005f040    00000024     F2837xD_GlobalVariableDefs.obj (DcsmZ2RegsFile)

DcsmCommonRegsFile 
*          1    0005f070    00000008     UNINITIALIZED
                  0005f070    00000008     F2837xD_GlobalVariableDefs.obj (DcsmCommonRegsFile)

MemCfgRegsFile 
*          1    0005f400    00000080     UNINITIALIZED
                  0005f400    00000080     F2837xD_GlobalVariableDefs.obj (MemCfgRegsFile)

Emif1ConfigRegsFile 
*          1    0005f480    00000020     UNINITIALIZED
                  0005f480    00000020     F2837xD_GlobalVariableDefs.obj (Emif1ConfigRegsFile)

Emif2ConfigRegsFile 
*          1    0005f4a0    00000020     UNINITIALIZED
                  0005f4a0    00000020     F2837xD_GlobalVariableDefs.obj (Emif2ConfigRegsFile)

AccessProtectionRegsFile 
*          1    0005f4c0    00000040     UNINITIALIZED
                  0005f4c0    00000040     F2837xD_GlobalVariableDefs.obj (AccessProtectionRegsFile)

MemoryErrorRegsFile 
*          1    0005f500    00000040     UNINITIALIZED
                  0005f500    00000040     F2837xD_GlobalVariableDefs.obj (MemoryErrorRegsFile)

RomWaitStateRegsFile 
*          1    0005f540    00000002     UNINITIALIZED
                  0005f540    00000002     F2837xD_GlobalVariableDefs.obj (RomWaitStateRegsFile)

Flash0CtrlRegsFile 
*          1    0005f800    00000182     UNINITIALIZED
                  0005f800    00000182     F2837xD_GlobalVariableDefs.obj (Flash0CtrlRegsFile)

Flash0EccRegsFile 
*          1    0005fb00    00000028     UNINITIALIZED
                  0005fb00    00000028     F2837xD_GlobalVariableDefs.obj (Flash0EccRegsFile)

DcsmZ1OtpFile 
*          1    00078000    00000020     NOLOAD SECTION
                  00078000    00000020     F2837xD_GlobalVariableDefs.obj (DcsmZ1OtpFile)

DcsmZ2OtpFile 
*          1    00078200    00000020     NOLOAD SECTION
                  00078200    00000020     F2837xD_GlobalVariableDefs.obj (DcsmZ2OtpFile)

DevCfgRegsFile 
*          1    0005d000    0000012e     UNINITIALIZED
                  0005d000    0000012e     F2837xD_GlobalVariableDefs.obj (DevCfgRegsFile)

ClkCfgRegsFile 
*          1    0005d200    00000032     UNINITIALIZED
                  0005d200    00000032     F2837xD_GlobalVariableDefs.obj (ClkCfgRegsFile)

CpuSysRegsFile 
*          1    0005d300    00000082     UNINITIALIZED
                  0005d300    00000082     F2837xD_GlobalVariableDefs.obj (CpuSysRegsFile)

.ti_catalog_c2800_initF2837x_begin 
*          0    00080000    00000002     
                  00080000    00000002     Boot.a28FP : Boot_asm.o28FP (.ti_catalog_c2800_initF2837x_begin)

xdc.meta   0    00000000    0000011b     COPY SECTION
                  00000000    0000011b     MotionControl_Firmware_CPU1_p28FP.o28FP (xdc.meta)

xdc.noload 
*          0    00000000    00000000     COPY SECTION

.text.1    1    0008248c    00001b74     
                  0008248c    00000585     F2837xD_DefaultISR.obj (.text:retain)
                  00082a11    00000347     F2837xD_SysCtrl.obj (.text)
                  00082d58    0000027c     rts2800_fpu32.lib : trgdrv.obj (.text)
                  00082fd4    0000025f     ti.targets.rts2800.a28FP : System.o28FP (.text:_xdc_runtime_System_doPrint__I)
                  00083233    00000244     F2837xD_Gpio.obj (.text)
                  00083477    000001e2     SystemInit.obj (.text)
                  00083659    000001a7     sysbios.a28FP : BIOS.obj (.text:_ti_sysbios_knl_Semaphore_pend__E)
                  00083800    0000010a     MotionControl_Firmware_CPU1_p28FP.o28FP (.text:_xdc_runtime_System_printfExtend__I)
                  0008390a    00000107     rts2800_fpu32.lib : ll_div.obj (.text)
                  00083a11    00000100     sysbios.a28FP : BIOS.obj (.text:_ti_sysbios_knl_Task_sleep__E)
                  00083b11    000000e2                   : BIOS.obj (.text:_ti_sysbios_family_c28_Hwi_clearInterrupt__E)
                  00083bf3    000000df     ti.targets.rts2800.a28FP : LoggerBuf.o28FP (.text:_xdc_runtime_LoggerBuf_write8__E)
                  00083cd2    000000dd     F2837xD_Adc.obj (.text)
                  00083daf    000000c2     F2837xD_TempSensorConv.obj (.text)
                  00083e71    000000a5     ti.targets.rts2800.a28FP : Error.o28FP (.text:_xdc_runtime_Error_policyDefault__E)
                  00083f16    0000009b     sysbios.a28FP : c28_Hwi_disp_asm.obj (.text:_ti_sysbios_family_c28_Hwi_dispatch)
                  00083fb1    0000004c                   : BIOS.obj (.text:_ti_sysbios_family_c28_Hwi_dispatchCore__I)
                  00083ffd    00000003     MotionControl_Firmware_CPU1_p28FP.o28FP (.text:.bootCodeSection:_ti_catalog_c2800_initF2837x_Boot_limpAbort)

.text.2    1    00084000    00001748     
                  00084000    00000097     main.obj (.text)
                  00084097    00000095     ti.targets.rts2800.a28FP : LoggerBuf.o28FP (.text:_xdc_runtime_LoggerBuf_write4__E)
                  0008412c    00000094     rts2800_fpu32.lib : trgmsg.obj (.text)
                  000841c0    00000090     sysbios.a28FP : BIOS.obj (.text:_ti_sysbios_family_c28_Hwi_enableInterrupt__E)
                  00084250    00000088     CPU1_CLA1_interrupt.obj (.text:retain)
                  000842d8    00000088     rts2800_fpu32.lib : fs_div.obj (.text)
                  00084360    00000084     sysbios.a28FP : BIOS.obj (.text:_ti_sysbios_knl_Semaphore_post__E)
                  000843e4    00000083                   : BIOS.obj (.text:_ti_sysbios_family_c28_Hwi_disableInterrupt__E)
                  00084467    00000080                   : BIOS.obj (.text:_ti_sysbios_family_c28_Hwi_disablePIEIER__E)
                  000844e7    0000007f                   : BIOS.obj (.text:_ti_sysbios_family_c28_Hwi_enablePIEIER__E)
                  00084566    0000007d     ti.targets.rts2800.a28FP : Startup.o28FP (.text:_xdc_runtime_Startup_startMods__I)
                  000845e3    0000007b                              : Text.o28FP (.text:_xdc_runtime_Text_putSite__E)
                  0008465e    00000073     sysbios.a28FP : BIOS.obj (.text:_ti_sysbios_knl_Task_checkStacks__E)
                  000846d1    00000072                   : BIOS.obj (.text:_ti_sysbios_gates_GateMutex_enter__E)
                  00084743    00000066                   : BIOS.obj (.text:_ti_sysbios_family_c28_Timer_stopAndClear__I)
                  000847a9    00000063     boot.a28FP : boot_cg.o28FP (.text)
                  0008480c    0000004c     ti.targets.rts2800.a28FP : Text.o28FP (.text:_xdc_runtime_Text_putLab__E)
                  00084858    0000004b     sysbios.a28FP : BIOS.obj (.text:_ti_sysbios_knl_Clock_workFunc__E)
                  000848a3    0000004b                   : BIOS.obj (.text:_ti_sysbios_knl_Task_postInit__I)
                  000848ee    00000049     Boot.a28FP : Boot.o28FP (.text:.bootCodeSection:_ti_catalog_c2800_initF2837x_Boot_configurePllDivs)
                  00084937    00000047     sysbios.a28FP : BIOS.obj (.text:_ti_sysbios_family_c28_Hwi_Module_startup__E)
                  0008497e    00000046                   : BIOS.obj (.text:_ti_sysbios_knl_Swi_run__I)
                  000849c4    00000046     rts2800_fpu32.lib : cpy_tbl.obj (.text)
                  00084a0a    00000043     sysbios.a28FP : BIOS.obj (.text:_ti_sysbios_family_c28_Timer_postInit__I)
                  00084a4d    00000043     ti.targets.rts2800.a28FP : Error.o28FP (.text:_xdc_runtime_Error_setX__E)
                  00084a90    00000042     sysbios.a28FP : BIOS.obj (.text:_ti_sysbios_family_c28_Hwi_unPluggedInterrupt__I)
                  00084ad2    00000040     ti.targets.rts2800.a28FP : System.o28FP (.text:_xdc_runtime_System_formatNum__I)
                  00084b12    0000003f                              : LoggerBuf.o28FP (.text:_xdc_runtime_LoggerBuf_setFilterLevel__E)
                  00084b51    0000003f     main.obj (.text:retain)
                  00084b90    0000003e     sysbios.a28FP : BIOS.obj (.text:_ti_sysbios_knl_Swi_restoreHwi__E)
                  00084bce    0000003c     ti.targets.rts2800.a28FP : LoggerBuf.o28FP (.text:_xdc_runtime_LoggerBuf_getFilterLevel__E)
                  00084c0a    0000003a     sysbios.a28FP : BIOS.obj (.text:_ti_sysbios_family_c28_TaskSupport_start__E)
                  00084c44    0000003a     ti.targets.rts2800.a28FP : Text.o28FP (.text:_xdc_runtime_Text_putMod__E)
                  00084c7e    00000036                              : Error.o28FP (.text:_xdc_runtime_Error_print__E)
                  00084cb4    00000035     sysbios.a28FP : BIOS.obj (.text:_ti_sysbios_knl_Task_startCore__E)
                  00084ce9    00000035     ti.targets.rts2800.a28FP : Startup.o28FP (.text:_xdc_runtime_Startup_exec__E)
                  00084d1e    00000034     MotionControl_Firmware_CPU1_p28FP.o28FP (.text:_ti_sysbios_BIOS_rtsUnlock__I)
                  00084d52    00000032     sysbios.a28FP : BIOS.obj (.text:_ti_sysbios_knl_Task_Module_startup__E)
                  00084d84    00000032     ti.targets.rts2800.a28FP : Assert.o28FP (.text:_xdc_runtime_Assert_raise__I)
                  00084db6    0000002e     sysbios.a28FP : BIOS.obj (.text:_ti_sysbios_knl_Swi_runLoop__I)
                  00084de4    0000002e                   : BIOS.obj (.text:_ti_sysbios_knl_Swi_schedule__I)
                  00084e12    0000002e                   : BIOS.obj (.text:_ti_sysbios_knl_Task_schedule__I)
                  00084e40    0000002c                   : BIOS.obj (.text:_ti_sysbios_family_c28_Hwi_getStackInfo__E)
                  00084e6c    0000002c                   : BIOS.obj (.text:_ti_sysbios_family_c28_Timer_start__E)
                  00084e98    0000002a     ti.targets.rts2800.a28FP : Text.o28FP (.text:_xdc_runtime_Text_xprintf__I)
                  00084ec2    00000029     rts2800_fpu32.lib : exit.obj (.text)
                  00084eeb    00000028     F2837xD_PieCtrl.obj (.text)
                  00084f13    00000028     ti.targets.rts2800.a28FP : SysMin.o28FP (.text:_xdc_runtime_SysMin_flush__E)
                  00084f3b    00000026     F2837xD_PieVect.obj (.text)
                  00084f61    00000025     sysbios.a28FP : c28_TaskSupport_asm.obj (.text:_ti_sysbios_family_c28_TaskSupport_buildTaskStack)
                  00084f86    00000024                   : BIOS.obj (.text:_ti_sysbios_knl_Swi_post__E)
                  00084faa    00000023     ti.targets.rts2800.a28FP : System.o28FP (.text:_xdc_runtime_System_processAtExit__E)
                  00084fcd    00000021     sysbios.a28FP : BIOS.obj (.text:_ti_sysbios_knl_Task_allBlockedFunction__I)
                  00084fee    00000021     ti.targets.rts2800.a28FP : System.o28FP (.text:_xdc_runtime_System_atexit__E)
                  0008500f    00000020     sysbios.a28FP : BIOS.obj (.text:_ti_sysbios_family_c28_Timer_setPrescale__E)
                  0008502f    0000001f                   : BIOS.obj (.text:_ti_sysbios_knl_Task_exit__E)
                  0008504e    0000001e                   : BIOS.obj (.text:_ti_sysbios_knl_Task_blockI__E)
                  0008506c    0000001e     ti.targets.rts2800.a28FP : SysMin.o28FP (.text:_xdc_runtime_SysMin_putch__E)
                  0008508a    0000001e     rts2800_fpu32.lib : memcpy.obj (.text)
                  000850a8    0000001d     sysbios.a28FP : c28_TaskSupport_asm.obj (.text:_ti_sysbios_family_c28_TaskSupport_swap__E)
                  000850c5    0000001d     ti.targets.rts2800.a28FP : LoggerBuf.o28FP (.text:_xdc_runtime_LoggerBuf_filterOutEvent__I)
                  000850e2    0000001c     sysbios.a28FP : BIOS.obj (.text:_ti_sysbios_hal_Hwi_checkStack)
                  000850fe    0000001b                   : c28_Hwi_asm.obj (.text:_ti_sysbios_family_c28_Hwi_switchAndDispatch__I)
                  00085119    0000001b                   : BIOS.obj (.text:_ti_sysbios_hal_Hwi_initStack)
                  00085134    0000001b                   : BIOS.obj (.text:_ti_sysbios_knl_Task_processVitalTaskFlag__I)
                  0008514f    0000001b     MotionControl_Firmware_CPU1_p28FP.o28FP (.text:_xdc_runtime_SysMin_output__I)
                  0008516a    0000001a     sysbios.a28FP : BIOS.obj (.text:_ti_sysbios_knl_Clock_addI__E)
                  00085184    0000001a     ti.targets.rts2800.a28FP : LoggerBuf.o28FP (.text:_xdc_runtime_LoggerBuf_Module_startup__E)
                  0008519e    0000001a     rts2800_fpu32.lib : cpy_utils.obj (.text)
                  000851b8    00000019     MotionControl_Firmware_CPU1_p28FP.o28FP (.text:_ti_sysbios_family_c28_Hwi_Object__get__S)
                  000851d1    00000019     MotionControl_Firmware_CPU1_p28FP.o28FP (.text:_ti_sysbios_knl_Queue_Object__get__S)
                  000851ea    00000019     sysbios.a28FP : BIOS.obj (.text:_ti_sysbios_knl_Swi_restore__E)
                  00085203    00000019     ti.targets.rts2800.a28FP : System.o28FP (.text:_xdc_runtime_System_avprintf__E)
                  0008521c    00000019                              : System.o28FP (.text:_xdc_runtime_System_putchar__I)
                  00085235    00000019     rts2800_fpu32.lib : args_main.obj (.text)
                  0008524e    00000018     sysbios.a28FP : c28_Hwi_asm.obj (.text:_ti_sysbios_family_xxx_Hwi_switchAndRunFunc)
                  00085266    00000018     ti.targets.rts2800.a28FP : LoggerBuf.o28FP (.text:_xdc_runtime_LoggerBuf_reset__E)
                  0008527e    00000018                              : System.o28FP (.text:_xdc_runtime_System_vprintf__E)
                  00085296    00000018                              : Text.o28FP (.text:_xdc_runtime_Text_printVisFxn__I)
                  000852ae    00000018     rts2800_fpu32.lib : ll_aox.obj (.text)
                  000852c6    00000017     MotionControl_Firmware_CPU1_p28FP.o28FP (.text:_ti_sysbios_BIOS_atExitFunc__I)
                  000852dd    00000017     sysbios.a28FP : BIOS.obj (.text:_ti_sysbios_family_c28_Timer_startup__E)
                  000852f4    00000017     MotionControl_Firmware_CPU1_p28FP.o28FP (.text:_ti_sysbios_knl_Clock_doTick__I)
                  0008530b    00000017     sysbios.a28FP : BIOS.obj (.text:_ti_sysbios_knl_Semaphore_pendTimeout__I)
                  00085322    00000017     MotionControl_Firmware_CPU1_p28FP.o28FP (.text:_ti_sysbios_knl_Swi_Object__get__S)
                  00085339    00000017     MotionControl_Firmware_CPU1_p28FP.o28FP (.text:_ti_sysbios_knl_Task_Object__get__S)
                  00085350    00000017     sysbios.a28FP : BIOS.obj (.text:_ti_sysbios_knl_Task_unblockI__E)
                  00085367    00000017     MotionControl_Firmware_CPU1_p28FP.o28FP (.text:_xdc_runtime_LoggerBuf_Object__get__S)
                  0008537e    00000017     ti.targets.rts2800.a28FP : SysMin.o28FP (.text:_xdc_runtime_SysMin_abort__E)
                  00085395    00000016     sysbios.a28FP : BIOS.obj (.text:_ti_sysbios_family_c28_Timer_Module_startup__E)
                  000853ab    00000016                   : BIOS.obj (.text:_ti_sysbios_knl_Task_restore__E)
                  000853c1    00000015     MotionControl_Firmware_CPU1_p28FP.o28FP (.text:_ti_sysbios_BIOS_startFunc__I)
                  000853d6    00000015     sysbios.a28FP : BIOS.obj (.text:_ti_sysbios_knl_Swi_Module_startup__E)
                  000853eb    00000014                   : BIOS.obj (.text:_ti_sysbios_knl_Idle_run__E)
                  000853ff    00000013     MotionControl_Firmware_CPU1_p28FP.o28FP (.text:_ti_sysbios_BIOS_errorRaiseHook__I)
                  00085412    00000012     MotionControl_Firmware_CPU1_p28FP.o28FP (.text:_ti_sysbios_family_c28_Hwi_disableIER__E)
                  00085424    00000012     sysbios.a28FP : BIOS.obj (.text:_ti_sysbios_knl_Clock_Module_startup__E)
                  00085436    00000011     ti.targets.rts2800.a28FP : Error.o28FP (.text:_xdc_runtime_Error_raiseX__E)
                  00085447    00000010     MotionControl_Firmware_CPU1_p28FP.o28FP (.text:_ti_sysbios_BIOS_rtsLock__I)
                  00085457    00000010     MotionControl_Firmware_CPU1_p28FP.o28FP (.text:_ti_sysbios_family_c28_Hwi_enableIER__E)
                  00085467    00000010     sysbios.a28FP : BIOS.obj (.text:_ti_sysbios_family_c28_Timer_stop__E)
                  00085477    00000010                   : BIOS.obj (.text:_ti_sysbios_knl_Task_restoreHwi__E)
                  00085487    0000000f     ti.targets.rts2800.a28FP : LoggerBuf.o28FP (.text:_xdc_runtime_LoggerBuf_write2__E)
                  00085496    0000000e     sysbios.a28FP : BIOS.obj (.text:_ti_sysbios_family_c28_f2837x_TimestampProvider_get64__E)
                  000854a4    0000000e     ti.targets.rts2800.a28FP : Registry.o28FP (.text:_xdc_runtime_Registry_findById__E)
                  000854b2    0000000e                              : SysMin.o28FP (.text:_xdc_runtime_SysMin_Module_startup__E)
                  000854c0    0000000d     MotionControl_Firmware_CPU1_p28FP.o28FP (.text:_ti_sysbios_BIOS_registerRTSLock__I)
                  000854cd    0000000d     MotionControl_Firmware_CPU1_p28FP.o28FP (.text:_ti_sysbios_BIOS_removeRTSLock__I)
                  000854da    0000000d     sysbios.a28FP : BIOS.obj (.text:_ti_sysbios_family_c28_Hwi_dispatchC__I)
                  000854e7    0000000d     MotionControl_Firmware_CPU1_p28FP.o28FP (.text:_ti_sysbios_family_c28_Hwi_restoreIER__E)
                  000854f4    0000000d     MotionControl_Firmware_CPU1_p28FP.o28FP (.text:_ti_sysbios_knl_Task_SupportProxy_start__E)
                  00085501    0000000d     sysbios.a28FP : BIOS.obj (.text:_ti_sysbios_knl_Task_enter__I)
                  0008550e    0000000d     ti.targets.rts2800.a28FP : Error.o28FP (.text:_xdc_runtime_Error_check__E)
                  0008551b    0000000d                              : LoggerBuf.o28FP (.text:_xdc_runtime_LoggerBuf_write1__E)
                  00085528    0000000d                              : System.o28FP (.text:_xdc_runtime_System_abort__E)
                  00085535    0000000c     MotionControl_Firmware_CPU1_p28FP.o28FP (.text:_ti_sysbios_BIOS_exitFunc__I)
                  00085541    0000000c     sysbios.a28FP : BIOS.obj (.text:_ti_sysbios_gates_GateMutex_leave__E)
                  0008554d    0000000c                   : BIOS.obj (.text:_ti_sysbios_knl_Queue_put__E)
                  00085559    0000000c                   : BIOS.obj (.text:_ti_sysbios_knl_Task_enabled__E)
                  00085565    0000000c     MotionControl_Firmware_CPU1_p28FP.o28FP (.text:_xdc_runtime_System_aprintf__E)
                  00085571    0000000c     MotionControl_Firmware_CPU1_p28FP.o28FP (.text:_xdc_runtime_System_printf__E)
                  0008557d    0000000c     ti.targets.rts2800.a28FP : Text.o28FP (.text:_xdc_runtime_Text_ropeText__E)
                  00085589    0000000c     rts2800_fpu32.lib : memset.obj (.text)
                  00085595    0000000b     MotionControl_Firmware_CPU1_p28FP.o28FP (.text:_ti_sysbios_family_c28_Hwi_Module__startupDone__F)
                  000855a0    0000000b     MotionControl_Firmware_CPU1_p28FP.o28FP (.text:_ti_sysbios_family_c28_Timer_Module__startupDone__F)
                  000855ab    0000000b     sysbios.a28FP : BIOS.obj (.text:_ti_sysbios_knl_Task_sleepTimeout__I)
                  000855b6    0000000b     ti.targets.rts2800.a28FP : LoggerBuf.o28FP (.text:_xdc_runtime_LoggerBuf_write0__E)
                  000855c1    0000000b     MotionControl_Firmware_CPU1_p28FP.o28FP (.text:_xdc_runtime_Startup_exec__I)
                  000855cc    0000000b     ti.targets.rts2800.a28FP : SysMin.o28FP (.text:_xdc_runtime_SysMin_exit__E)
                  000855d7    0000000b                              : System.o28FP (.text:_xdc_runtime_System_exit__E)
                  000855e2    0000000a     MotionControl_Firmware_CPU1_p28FP.o28FP (.text:.bootCodeSection:_ti_catalog_c2800_initF2837x_Boot_init)
                  000855ec    00000009     sysbios.a28FP : BIOS.obj (.text:_ti_sysbios_family_c28_TaskSupport_checkStack__E)
                  000855f5    00000009                   : c28_TaskSupport_asm.obj (.text:_ti_sysbios_family_c28_TaskSupport_glue)
                  000855fe    00000009                   : BIOS.obj (.text:_ti_sysbios_hal_Hwi_Module_startup__E)
                  00085607    00000009                   : BIOS.obj (.text:_ti_sysbios_knl_Task_unblock__E)
                  00085610    00000009     ti.targets.rts2800.a28FP : System.o28FP (.text:_xdc_runtime_System_vsnprintf__E)
                  00085619    00000009     MotionControl_Firmware_CPU1_p28FP.o28FP (.text:_xdc_runtime_Text_visitRope__I)
                  00085622    00000009     rts2800_fpu32.lib : _lock.obj (.text)
                  0008562b    00000008     Boot.a28FP : Boot.o28FP (.text:.bootCodeSection:_ti_catalog_c2800_initF2837x_Boot_initSharedRAMs)
                  00085633    00000008     sysbios.a28FP : BIOS.obj (.text:_ti_sysbios_BIOS_setThreadType__E)
                  0008563b    00000008     MotionControl_Firmware_CPU1_p28FP.o28FP (.text:_ti_sysbios_knl_Clock_Module_State_clockQ)
                  00085643    00000008     ti.targets.rts2800.a28FP : SysMin.o28FP (.text:_xdc_runtime_SysMin_ready__E)
                  0008564b    00000008     rts2800_fpu32.lib : strlen.obj (.text)
                  00085653    00000007     MotionControl_Firmware_CPU1_p28FP.o28FP (.text:_ti_sysbios_BIOS_RtsGateProxy_leave__E)
                  0008565a    00000007     MotionControl_Firmware_CPU1_p28FP.o28FP (.text:_ti_sysbios_hal_Hwi_HwiProxy_getStackInfo__E)
                  00085661    00000007     sysbios.a28FP : BIOS.obj (.text:_ti_sysbios_knl_Queue_empty__E)
                  00085668    00000007     MotionControl_Firmware_CPU1_p28FP.o28FP (.text:_ti_sysbios_knl_Task_SupportProxy_checkStack__E)
                  0008566f    00000007     MotionControl_Firmware_CPU1_p28FP.o28FP (.text:_ti_sysbios_knl_Task_SupportProxy_swap__E)
                  00085676    00000007     ti.targets.rts2800.a28FP : Error.o28FP (.text:_xdc_runtime_Error_init__E)
                  0008567d    00000007     MotionControl_Firmware_CPU1_p28FP.o28FP (.text:_xdc_runtime_LoggerBuf_Module_GateProxy_leave__E)
                  00085684    00000007     MotionControl_Firmware_CPU1_p28FP.o28FP (.text:_xdc_runtime_System_Module_GateProxy_leave__E)
                  0008568b    00000006     MotionControl_Firmware_CPU1_p28FP.o28FP (.text:_ti_sysbios_BIOS_RtsGateProxy_enter__E)
                  00085691    00000006     sysbios.a28FP : c28_IntrinsicsSupport_asm.obj (.text:_ti_sysbios_family_c28_IntrinsicsSupport_maxbit__E)
                  00085697    00000006     MotionControl_Firmware_CPU1_p28FP.o28FP (.text:_ti_sysbios_knl_Clock_TimerProxy_getMaxTicks__E)
                  0008569d    00000006     sysbios.a28FP : BIOS.obj (.text:_ti_sysbios_knl_Swi_disable__E)
                  000856a3    00000006                   : BIOS.obj (.text:_ti_sysbios_knl_Task_disable__E)
                  000856a9    00000006     ti.targets.rts2800.a28FP : Gate.o28FP (.text:_xdc_runtime_Gate_enterSystem__E)
                  000856af    00000006                              : Gate.o28FP (.text:_xdc_runtime_Gate_leaveSystem__E)
                  000856b5    00000006     MotionControl_Firmware_CPU1_p28FP.o28FP (.text:_xdc_runtime_LoggerBuf_Module_GateProxy_enter__E)
                  000856bb    00000006     MotionControl_Firmware_CPU1_p28FP.o28FP (.text:_xdc_runtime_LoggerBuf_TimestampProxy_get64__E)
                  000856c1    00000006     MotionControl_Firmware_CPU1_p28FP.o28FP (.text:_xdc_runtime_System_Module_GateProxy_enter__E)
                  000856c7    00000006     MotionControl_Firmware_CPU1_p28FP.o28FP (.text:_xdc_runtime_System_SupportProxy_abort__E)
                  000856cd    00000006     MotionControl_Firmware_CPU1_p28FP.o28FP (.text:_xdc_runtime_System_SupportProxy_exit__E)
                  000856d3    00000006     MotionControl_Firmware_CPU1_p28FP.o28FP (.text:_xdc_runtime_System_SupportProxy_putch__E)
                  000856d9    00000005     sysbios.a28FP : BIOS.obj (.text:_ti_sysbios_family_c28_Hwi_switchFromBootStack__E)
                  000856de    00000005                   : BIOS.obj (.text:_ti_sysbios_gates_GateHwi_enter__E)
                  000856e3    00000005     MotionControl_Firmware_CPU1_p28FP.o28FP (.text:_xdc_iargToPtr)
                  000856e8    00000005     ti.targets.rts2800.a28FP : LoggerBuf.o28FP (.text:_xdc_runtime_LoggerBuf_enable__E)
                  000856ed    00000005     rts2800_fpu32.lib : strcpy.obj (.text)
                  000856f2    00000004     MotionControl_Firmware_CPU1_p28FP.o28FP (.text:_ti_sysbios_family_c28_Hwi_startup__E)
                  000856f6    00000004     sysbios.a28FP : BIOS.obj (.text:_ti_sysbios_knl_Swi_startup__E)
                  000856fa    00000004     ti.targets.rts2800.a28FP : LoggerBuf.o28FP (.text:_xdc_runtime_LoggerBuf_disable__E)
                  000856fe    00000004                              : Startup.o28FP (.text:_xdc_runtime_Startup_rtsDone__E)
                  00085702    00000003     F2837xD_DBGIER.obj (.text)
                  00085705    00000003     ti.targets.rts2800.a28FP : xdc_noinit.o28FP (.text:___xdc__init)
                  00085708    00000003     MotionControl_Firmware_CPU1_p28FP.o28FP (.text:_ti_sysbios_family_c28_Hwi_Module__startupDone__S)
                  0008570b    00000003     MotionControl_Firmware_CPU1_p28FP.o28FP (.text:_ti_sysbios_family_c28_Timer_Module__startupDone__S)
                  0008570e    00000003     sysbios.a28FP : BIOS.obj (.text:_ti_sysbios_gates_GateHwi_leave__E)
                  00085711    00000003     MotionControl_Firmware_CPU1_p28FP.o28FP (.text:_ti_sysbios_hal_Hwi_HwiProxy_Module__startupDone__S)
                  00085714    00000003     MotionControl_Firmware_CPU1_p28FP.o28FP (.text:_ti_sysbios_hal_Hwi_HwiProxy_startup__E)
                  00085717    00000003     MotionControl_Firmware_CPU1_p28FP.o28FP (.text:_ti_sysbios_hal_Hwi_HwiProxy_switchFromBootStack__E)
                  0008571a    00000003     sysbios.a28FP : BIOS.obj (.text:_ti_sysbios_hal_Hwi_startup__E)
                  0008571d    00000003     MotionControl_Firmware_CPU1_p28FP.o28FP (.text:_ti_sysbios_knl_Clock_TimerProxy_Module__startupDone__S)
                  00085720    00000003     sysbios.a28FP : BIOS.obj (.text:_ti_sysbios_knl_Idle_loop__E)
                  00085723    00000003     MotionControl_Firmware_CPU1_p28FP.o28FP (.text:_ti_sysbios_knl_Task_SupportProxy_Module__startupDone__S)
                  00085726    00000003     sysbios.a28FP : BIOS.obj (.text:_ti_sysbios_knl_Task_startup__E)
                  00085729    00000003     MotionControl_Firmware_CPU1_p28FP.o28FP (.text:_xdc_runtime_Startup_reset__I)
                  0008572c    00000003     ti.targets.rts2800.a28FP : System.o28FP (.text:_xdc_runtime_System_Module_startup__E)
                  0008572f    00000003     MotionControl_Firmware_CPU1_p28FP.o28FP (.text:_xdc_runtime_System_SupportProxy_ready__E)
                  00085732    00000003     ti.targets.rts2800.a28FP : System.o28FP (.text:_xdc_runtime_System_abortStd__E)
                  00085735    00000003                              : System.o28FP (.text:_xdc_runtime_System_exitStd__E)
                  00085738    00000002     MotionControl_Firmware_CPU1_p28FP.o28FP (.text:_ti_sysbios_family_c28_TaskSupport_Module__startupDone__S)
                  0008573a    00000002     sysbios.a28FP : BIOS.obj (.text:_ti_sysbios_family_c28_Timer_getMaxTicks__E)
                  0008573c    00000002                   : BIOS.obj (.text:_ti_sysbios_gates_GateHwi_query__E)
                  0008573e    00000002                   : BIOS.obj (.text:_ti_sysbios_gates_GateMutex_query__E)
                  00085740    00000002     ti.targets.rts2800.a28FP : Error.o28FP (.text:_xdc_runtime_Error_getSite__E)
                  00085742    00000001     MotionControl_Firmware_CPU1_p28FP.o28FP (.text:.bootCodeSection:_ti_catalog_c2800_initF2837x_Boot_initStartup)
                  00085743    00000001     Boot.a28FP : Boot.o28FP (.text:_ti_catalog_c2800_initF2837x_Boot_defaultLimpAbortFunction)
                  00085744    00000001     sysbios.a28FP : BIOS.obj (.text:_ti_sysbios_BIOS_linkedWithIncorrectBootLibrary__E)
                  00085745    00000001     MotionControl_Firmware_CPU1_p28FP.o28FP (.text:_ti_sysbios_BIOS_nullFunc__I)
                  00085746    00000001     sysbios.a28FP : c28_Hwi_asm.obj (.text:_ti_sysbios_family_c28_Hwi_interruptReturn__I)
                  00085747    00000001                   : BIOS.obj (.text:_ti_sysbios_knl_Clock_logTick__E)

.econst    1    00088000    00000693     
                  00088000    000001c0     F2837xD_PieVect.obj (.econst:_PieVectTableInit)
                  000881c0    000001c0     MotionControl_Firmware_CPU1_p28FP.o28FP (.econst:_ti_sysbios_family_c28_Hwi_vectors)
                  00088380    000000b6     MotionControl_Firmware_CPU1_p28FP.o28FP (.econst:.string)
                  00088436    00000058     ti.targets.rts2800.a28FP : Error.o28FP (.econst:.string)
                  0008848e    00000047                              : Log.o28FP (.econst:.string)
                  000884d5    00000001     MotionControl_Firmware_CPU1_p28FP.o28FP (.econst:ti_sysbios_family_c28_Hwi_Module__id__C)
                  000884d6    00000043     ti.targets.rts2800.a28FP : Text.o28FP (.econst:.string)
                  00088519    00000001     MotionControl_Firmware_CPU1_p28FP.o28FP (.econst:ti_sysbios_family_c28_Hwi_NUM_INTERRUPTS_ALL__C)
                  0008851a    0000002a     ti.targets.rts2800.a28FP : Startup.o28FP (.econst:.string)
                  00088544    00000022     main.obj (.econst:.string)
                  00088566    0000001e     MotionControl_Firmware_CPU1_p28FP.o28FP (.econst:xdc_runtime_LoggerBuf_Module__FXNS__C)
                  00088584    00000012     MotionControl_Firmware_CPU1_p28FP.o28FP (.econst:ti_sysbios_gates_GateHwi_Module__FXNS__C)
                  00088596    00000012     MotionControl_Firmware_CPU1_p28FP.o28FP (.econst:ti_sysbios_gates_GateMutex_Module__FXNS__C)
                  000885a8    00000012     MotionControl_Firmware_CPU1_p28FP.o28FP (.econst:xdc_runtime_Startup_sfxnTab__A)
                  000885ba    00000011     ti.targets.rts2800.a28FP : System.o28FP (.econst:_digtohex)
                  000885cb    00000009     MotionControl_Firmware_CPU1_p28FP.o28FP (.econst:xdc_runtime_Startup_sfxnRts__A)
                  000885d4    00000007     ti.targets.rts2800.a28FP : System.o28FP (.econst:.string)
                  000885db    00000001     MotionControl_Firmware_CPU1_p28FP.o28FP (.econst:ti_sysbios_family_c28_Hwi_Object__count__C)
                  000885dc    00000005     ti.targets.rts2800.a28FP : Assert.o28FP (.econst:.string)
                  000885e1    00000001     MotionControl_Firmware_CPU1_p28FP.o28FP (.econst:ti_sysbios_family_c28_TaskSupport_Module__id__C)
                  000885e2    00000004     MotionControl_Firmware_CPU1_p28FP.o28FP (.econst:ti_sysbios_knl_Idle_funcList__C)
                  000885e6    00000004     MotionControl_Firmware_CPU1_p28FP.o28FP (.econst:xdc_runtime_Startup_firstFxns__A)
                  000885ea    00000004     MotionControl_Firmware_CPU1_p28FP.o28FP (.econst:xdc_runtime_Startup_firstFxns__C)
                  000885ee    00000004     MotionControl_Firmware_CPU1_p28FP.o28FP (.econst:xdc_runtime_Startup_lastFxns__C)
                  000885f2    00000002     MotionControl_Firmware_CPU1_p28FP.o28FP (.econst:ti_sysbios_BIOS_installedErrorHook__C)
                  000885f4    00000002     MotionControl_Firmware_CPU1_p28FP.o28FP (.econst:ti_sysbios_family_c28_Hwi_A_badIntNum__C)
                  000885f6    00000002     MotionControl_Firmware_CPU1_p28FP.o28FP (.econst:ti_sysbios_family_c28_Hwi_A_invalidArg__C)
                  000885f8    00000002     MotionControl_Firmware_CPU1_p28FP.o28FP (.econst:ti_sysbios_family_c28_Hwi_E_unpluggedInterrupt__C)
                  000885fa    00000002     MotionControl_Firmware_CPU1_p28FP.o28FP (.econst:ti_sysbios_family_c28_Hwi_Module__diagsEnabled__C)
                  000885fc    00000002     MotionControl_Firmware_CPU1_p28FP.o28FP (.econst:ti_sysbios_family_c28_Hwi_Module__diagsIncluded__C)
                  000885fe    00000002     MotionControl_Firmware_CPU1_p28FP.o28FP (.econst:ti_sysbios_family_c28_Hwi_Module__diagsMask__C)
                  00088600    00000002     MotionControl_Firmware_CPU1_p28FP.o28FP (.econst:ti_sysbios_family_c28_Hwi_Object__table__C)
                  00088602    00000002     MotionControl_Firmware_CPU1_p28FP.o28FP (.econst:ti_sysbios_family_c28_TaskSupport_E_invalidStack__C)
                  00088604    00000002     MotionControl_Firmware_CPU1_p28FP.o28FP (.econst:ti_sysbios_gates_GateMutex_A_badContext__C)
                  00088606    00000002     MotionControl_Firmware_CPU1_p28FP.o28FP (.econst:ti_sysbios_gates_GateMutex_Instance_State_sem__O)
                  00088608    00000002     MotionControl_Firmware_CPU1_p28FP.o28FP (.econst:ti_sysbios_gates_GateMutex_Module__diagsEnabled__C)
                  0008860a    00000002     MotionControl_Firmware_CPU1_p28FP.o28FP (.econst:ti_sysbios_gates_GateMutex_Module__diagsIncluded__C)
                  0008860c    00000002     MotionControl_Firmware_CPU1_p28FP.o28FP (.econst:ti_sysbios_gates_GateMutex_Module__diagsMask__C)
                  0008860e    00000002     MotionControl_Firmware_CPU1_p28FP.o28FP (.econst:ti_sysbios_hal_Hwi_E_stackOverflow__C)
                  00088610    00000002     MotionControl_Firmware_CPU1_p28FP.o28FP (.econst:ti_sysbios_knl_Clock_Module_State_clockQ__O)
                  00088612    00000002     MotionControl_Firmware_CPU1_p28FP.o28FP (.econst:ti_sysbios_knl_Idle_funcList__A)
                  00088614    00000002     MotionControl_Firmware_CPU1_p28FP.o28FP (.econst:ti_sysbios_knl_Queue_Object__table__C)
                  00088616    00000002     MotionControl_Firmware_CPU1_p28FP.o28FP (.econst:ti_sysbios_knl_Semaphore_A_badContext__C)
                  00088618    00000002     MotionControl_Firmware_CPU1_p28FP.o28FP (.econst:ti_sysbios_knl_Semaphore_A_overflow__C)
                  0008861a    00000002     MotionControl_Firmware_CPU1_p28FP.o28FP (.econst:ti_sysbios_knl_Semaphore_A_pendTaskDisabled__C)
                  0008861c    00000002     MotionControl_Firmware_CPU1_p28FP.o28FP (.econst:ti_sysbios_knl_Semaphore_Instance_State_pendQ__O)
                  0008861e    00000002     MotionControl_Firmware_CPU1_p28FP.o28FP (.econst:ti_sysbios_knl_Semaphore_Module__diagsEnabled__C)
                  00088620    00000002     MotionControl_Firmware_CPU1_p28FP.o28FP (.econst:ti_sysbios_knl_Semaphore_Module__diagsIncluded__C)
                  00088622    00000002     MotionControl_Firmware_CPU1_p28FP.o28FP (.econst:ti_sysbios_knl_Semaphore_Module__diagsMask__C)
                  00088624    00000002     MotionControl_Firmware_CPU1_p28FP.o28FP (.econst:ti_sysbios_knl_Swi_Object__table__C)
                  00088626    00000002     MotionControl_Firmware_CPU1_p28FP.o28FP (.econst:ti_sysbios_knl_Task_A_badTimeout__C)
                  00088628    00000002     MotionControl_Firmware_CPU1_p28FP.o28FP (.econst:ti_sysbios_knl_Task_A_sleepTaskDisabled__C)
                  0008862a    00000002     MotionControl_Firmware_CPU1_p28FP.o28FP (.econst:ti_sysbios_knl_Task_E_spOutOfBounds__C)
                  0008862c    00000002     MotionControl_Firmware_CPU1_p28FP.o28FP (.econst:ti_sysbios_knl_Task_E_stackOverflow__C)
                  0008862e    00000002     MotionControl_Firmware_CPU1_p28FP.o28FP (.econst:ti_sysbios_knl_Task_Module_State_inactiveQ__O)
                  00088630    00000002     MotionControl_Firmware_CPU1_p28FP.o28FP (.econst:ti_sysbios_knl_Task_Module__diagsEnabled__C)
                  00088632    00000002     MotionControl_Firmware_CPU1_p28FP.o28FP (.econst:ti_sysbios_knl_Task_Module__diagsIncluded__C)
                  00088634    00000002     MotionControl_Firmware_CPU1_p28FP.o28FP (.econst:ti_sysbios_knl_Task_Module__diagsMask__C)
                  00088636    00000002     MotionControl_Firmware_CPU1_p28FP.o28FP (.econst:ti_sysbios_knl_Task_Object__table__C)
                  00088638    00000002     MotionControl_Firmware_CPU1_p28FP.o28FP (.econst:ti_sysbios_knl_Task_allBlockedFunc__C)
                  0008863a    00000002     MotionControl_Firmware_CPU1_p28FP.o28FP (.econst:xdc_runtime_Assert_E_assertFailed__C)
                  0008863c    00000002     MotionControl_Firmware_CPU1_p28FP.o28FP (.econst:xdc_runtime_Error_Module__diagsEnabled__C)
                  0008863e    00000002     MotionControl_Firmware_CPU1_p28FP.o28FP (.econst:xdc_runtime_Error_Module__diagsIncluded__C)
                  00088640    00000002     MotionControl_Firmware_CPU1_p28FP.o28FP (.econst:xdc_runtime_Error_Module__diagsMask__C)
                  00088642    00000002     MotionControl_Firmware_CPU1_p28FP.o28FP (.econst:xdc_runtime_Error_Module__loggerFxn8__C)
                  00088644    00000002     MotionControl_Firmware_CPU1_p28FP.o28FP (.econst:xdc_runtime_Error_Module__loggerObj__C)
                  00088646    00000002     MotionControl_Firmware_CPU1_p28FP.o28FP (.econst:xdc_runtime_Error_policyFxn__C)
                  00088648    00000002     MotionControl_Firmware_CPU1_p28FP.o28FP (.econst:xdc_runtime_Error_raiseHook__C)
                  0008864a    00000002     MotionControl_Firmware_CPU1_p28FP.o28FP (.econst:xdc_runtime_IFilterLogger_Interface__BASE__C)
                  0008864c    00000002     MotionControl_Firmware_CPU1_p28FP.o28FP (.econst:xdc_runtime_IGateProvider_Interface__BASE__C)
                  0008864e    00000002     MotionControl_Firmware_CPU1_p28FP.o28FP (.econst:xdc_runtime_ILogger_Interface__BASE__C)
                  00088650    00000002     MotionControl_Firmware_CPU1_p28FP.o28FP (.econst:xdc_runtime_IModule_Interface__BASE__C)
                  00088652    00000002     MotionControl_Firmware_CPU1_p28FP.o28FP (.econst:xdc_runtime_Log_L_error__C)
                  00088654    00000002     MotionControl_Firmware_CPU1_p28FP.o28FP (.econst:xdc_runtime_LoggerBuf_E_badLevel__C)
                  00088656    00000002     MotionControl_Firmware_CPU1_p28FP.o28FP (.econst:xdc_runtime_LoggerBuf_Module__gateObj__C)
                  00088658    00000002     MotionControl_Firmware_CPU1_p28FP.o28FP (.econst:xdc_runtime_LoggerBuf_Object__table__C)
                  0008865a    00000002     MotionControl_Firmware_CPU1_p28FP.o28FP (.econst:xdc_runtime_LoggerBuf_statusLogger__C)
                  0008865c    00000002     MotionControl_Firmware_CPU1_p28FP.o28FP (.econst:xdc_runtime_Main_Module__diagsEnabled__C)
                  0008865e    00000002     MotionControl_Firmware_CPU1_p28FP.o28FP (.econst:xdc_runtime_Main_Module__diagsIncluded__C)
                  00088660    00000002     MotionControl_Firmware_CPU1_p28FP.o28FP (.econst:xdc_runtime_Main_Module__diagsMask__C)
                  00088662    00000002     MotionControl_Firmware_CPU1_p28FP.o28FP (.econst:xdc_runtime_Startup_execImpl__C)
                  00088664    00000002     MotionControl_Firmware_CPU1_p28FP.o28FP (.econst:xdc_runtime_Startup_sfxnRts__C)
                  00088666    00000002     MotionControl_Firmware_CPU1_p28FP.o28FP (.econst:xdc_runtime_Startup_sfxnTab__C)
                  00088668    00000002     MotionControl_Firmware_CPU1_p28FP.o28FP (.econst:xdc_runtime_Startup_startModsFxn__C)
                  0008866a    00000002     MotionControl_Firmware_CPU1_p28FP.o28FP (.econst:xdc_runtime_SysMin_bufSize__C)
                  0008866c    00000002     MotionControl_Firmware_CPU1_p28FP.o28FP (.econst:xdc_runtime_SysMin_outputFunc__C)
                  0008866e    00000002     MotionControl_Firmware_CPU1_p28FP.o28FP (.econst:xdc_runtime_System_Module__gateObj__C)
                  00088670    00000002     MotionControl_Firmware_CPU1_p28FP.o28FP (.econst:xdc_runtime_System_abortFxn__C)
                  00088672    00000002     MotionControl_Firmware_CPU1_p28FP.o28FP (.econst:xdc_runtime_System_exitFxn__C)
                  00088674    00000002     MotionControl_Firmware_CPU1_p28FP.o28FP (.econst:xdc_runtime_System_extendFxn__C)
                  00088676    00000002     MotionControl_Firmware_CPU1_p28FP.o28FP (.econst:xdc_runtime_Text_charTab__C)
                  00088678    00000002     MotionControl_Firmware_CPU1_p28FP.o28FP (.econst:xdc_runtime_Text_nodeTab__A)
                  0008867a    00000002     MotionControl_Firmware_CPU1_p28FP.o28FP (.econst:xdc_runtime_Text_visitRopeFxn__C)
                  0008867c    00000001     MotionControl_Firmware_CPU1_p28FP.o28FP (.econst:ti_sysbios_family_c28_Timer_startupNeeded__C)
                  0008867d    00000001     MotionControl_Firmware_CPU1_p28FP.o28FP (.econst:ti_sysbios_gates_GateMutex_Module__id__C)
                  0008867e    00000001     MotionControl_Firmware_CPU1_p28FP.o28FP (.econst:ti_sysbios_hal_Hwi_Module__id__C)
                  0008867f    00000001     MotionControl_Firmware_CPU1_p28FP.o28FP (.econst:ti_sysbios_knl_Queue_Object__count__C)
                  00088680    00000001     MotionControl_Firmware_CPU1_p28FP.o28FP (.econst:ti_sysbios_knl_Semaphore_Module__id__C)
                  00088681    00000001     MotionControl_Firmware_CPU1_p28FP.o28FP (.econst:ti_sysbios_knl_Swi_Object__count__C)
                  00088682    00000001     MotionControl_Firmware_CPU1_p28FP.o28FP (.econst:ti_sysbios_knl_Task_Module__id__C)
                  00088683    00000001     MotionControl_Firmware_CPU1_p28FP.o28FP (.econst:ti_sysbios_knl_Task_Object__count__C)
                  00088684    00000001     MotionControl_Firmware_CPU1_p28FP.o28FP (.econst:ti_sysbios_knl_Task_numConstructedTasks__C)
                  00088685    00000001     MotionControl_Firmware_CPU1_p28FP.o28FP (.econst:xdc_runtime_Error_Module__loggerDefined__C)
                  00088686    00000001     MotionControl_Firmware_CPU1_p28FP.o28FP (.econst:xdc_runtime_Error_maxDepth__C)
                  00088687    00000001     MotionControl_Firmware_CPU1_p28FP.o28FP (.econst:xdc_runtime_Error_policy__C)
                  00088688    00000001     MotionControl_Firmware_CPU1_p28FP.o28FP (.econst:xdc_runtime_LoggerBuf_Module__id__C)
                  00088689    00000001     MotionControl_Firmware_CPU1_p28FP.o28FP (.econst:xdc_runtime_LoggerBuf_Object__count__C)
                  0008868a    00000001     MotionControl_Firmware_CPU1_p28FP.o28FP (.econst:xdc_runtime_LoggerBuf_filterByLevel__C)
                  0008868b    00000001     MotionControl_Firmware_CPU1_p28FP.o28FP (.econst:xdc_runtime_Main_Module__id__C)
                  0008868c    00000001     MotionControl_Firmware_CPU1_p28FP.o28FP (.econst:xdc_runtime_Startup_maxPasses__C)
                  0008868d    00000001     MotionControl_Firmware_CPU1_p28FP.o28FP (.econst:xdc_runtime_SysMin_flushAtExit__C)
                  0008868e    00000001     MotionControl_Firmware_CPU1_p28FP.o28FP (.econst:xdc_runtime_System_maxAtexitHandlers__C)
                  0008868f    00000001     MotionControl_Firmware_CPU1_p28FP.o28FP (.econst:xdc_runtime_Text_charTab__A)
                  00088690    00000001     MotionControl_Firmware_CPU1_p28FP.o28FP (.econst:xdc_runtime_Text_isLoaded__C)
                  00088691    00000001     MotionControl_Firmware_CPU1_p28FP.o28FP (.econst:xdc_runtime_Text_registryModsLastId__C)
                  00088692    00000001     MotionControl_Firmware_CPU1_p28FP.o28FP (.econst:xdc_runtime_Text_unnamedModsLastId__C)

MODULE SUMMARY

       Module                                    code    ro data   rw data
       ------                                    ----    -------   -------
    ./Library/F2837xD_common/source/
       F2837xD_DefaultISR.obj                    1413    0         0      
       F2837xD_SysCtrl.obj                       949     0         0      
       F2837xD_Gpio.obj                          580     0         0      
       F2837xD_PieVect.obj                       38      0         448    
       F2837xD_struct.obj                        0       0         264    
       F2837xD_Adc.obj                           221     0         0      
       F2837xD_TempSensorConv.obj                194     0         6      
       F2837xD_Ipc_Driver.obj                    0       0         136    
       F2837xD_PieCtrl.obj                       40      0         0      
       F2837xD_CpuTimers.obj                     0       0         24     
       F2837xD_usDelay.obj                       8       0         0      
       F2837xD_sci_io.obj                        0       0         5      
       F2837xD_DBGIER.obj                        3       0         0      
    +--+-----------------------------------------+-------+---------+---------+
       Total:                                    3446    0         883    
                                                                          
    ./Library/F2837xD_headers/source/
       F2837xD_GlobalVariableDefs.obj            0       0         7597   
    +--+-----------------------------------------+-------+---------+---------+
       Total:                                    0       0         7597   
                                                                          
    ./Source/src/
       SystemInit.obj                            482     0         0      
       main.obj                                  308     0         45     
       CPU1_CLA1_task.obj                        140     0         0      
       CPU1_CLA1_interrupt.obj                   136     0         0      
    +--+-----------------------------------------+-------+---------+---------+
       Total:                                    1066    0         45     
                                                                          
    /home/yifan/git/MotionControlFirmware_TI_C2000/MotionControl_Firmware_CPU1/Debug/configPkg/package/cfg/
       MotionControl_Firmware_CPU1_p28FP.o28FP   881     0         3780   
    +--+-----------------------------------------+-------+---------+---------+
       Total:                                    881     0         3780   
                                                                          
    /home/yifan/TI_CCS/V6.2.0/ccsv6/tools/compiler/c2000_15.12.3.LTS/lib/rts2800_fpu32.lib
       trgdrv.obj                                636     0         8      
       trgmsg.obj                                148     0         288    
       ll_div.obj                                263     0         0      
       fs_div.obj                                136     0         0      
       cpy_tbl.obj                               70      0         0      
       exit.obj                                  41      0         20     
       memcpy.obj                                30      0         0      
       cpy_utils.obj                             26      0         0      
       args_main.obj                             25      0         0      
       ll_aox.obj                                24      0         0      
       _lock.obj                                 9       0         14     
       memset.obj                                12      0         0      
       strlen.obj                                8       0         0      
       strcpy.obj                                5       0         0      
    +--+-----------------------------------------+-------+---------+---------+
       Total:                                    1433    0         330    
                                                                          
    /home/yifan/git/MotionControlFirmware_TI_C2000/MotionControl_Firmware_CPU1/src/sysbios/sysbios.a28FP
       BIOS.obj                                  3521    0         28     
       c28_Hwi_disp_asm.obj                      155     0         0      
       c28_TaskSupport_asm.obj                   75      0         0      
       c28_Hwi_asm.obj                           52      0         0      
       c28_IntrinsicsSupport_asm.obj             6       0         0      
    +--+-----------------------------------------+-------+---------+---------+
       Total:                                    3809    0         28     
                                                                          
    /home/yifan/ti/bios_6_46_04_53/packages/ti/catalog/c2800/initF2837x/lib/Boot.a28FP
       Boot.o28FP                                82      0         0      
       Boot_asm.o28FP                            2       0         0      
    +--+-----------------------------------------+-------+---------+---------+
       Total:                                    84      0         0      
                                                                          
    /home/yifan/ti/bios_6_46_04_53/packages/ti/targets/rts2800/lib/boot.a28FP
       boot_cg.o28FP                             99      0         0      
    +--+-----------------------------------------+-------+---------+---------+
       Total:                                    99      0         0      
                                                                          
    /home/yifan/ti/bios_6_46_04_53/packages/ti/targets/rts2800/lib/ti.targets.rts2800.a28FP
       System.o28FP                              855     0         24     
       LoggerBuf.o28FP                           622     0         0      
       Error.o28FP                               325     0         88     
       Text.o28FP                                335     0         67     
       Startup.o28FP                             182     0         42     
       SysMin.o28FP                              126     0         0      
       Log.o28FP                                 0       0         71     
       Assert.o28FP                              50      0         5      
       Registry.o28FP                            14      0         0      
       Gate.o28FP                                12      0         0      
       xdc_noinit.o28FP                          3       0         0      
    +--+-----------------------------------------+-------+---------+---------+
       Total:                                    2524    0         297    
                                                                          
       Stack:                                    0       0         1024   
    +--+-----------------------------------------+-------+---------+---------+
       Grand Total:                              13342   0         13984  


GLOBAL DATA SYMBOLS: SORTED BY DATA PAGE

address     data page           name
--------    ----------------    ----
00000000       0 (00000000)     ___ISA__
00000013       0 (00000000)     ___TARG__
00000037       0 (00000000)     ___PLAT__

0000005d       1 (00000040)     ___TRDR__

00000084       2 (00000080)     ___ASM__

00000b00      2c (00000b00)     _AdcaResultRegs
00000b20      2c (00000b00)     _AdcbResultRegs

00000b40      2d (00000b40)     _AdccResultRegs
00000b60      2d (00000b40)     _AdcdResultRegs

00000c00      30 (00000c00)     _CpuTimer0Regs
[...]
1     0008519e  _ppcopy                                                   
1     000851b8  _ti_sysbios_family_c28_Hwi_Object__get__S                 
1     000851d1  _ti_sysbios_knl_Queue_Object__get__S                      
1     000851ea  _ti_sysbios_knl_Swi_restore__E                            
1     00085203  _xdc_runtime_System_aprintf_va__F                         
1     00085203  _xdc_runtime_System_avprintf__E                           
1     0008521c  _xdc_runtime_System_putchar__I                            
1     00085235  __args_main                                               
1     0008524e  _ti_sysbios_family_xxx_Hwi_switchAndRunFunc               
1     00085266  _LoggerBuf_instanceStartup                                
1     00085266  _xdc_runtime_LoggerBuf_reset__E                           
1     0008527e  _xdc_runtime_System_printf_va__F                          
1     0008527e  _xdc_runtime_System_vprintf__E                            
1     00085296  _xdc_runtime_Text_printVisFxn__I                          
1     000852ae  LL$$AND                                                   
1     000852b6  LL$$OR                                                    
1     000852be  LL$$XOR                                                   
1     000852c6  _ti_sysbios_BIOS_atExitFunc__I                            
1     000852dd  _ti_sysbios_family_c28_Timer_startup__E                   
1     000852f4  _ti_sysbios_knl_Clock_doTick__I                           
1     0008530b  _ti_sysbios_knl_Semaphore_pendTimeout__I                  
1     00085322  _ti_sysbios_knl_Swi_Object__get__S                        
1     00085339  _ti_sysbios_knl_Task_Object__get__S                       
1     00085350  _ti_sysbios_knl_Task_unblockI__E                          
1     00085367  _xdc_runtime_LoggerBuf_Object__get__S                     
1     0008537e  _xdc_runtime_SysMin_abort__E                              
1     00085395  _ti_sysbios_family_c28_Timer_Module_startup__E            
1     000853ab  _ti_sysbios_knl_Task_restore__E                           
1     000853c1  _ti_sysbios_BIOS_startFunc__I                             
1     000853d6  _ti_sysbios_knl_Swi_Module_startup__E                     
1     000853eb  _ti_sysbios_knl_Idle_run__E                               
1     000853ff  _ti_sysbios_BIOS_errorRaiseHook__I                        
1     00085412  _ti_sysbios_family_c28_Hwi_disableIER__E                  
1     00085424  _ti_sysbios_knl_Clock_Module_startup__E                   
1     00085436  _xdc_runtime_Error_raiseX__E                              
1     00085447  _ti_sysbios_BIOS_rtsLock__I                               
1     00085457  _ti_sysbios_family_c28_Hwi_enableIER__E                   
1     00085467  _ti_sysbios_family_c28_Timer_stop__E                      
1     00085477  _ti_sysbios_knl_Task_restoreHwi__E                        
1     00085487  _xdc_runtime_LoggerBuf_write2__E                          
1     00085496  _ti_sysbios_family_c28_f2837x_TimestampProvider_get64__E  
1     000854a4  _xdc_runtime_Registry_findById__E                         
1     000854b2  _xdc_runtime_SysMin_Module_startup__E                     
1     000854c0  _ti_sysbios_BIOS_registerRTSLock__I                       
1     000854cd  _ti_sysbios_BIOS_removeRTSLock__I                         
1     000854da  _ti_sysbios_family_c28_Hwi_dispatchC__I                   
1     000854e7  _ti_sysbios_family_c28_Hwi_restoreIER__E                  
1     000854f4  _ti_sysbios_knl_Task_SupportProxy_start__E                
1     00085501  _ti_sysbios_knl_Task_enter__I                             
1     0008550e  _xdc_runtime_Error_check__E                               
1     0008551b  _xdc_runtime_LoggerBuf_write1__E                          
1     00085528  _xdc_runtime_System_abort__E                              
1     00085535  _ti_sysbios_BIOS_exitFunc__I                              
1     00085541  _ti_sysbios_gates_GateMutex_leave__E                      
1     0008554d  _ti_sysbios_knl_Queue_put__E                              
1     00085559  _ti_sysbios_knl_Task_enabled__E                           
1     00085565  _xdc_runtime_System_aprintf__E                            
1     00085571  _xdc_runtime_System_printf__E                             
1     0008557d  _xdc_runtime_Text_ropeText__E                             
1     00085589  _memset                                                   
1     00085595  _ti_sysbios_family_c28_Hwi_Module__startupDone__F         
1     000855a0  _ti_sysbios_family_c28_Timer_Module__startupDone__F       
1     000855ab  _ti_sysbios_knl_Task_sleepTimeout__I                      
1     000855b6  _xdc_runtime_LoggerBuf_write0__E                          
1     000855c1  _xdc_runtime_Startup_exec__I                              
1     000855cc  _xdc_runtime_SysMin_exit__E                               
1     000855d7  _xdc_runtime_System_exit__E                               
1     000855e2  _ti_catalog_c2800_initF2837x_Boot_init                    
1     000855ec  _ti_sysbios_family_c28_TaskSupport_checkStack__E          
1     000855f5  _ti_sysbios_family_c28_TaskSupport_glue                   
1     000855fe  _ti_sysbios_hal_Hwi_Module_startup__E                     
1     00085607  _ti_sysbios_knl_Task_unblock__E                           
1     00085610  _xdc_runtime_System_snprintf_va__F                        
1     00085610  _xdc_runtime_System_vsnprintf__E                          
1     00085619  _xdc_runtime_Text_visitRope__I                            
1     00085622  __register_unlock                                         
1     00085626  __register_lock                                           
1     0008562a  __nop                                                     
1     0008562b  _ti_catalog_c2800_initF2837x_Boot_initSharedRAMs          
1     00085633  _ti_sysbios_BIOS_setThreadType__E                         
1     00085643  _xdc_runtime_SysMin_ready__E                              
1     0008564b  _strlen                                                   
1     00085653  _ti_sysbios_BIOS_RtsGateProxy_leave__E                    
1     0008565a  _ti_sysbios_hal_Hwi_HwiProxy_getStackInfo__E              
1     00085661  _ti_sysbios_knl_Queue_empty__E                            
1     00085668  _ti_sysbios_knl_Task_SupportProxy_checkStack__E           
1     0008566f  _ti_sysbios_knl_Task_SupportProxy_swap__E                 
1     00085676  _xdc_runtime_Error_init__E                                
1     0008567d  _xdc_runtime_LoggerBuf_Module_GateProxy_leave__E          
1     00085684  _xdc_runtime_System_Module_GateProxy_leave__E             
1     0008568b  _ti_sysbios_BIOS_RtsGateProxy_enter__E                    
1     00085691  _ti_sysbios_family_c28_IntrinsicsSupport_maxbit__E        
1     00085697  _ti_sysbios_knl_Clock_TimerProxy_getMaxTicks__E           
1     0008569d  _ti_sysbios_knl_Swi_disable__E                            
1     000856a3  _ti_sysbios_knl_Task_disable__E                           
1     000856a9  _xdc_runtime_Gate_enterSystem__E                          
1     000856af  _xdc_runtime_Gate_leaveSystem__E                          
1     000856b5  _xdc_runtime_LoggerBuf_Module_GateProxy_enter__E          
1     000856bb  _xdc_runtime_LoggerBuf_TimestampProxy_get64__E            
1     000856c1  _xdc_runtime_System_Module_GateProxy_enter__E             
1     000856c7  _xdc_runtime_System_SupportProxy_abort__E                 
1     000856cd  _xdc_runtime_System_SupportProxy_exit__E                  
1     000856d3  _xdc_runtime_System_SupportProxy_putch__E                 
1     000856d9  _ti_sysbios_family_c28_Hwi_switchFromBootStack__E         
1     000856de  _ti_sysbios_gates_GateHwi_enter__E                        
1     000856e8  _xdc_runtime_LoggerBuf_enable__E                          
1     000856ed  _strcpy                                                   
1     000856f2  _ti_sysbios_family_c28_Hwi_startup__E                     
1     000856f6  _ti_sysbios_knl_Swi_startup__E                            
1     000856fa  _xdc_runtime_LoggerBuf_disable__E                         
1     000856fe  _xdc_runtime_Startup_rtsDone__E                           
1     00085702  _SetDBGIER                                                
1     00085705  ___xdc__init                                              
1     00085708  _ti_sysbios_family_c28_Hwi_Module__startupDone__S         
1     0008570b  _ti_sysbios_family_c28_Timer_Module__startupDone__S       
1     0008570e  _ti_sysbios_gates_GateHwi_leave__E                        
1     00085711  _ti_sysbios_hal_Hwi_HwiProxy_Module__startupDone__S       
1     00085714  _ti_sysbios_hal_Hwi_HwiProxy_startup__E                   
1     00085717  _ti_sysbios_hal_Hwi_HwiProxy_switchFromBootStack__E       
1     0008571a  _ti_sysbios_hal_Hwi_startup__E                            
1     0008571d  _ti_sysbios_knl_Clock_TimerProxy_Module__startupDone__S   
1     00085720  _ti_sysbios_knl_Idle_loop__E                              
1     00085723  _ti_sysbios_knl_Task_SupportProxy_Module__startupDone__S  
1     00085726  _ti_sysbios_knl_Task_startup__E                           
1     00085729  _xdc_runtime_Startup_reset__I                             
1     0008572c  _xdc_runtime_System_Module_startup__E                     
1     0008572f  _xdc_runtime_System_SupportProxy_ready__E                 
1     00085732  _xdc_runtime_System_abortStd__E                           
1     00085735  _xdc_runtime_System_exitStd__E                            
1     00085738  _ti_sysbios_family_c28_TaskSupport_Module__startupDone__S 
1     0008573a  _ti_sysbios_family_c28_Timer_getMaxTicks__E               
1     0008573c  _ti_sysbios_gates_GateHwi_query__E                        
1     0008573e  _ti_sysbios_gates_GateMutex_query__E                      
1     00085740  _xdc_runtime_Error_getSite__E                             
1     00085742  _ti_catalog_c2800_initF2837x_Boot_initStartup             
1     00085743  _ti_catalog_c2800_initF2837x_Boot_defaultLimpAbortFunction
1     00085744  _ti_sysbios_BIOS_linkedWithIncorrectBootLibrary__E        
1     00085745  _ti_sysbios_BIOS_nullFunc__I                              
1     00085746  _ti_sysbios_family_c28_Hwi_interruptReturn__I             
1     00085747  _ti_sysbios_knl_Clock_logTick__E                          
1     00088000  _PieVectTableInit                                         
1     000881c0  _ti_sysbios_family_c28_Hwi_vectors                        
1     000884d5  _ti_sysbios_family_c28_Hwi_Module__id__C                  
1     00088519  _ti_sysbios_family_c28_Hwi_NUM_INTERRUPTS_ALL__C          
1     00088566  _xdc_runtime_LoggerBuf_Module__FXNS__C                    
1     00088584  _ti_sysbios_gates_GateHwi_Module__FXNS__C                 
1     00088596  _ti_sysbios_gates_GateMutex_Module__FXNS__C               
1     000885a8  _xdc_runtime_Startup_sfxnTab__A                           
1     000885cb  _xdc_runtime_Startup_sfxnRts__A                           
1     000885db  _ti_sysbios_family_c28_Hwi_Object__count__C               
1     000885e1  _ti_sysbios_family_c28_TaskSupport_Module__id__C          
1     000885e2  _ti_sysbios_knl_Idle_funcList__C                          
1     000885e6  _xdc_runtime_Startup_firstFxns__A                         
1     000885ea  _xdc_runtime_Startup_firstFxns__C                         
1     000885ee  _xdc_runtime_Startup_lastFxns__C                          
1     000885f2  _ti_sysbios_BIOS_installedErrorHook__C                    
1     000885f4  _ti_sysbios_family_c28_Hwi_A_badIntNum__C                 
1     000885f6  _ti_sysbios_family_c28_Hwi_A_invalidArg__C                
1     000885f8  _ti_sysbios_family_c28_Hwi_E_unpluggedInterrupt__C        
1     000885fa  _ti_sysbios_family_c28_Hwi_Module__diagsEnabled__C        
1     000885fc  _ti_sysbios_family_c28_Hwi_Module__diagsIncluded__C       
1     000885fe  _ti_sysbios_family_c28_Hwi_Module__diagsMask__C           
1     00088600  _ti_sysbios_family_c28_Hwi_Object__table__C               
1     00088602  _ti_sysbios_family_c28_TaskSupport_E_invalidStack__C      
1     00088604  _ti_sysbios_gates_GateMutex_A_badContext__C               
1     00088606  _ti_sysbios_gates_GateMutex_Instance_State_sem__O         
1     00088608  _ti_sysbios_gates_GateMutex_Module__diagsEnabled__C       
1     0008860a  _ti_sysbios_gates_GateMutex_Module__diagsIncluded__C      
1     0008860c  _ti_sysbios_gates_GateMutex_Module__diagsMask__C          
1     0008860e  _ti_sysbios_hal_Hwi_E_stackOverflow__C                    
1     00088610  _ti_sysbios_knl_Clock_Module_State_clockQ__O              
1     00088612  _ti_sysbios_knl_Idle_funcList__A                          
1     00088614  _ti_sysbios_knl_Queue_Object__table__C                    
1     00088616  _ti_sysbios_knl_Semaphore_A_badContext__C                 
1     00088618  _ti_sysbios_knl_Semaphore_A_overflow__C                   
1     0008861a  _ti_sysbios_knl_Semaphore_A_pendTaskDisabled__C           
1     0008861c  _ti_sysbios_knl_Semaphore_Instance_State_pendQ__O         
1     0008861e  _ti_sysbios_knl_Semaphore_Module__diagsEnabled__C         
1     00088620  _ti_sysbios_knl_Semaphore_Module__diagsIncluded__C        
1     00088622  _ti_sysbios_knl_Semaphore_Module__diagsMask__C            
1     00088624  _ti_sysbios_knl_Swi_Object__table__C                      
1     00088626  _ti_sysbios_knl_Task_A_badTimeout__C                      
1     00088628  _ti_sysbios_knl_Task_A_sleepTaskDisabled__C               
1     0008862a  _ti_sysbios_knl_Task_E_spOutOfBounds__C                   
1     0008862c  _ti_sysbios_knl_Task_E_stackOverflow__C                   
1     0008862e  _ti_sysbios_knl_Task_Module_State_inactiveQ__O            
1     00088630  _ti_sysbios_knl_Task_Module__diagsEnabled__C              
1     00088632  _ti_sysbios_knl_Task_Module__diagsIncluded__C             
1     00088634  _ti_sysbios_knl_Task_Module__diagsMask__C                 
1     00088636  _ti_sysbios_knl_Task_Object__table__C                     
1     00088638  _ti_sysbios_knl_Task_allBlockedFunc__C                    
1     0008863a  _xdc_runtime_Assert_E_assertFailed__C                     
1     0008863c  _xdc_runtime_Error_Module__diagsEnabled__C                
1     0008863e  _xdc_runtime_Error_Module__diagsIncluded__C               
1     00088640  _xdc_runtime_Error_Module__diagsMask__C                   
1     00088642  _xdc_runtime_Error_Module__loggerFxn8__C                  
1     00088644  _xdc_runtime_Error_Module__loggerObj__C                   
1     00088646  _xdc_runtime_Error_policyFxn__C                           
1     00088648  _xdc_runtime_Error_raiseHook__C                           
1     0008864a  _xdc_runtime_IFilterLogger_Interface__BASE__C             
1     0008864c  _xdc_runtime_IGateProvider_Interface__BASE__C             
1     0008864e  _xdc_runtime_ILogger_Interface__BASE__C                   
1     00088650  _xdc_runtime_IModule_Interface__BASE__C                   
1     00088652  _xdc_runtime_Log_L_error__C                               
1     00088654  _xdc_runtime_LoggerBuf_E_badLevel__C                      
1     00088656  _xdc_runtime_LoggerBuf_Module__gateObj__C                 
1     00088658  _xdc_runtime_LoggerBuf_Object__table__C                   
1     0008865a  _xdc_runtime_LoggerBuf_statusLogger__C                    
1     0008865c  _xdc_runtime_Main_Module__diagsEnabled__C                 
1     0008865e  _xdc_runtime_Main_Module__diagsIncluded__C                
1     00088660  _xdc_runtime_Main_Module__diagsMask__C                    
1     00088662  _xdc_runtime_Startup_execImpl__C                          
1     00088664  _xdc_runtime_Startup_sfxnRts__C                           
1     00088666  _xdc_runtime_Startup_sfxnTab__C                           
1     00088668  _xdc_runtime_Startup_startModsFxn__C                      
1     0008866a  _xdc_runtime_SysMin_bufSize__C                            
1     0008866c  _xdc_runtime_SysMin_outputFunc__C                         
1     0008866e  _xdc_runtime_System_Module__gateObj__C                    
1     00088670  _xdc_runtime_System_abortFxn__C                           
1     00088672  _xdc_runtime_System_exitFxn__C                            
1     00088674  _xdc_runtime_System_extendFxn__C                          
1     00088676  _xdc_runtime_Text_charTab__C                              
1     00088678  _xdc_runtime_Text_nodeTab__A                              
1     0008867a  _xdc_runtime_Text_visitRopeFxn__C                         
1     0008867c  _ti_sysbios_family_c28_Timer_startupNeeded__C             
1     0008867d  _ti_sysbios_gates_GateMutex_Module__id__C                 
1     0008867e  _ti_sysbios_hal_Hwi_Module__id__C                         
1     0008867f  _ti_sysbios_knl_Queue_Object__count__C                    
1     00088680  _ti_sysbios_knl_Semaphore_Module__id__C                   
1     00088681  _ti_sysbios_knl_Swi_Object__count__C                      
1     00088682  _ti_sysbios_knl_Task_Module__id__C                        
1     00088683  _ti_sysbios_knl_Task_Object__count__C                     
1     00088684  _ti_sysbios_knl_Task_numConstructedTasks__C               
1     00088685  _xdc_runtime_Error_Module__loggerDefined__C               
1     00088686  _xdc_runtime_Error_maxDepth__C                            
1     00088687  _xdc_runtime_Error_policy__C                              
1     00088688  _xdc_runtime_LoggerBuf_Module__id__C                      
1     00088689  _xdc_runtime_LoggerBuf_Object__count__C                   
1     0008868a  _xdc_runtime_LoggerBuf_filterByLevel__C                   
1     0008868b  _xdc_runtime_Main_Module__id__C                           
1     0008868c  _xdc_runtime_Startup_maxPasses__C                         
1     0008868d  _xdc_runtime_SysMin_flushAtExit__C                        
1     0008868e  _xdc_runtime_System_maxAtexitHandlers__C                  
1     0008868f  _xdc_runtime_Text_charTab__A                              
1     00088690  _xdc_runtime_Text_isLoaded__C                             
1     00088691  _xdc_runtime_Text_registryModsLastId__C                   
1     00088692  _xdc_runtime_Text_unnamedModsLastId__C                    
abs   00000001  _xdc_runtime_Startup__EXECFXN__C                          
abs   00000001  _xdc_runtime_Startup__RESETFXN__C                         
abs   00000046  _Cla1funcsLoadSize                                        
abs   00000046  _Cla1funcsRunSize                                         
abs   0000006a  _RamfuncsLoadSize                                         
abs   0000006a  _RamfuncsRunSize                                          
abs   00000400  __STACK_SIZE                                              
abs   ffffffff  .text                                                     
abs   ffffffff  ___TI_pprof_out_hndl                                      
abs   ffffffff  ___TI_prof_data_size                                      
abs   ffffffff  ___TI_prof_data_start                                     
abs   ffffffff  ___binit__                                                
abs   ffffffff  ___c_args__                                               
abs   ffffffff  ___etext__                                                
abs   ffffffff  ___pinit__                                                
abs   ffffffff  ___text__                                                 
abs   ffffffff  binit                                                     
abs   ffffffff  etext                                                     
abs   ffffffff  pinit                                                     

[757 symbols]
