<?xml version="1.0"?>
<link_info>
   <banner>TMS320C2000 Linker Unix v15.12.3.LTS</banner>
   <copyright>Copyright (c) 1996-2015 Texas Instruments Incorporated</copyright>
   <link_time>0x59207d23</link_time>
   <link_errors>0x0</link_errors>
   <output_file>MotionControl_Firmware_CPU1.out</output_file>
   <entry_point>
      <name>_c_int00</name>
      <address>0x83f9d</address>
   </entry_point>
   <input_file_list>
      <input_file id="fl-2">
         <path>./Library/F2837xD_common/source/</path>
         <kind>object</kind>
         <file>F2837xD_Adc.obj</file>
         <name>F2837xD_Adc.obj</name>
      </input_file>
      <input_file id="fl-3">
         <path>./Library/F2837xD_common/source/</path>
         <kind>object</kind>
         <file>F2837xD_CpuTimers.obj</file>
         <name>F2837xD_CpuTimers.obj</name>
      </input_file>
      <input_file id="fl-4">
         <path>./Library/F2837xD_common/source/</path>
         <kind>object</kind>
         <file>F2837xD_DBGIER.obj</file>
         <name>F2837xD_DBGIER.obj</name>
      </input_file>
      <input_file id="fl-5">
         <path>./Library/F2837xD_common/source/</path>
         <kind>object</kind>
         <file>F2837xD_DefaultISR.obj</file>
         <name>F2837xD_DefaultISR.obj</name>
      </input_file>
      <input_file id="fl-6">
         <path>./Library/F2837xD_common/source/</path>
         <kind>object</kind>
         <file>F2837xD_Dma.obj</file>
         <name>F2837xD_Dma.obj</name>
      </input_file>
      <input_file id="fl-7">
         <path>./Library/F2837xD_common/source/</path>
         <kind>object</kind>
         <file>F2837xD_Emif.obj</file>
         <name>F2837xD_Emif.obj</name>
      </input_file>
      <input_file id="fl-8">
         <path>./Library/F2837xD_common/source/</path>
         <kind>object</kind>
         <file>F2837xD_Gpio.obj</file>
         <name>F2837xD_Gpio.obj</name>
      </input_file>
      <input_file id="fl-9">
         <path>./Library/F2837xD_common/source/</path>
         <kind>object</kind>
         <file>F2837xD_I2C.obj</file>
         <name>F2837xD_I2C.obj</name>
      </input_file>
      <input_file id="fl-a">
         <path>./Library/F2837xD_common/source/</path>
         <kind>object</kind>
         <file>F2837xD_Ipc.obj</file>
         <name>F2837xD_Ipc.obj</name>
      </input_file>
      <input_file id="fl-b">
         <path>./Library/F2837xD_common/source/</path>
         <kind>object</kind>
         <file>F2837xD_Ipc_Driver.obj</file>
         <name>F2837xD_Ipc_Driver.obj</name>
      </input_file>
      <input_file id="fl-c">
         <path>./Library/F2837xD_common/source/</path>
         <kind>object</kind>
         <file>F2837xD_Ipc_Driver_Lite.obj</file>
         <name>F2837xD_Ipc_Driver_Lite.obj</name>
      </input_file>
      <input_file id="fl-d">
         <path>./Library/F2837xD_common/source/</path>
         <kind>object</kind>
         <file>F2837xD_Ipc_Driver_Util.obj</file>
         <name>F2837xD_Ipc_Driver_Util.obj</name>
      </input_file>
      <input_file id="fl-e">
         <path>./Library/F2837xD_common/source/</path>
         <kind>object</kind>
         <file>F2837xD_Mcbsp.obj</file>
         <name>F2837xD_Mcbsp.obj</name>
      </input_file>
      <input_file id="fl-f">
         <path>./Library/F2837xD_common/source/</path>
         <kind>object</kind>
         <file>F2837xD_PieCtrl.obj</file>
         <name>F2837xD_PieCtrl.obj</name>
      </input_file>
      <input_file id="fl-10">
         <path>./Library/F2837xD_common/source/</path>
         <kind>object</kind>
         <file>F2837xD_PieVect.obj</file>
         <name>F2837xD_PieVect.obj</name>
      </input_file>
      <input_file id="fl-11">
         <path>./Library/F2837xD_common/source/</path>
         <kind>object</kind>
         <file>F2837xD_Sci.obj</file>
         <name>F2837xD_Sci.obj</name>
      </input_file>
      <input_file id="fl-12">
         <path>./Library/F2837xD_common/source/</path>
         <kind>object</kind>
         <file>F2837xD_SysCtrl.obj</file>
         <name>F2837xD_SysCtrl.obj</name>
      </input_file>
      <input_file id="fl-13">
         <path>./Library/F2837xD_common/source/</path>
         <kind>object</kind>
         <file>F2837xD_sci_io.obj</file>
         <name>F2837xD_sci_io.obj</name>
      </input_file>
      <input_file id="fl-14">
         <path>./Library/F2837xD_common/source/</path>
         <kind>object</kind>
         <file>F2837xD_sdfm_drivers.obj</file>
         <name>F2837xD_sdfm_drivers.obj</name>
      </input_file>
      <input_file id="fl-15">
         <path>./Library/F2837xD_common/source/</path>
         <kind>object</kind>
         <file>F2837xD_struct.obj</file>
         <name>F2837xD_struct.obj</name>
      </input_file>
      <input_file id="fl-16">
         <path>./Library/F2837xD_common/source/</path>
         <kind>object</kind>
         <file>F2837xD_usDelay.obj</file>
         <name>F2837xD_usDelay.obj</name>
      </input_file>
      <input_file id="fl-17">
         <path>./Library/F2837xD_headers/source/</path>
         <kind>object</kind>
         <file>F2837xD_GlobalVariableDefs.obj</file>
         <name>F2837xD_GlobalVariableDefs.obj</name>
      </input_file>
      <input_file id="fl-18">
         <path>./Source/src/</path>
         <kind>object</kind>
         <file>CPU1_CLA1_interrupt.obj</file>
         <name>CPU1_CLA1_interrupt.obj</name>
      </input_file>
      <input_file id="fl-19">
         <path>./Source/src/</path>
         <kind>object</kind>
         <file>CPU1_CLA1_task.obj</file>
         <name>CPU1_CLA1_task.obj</name>
      </input_file>
      <input_file id="fl-1a">
         <path>./Source/src/</path>
         <kind>object</kind>
         <file>CommutationMaster.obj</file>
         <name>CommutationMaster.obj</name>
      </input_file>
      <input_file id="fl-1b">
         <path>./Source/src/</path>
         <kind>object</kind>
         <file>ControlProcessMaster.obj</file>
         <name>ControlProcessMaster.obj</name>
      </input_file>
      <input_file id="fl-1c">
         <path>./Source/src/</path>
         <kind>object</kind>
         <file>CurrentLoopSweepSine.obj</file>
         <name>CurrentLoopSweepSine.obj</name>
      </input_file>
      <input_file id="fl-1d">
         <path>./Source/src/</path>
         <kind>object</kind>
         <file>IPCMaster_CPU1.obj</file>
         <name>IPCMaster_CPU1.obj</name>
      </input_file>
      <input_file id="fl-1e">
         <path>./Source/src/</path>
         <kind>object</kind>
         <file>SystemInit.obj</file>
         <name>SystemInit.obj</name>
      </input_file>
      <input_file id="fl-1f">
         <path>./Source/src/</path>
         <kind>object</kind>
         <file>main.obj</file>
         <name>main.obj</name>
      </input_file>
      <input_file id="fl-23">
         <path>/home/yifan/git/MotionControlFirmware_TI_C2000/MotionControl_Firmware_CPU1/Debug/configPkg/package/cfg/</path>
         <kind>object</kind>
         <file>MotionControl_Firmware_CPU1_p28FP.o28FP</file>
         <name>MotionControl_Firmware_CPU1_p28FP.o28FP</name>
      </input_file>
      <input_file id="fl-2c">
         <path>/home/yifan/git/MotionControlFirmware_TI_C2000/MotionControl_Firmware_CPU1/src/sysbios/</path>
         <kind>archive</kind>
         <file>sysbios.a28FP</file>
         <name>BIOS.obj</name>
      </input_file>
      <input_file id="fl-2d">
         <path>/home/yifan/git/MotionControlFirmware_TI_C2000/MotionControl_Firmware_CPU1/src/sysbios/</path>
         <kind>archive</kind>
         <file>sysbios.a28FP</file>
         <name>c28_Hwi_asm.obj</name>
      </input_file>
      <input_file id="fl-2e">
         <path>/home/yifan/git/MotionControlFirmware_TI_C2000/MotionControl_Firmware_CPU1/src/sysbios/</path>
         <kind>archive</kind>
         <file>sysbios.a28FP</file>
         <name>c28_Hwi_disp_asm.obj</name>
      </input_file>
      <input_file id="fl-2f">
         <path>/home/yifan/git/MotionControlFirmware_TI_C2000/MotionControl_Firmware_CPU1/src/sysbios/</path>
         <kind>archive</kind>
         <file>sysbios.a28FP</file>
         <name>c28_IntrinsicsSupport_asm.obj</name>
      </input_file>
      <input_file id="fl-30">
         <path>/home/yifan/git/MotionControlFirmware_TI_C2000/MotionControl_Firmware_CPU1/src/sysbios/</path>
         <kind>archive</kind>
         <file>sysbios.a28FP</file>
         <name>c28_TaskSupport_asm.obj</name>
      </input_file>
      <input_file id="fl-31">
         <path>/home/yifan/ti/bios_6_46_04_53/packages/ti/targets/rts2800/lib/</path>
         <kind>archive</kind>
         <file>ti.targets.rts2800.a28FP</file>
         <name>Assert.o28FP</name>
      </input_file>
      <input_file id="fl-32">
         <path>/home/yifan/ti/bios_6_46_04_53/packages/ti/targets/rts2800/lib/</path>
         <kind>archive</kind>
         <file>ti.targets.rts2800.a28FP</file>
         <name>Core-mem.o28FP</name>
      </input_file>
      <input_file id="fl-33">
         <path>/home/yifan/ti/bios_6_46_04_53/packages/ti/targets/rts2800/lib/</path>
         <kind>archive</kind>
         <file>ti.targets.rts2800.a28FP</file>
         <name>Core-smem.o28FP</name>
      </input_file>
      <input_file id="fl-34">
         <path>/home/yifan/ti/bios_6_46_04_53/packages/ti/targets/rts2800/lib/</path>
         <kind>archive</kind>
         <file>ti.targets.rts2800.a28FP</file>
         <name>Core-label.o28FP</name>
      </input_file>
      <input_file id="fl-35">
         <path>/home/yifan/ti/bios_6_46_04_53/packages/ti/targets/rts2800/lib/</path>
         <kind>archive</kind>
         <file>ti.targets.rts2800.a28FP</file>
         <name>Core-params.o28FP</name>
      </input_file>
      <input_file id="fl-36">
         <path>/home/yifan/ti/bios_6_46_04_53/packages/ti/targets/rts2800/lib/</path>
         <kind>archive</kind>
         <file>ti.targets.rts2800.a28FP</file>
         <name>Error.o28FP</name>
      </input_file>
      <input_file id="fl-37">
         <path>/home/yifan/ti/bios_6_46_04_53/packages/ti/targets/rts2800/lib/</path>
         <kind>archive</kind>
         <file>ti.targets.rts2800.a28FP</file>
         <name>Gate.o28FP</name>
      </input_file>
      <input_file id="fl-38">
         <path>/home/yifan/ti/bios_6_46_04_53/packages/ti/targets/rts2800/lib/</path>
         <kind>archive</kind>
         <file>ti.targets.rts2800.a28FP</file>
         <name>HeapStd.o28FP</name>
      </input_file>
      <input_file id="fl-39">
         <path>/home/yifan/ti/bios_6_46_04_53/packages/ti/targets/rts2800/lib/</path>
         <kind>archive</kind>
         <file>ti.targets.rts2800.a28FP</file>
         <name>LoggerBuf.o28FP</name>
      </input_file>
      <input_file id="fl-3a">
         <path>/home/yifan/ti/bios_6_46_04_53/packages/ti/targets/rts2800/lib/</path>
         <kind>archive</kind>
         <file>ti.targets.rts2800.a28FP</file>
         <name>Memory.o28FP</name>
      </input_file>
      <input_file id="fl-3b">
         <path>/home/yifan/ti/bios_6_46_04_53/packages/ti/targets/rts2800/lib/</path>
         <kind>archive</kind>
         <file>ti.targets.rts2800.a28FP</file>
         <name>Startup.o28FP</name>
      </input_file>
      <input_file id="fl-3c">
         <path>/home/yifan/ti/bios_6_46_04_53/packages/ti/targets/rts2800/lib/</path>
         <kind>archive</kind>
         <file>ti.targets.rts2800.a28FP</file>
         <name>System.o28FP</name>
      </input_file>
      <input_file id="fl-3d">
         <path>/home/yifan/ti/bios_6_46_04_53/packages/ti/targets/rts2800/lib/</path>
         <kind>archive</kind>
         <file>ti.targets.rts2800.a28FP</file>
         <name>SysMin.o28FP</name>
      </input_file>
      <input_file id="fl-3e">
         <path>/home/yifan/ti/bios_6_46_04_53/packages/ti/targets/rts2800/lib/</path>
         <kind>archive</kind>
         <file>ti.targets.rts2800.a28FP</file>
         <name>Text.o28FP</name>
      </input_file>
      <input_file id="fl-3f">
         <path>/home/yifan/ti/bios_6_46_04_53/packages/ti/targets/rts2800/lib/</path>
         <kind>archive</kind>
         <file>ti.targets.rts2800.a28FP</file>
         <name>xdc_noinit.o28FP</name>
      </input_file>
      <input_file id="fl-40">
         <path>/home/yifan/ti/bios_6_46_04_53/packages/ti/targets/rts2800/lib/</path>
         <kind>archive</kind>
         <file>ti.targets.rts2800.a28FP</file>
         <name>Log.o28FP</name>
      </input_file>
      <input_file id="fl-41">
         <path>/home/yifan/ti/bios_6_46_04_53/packages/ti/targets/rts2800/lib/</path>
         <kind>archive</kind>
         <file>ti.targets.rts2800.a28FP</file>
         <name>Registry.o28FP</name>
      </input_file>
      <input_file id="fl-42">
         <path>/home/yifan/ti/bios_6_46_04_53/packages/ti/targets/rts2800/lib/</path>
         <kind>archive</kind>
         <file>boot.a28FP</file>
         <name>boot_cg.o28FP</name>
      </input_file>
      <input_file id="fl-43">
         <path>/home/yifan/ti/bios_6_46_04_53/packages/ti/catalog/c2800/initF2837x/lib/</path>
         <kind>archive</kind>
         <file>Boot.a28FP</file>
         <name>Boot.o28FP</name>
      </input_file>
      <input_file id="fl-44">
         <path>/home/yifan/ti/bios_6_46_04_53/packages/ti/catalog/c2800/initF2837x/lib/</path>
         <kind>archive</kind>
         <file>Boot.a28FP</file>
         <name>Boot_asm.o28FP</name>
      </input_file>
      <input_file id="fl-4a">
         <path>/home/yifan/TI_CCS/V6.2.0/ccsv6/tools/compiler/c2000_15.12.3.LTS/lib/</path>
         <kind>archive</kind>
         <file>rts2800_fpu32.lib</file>
         <name>_lock.obj</name>
      </input_file>
      <input_file id="fl-4b">
         <path>/home/yifan/TI_CCS/V6.2.0/ccsv6/tools/compiler/c2000_15.12.3.LTS/lib/</path>
         <kind>archive</kind>
         <file>rts2800_fpu32.lib</file>
         <name>args_main.obj</name>
      </input_file>
      <input_file id="fl-4c">
         <path>/home/yifan/TI_CCS/V6.2.0/ccsv6/tools/compiler/c2000_15.12.3.LTS/lib/</path>
         <kind>archive</kind>
         <file>rts2800_fpu32.lib</file>
         <name>cpy_tbl.obj</name>
      </input_file>
      <input_file id="fl-4d">
         <path>/home/yifan/TI_CCS/V6.2.0/ccsv6/tools/compiler/c2000_15.12.3.LTS/lib/</path>
         <kind>archive</kind>
         <file>rts2800_fpu32.lib</file>
         <name>cpy_utils.obj</name>
      </input_file>
      <input_file id="fl-4e">
         <path>/home/yifan/TI_CCS/V6.2.0/ccsv6/tools/compiler/c2000_15.12.3.LTS/lib/</path>
         <kind>archive</kind>
         <file>rts2800_fpu32.lib</file>
         <name>exit.obj</name>
      </input_file>
      <input_file id="fl-4f">
         <path>/home/yifan/TI_CCS/V6.2.0/ccsv6/tools/compiler/c2000_15.12.3.LTS/lib/</path>
         <kind>archive</kind>
         <file>rts2800_fpu32.lib</file>
         <name>ll_aox.obj</name>
      </input_file>
      <input_file id="fl-50">
         <path>/home/yifan/TI_CCS/V6.2.0/ccsv6/tools/compiler/c2000_15.12.3.LTS/lib/</path>
         <kind>archive</kind>
         <file>rts2800_fpu32.lib</file>
         <name>ll_div.obj</name>
      </input_file>
      <input_file id="fl-51">
         <path>/home/yifan/TI_CCS/V6.2.0/ccsv6/tools/compiler/c2000_15.12.3.LTS/lib/</path>
         <kind>archive</kind>
         <file>rts2800_fpu32.lib</file>
         <name>memcpy.obj</name>
      </input_file>
      <input_file id="fl-52">
         <path>/home/yifan/TI_CCS/V6.2.0/ccsv6/tools/compiler/c2000_15.12.3.LTS/lib/</path>
         <kind>archive</kind>
         <file>rts2800_fpu32.lib</file>
         <name>memset.obj</name>
      </input_file>
      <input_file id="fl-53">
         <path>/home/yifan/TI_CCS/V6.2.0/ccsv6/tools/compiler/c2000_15.12.3.LTS/lib/</path>
         <kind>archive</kind>
         <file>rts2800_fpu32.lib</file>
         <name>strcmp.obj</name>
      </input_file>
      <input_file id="fl-54">
         <path>/home/yifan/TI_CCS/V6.2.0/ccsv6/tools/compiler/c2000_15.12.3.LTS/lib/</path>
         <kind>archive</kind>
         <file>rts2800_fpu32.lib</file>
         <name>strlen.obj</name>
      </input_file>
      <input_file id="fl-55">
         <path>/home/yifan/TI_CCS/V6.2.0/ccsv6/tools/compiler/c2000_15.12.3.LTS/lib/</path>
         <kind>archive</kind>
         <file>rts2800_fpu32.lib</file>
         <name>trgdrv.obj</name>
      </input_file>
      <input_file id="fl-56">
         <path>/home/yifan/TI_CCS/V6.2.0/ccsv6/tools/compiler/c2000_15.12.3.LTS/lib/</path>
         <kind>archive</kind>
         <file>rts2800_fpu32.lib</file>
         <name>trgmsg.obj</name>
      </input_file>
      <input_file id="fl-57">
         <path>/home/yifan/TI_CCS/V6.2.0/ccsv6/tools/compiler/c2000_15.12.3.LTS/lib/</path>
         <kind>archive</kind>
         <file>rts2800_fpu32.lib</file>
         <name>strcpy.obj</name>
      </input_file>
   </input_file_list>
   <object_component_list>
      <object_component id="oc-18c">
         <name>.cinit</name>
         <load_address>0x82000</load_address>
         <run_address>0x82000</run_address>
         <size>0x423</size>
         <input_file_ref idref="fl-23"/>
      </object_component>
      <object_component id="oc-f8">
         <name>.cinit</name>
         <load_address>0x82423</load_address>
         <run_address>0x82423</run_address>
         <size>0x90</size>
         <input_file_ref idref="fl-15"/>
      </object_component>
      <object_component id="oc-215">
         <name>.cinit</name>
         <load_address>0x824b3</load_address>
         <run_address>0x824b3</run_address>
         <size>0xe</size>
         <input_file_ref idref="fl-4e"/>
      </object_component>
      <object_component id="oc-2cb">
         <name>.cinit:__lock</name>
         <load_address>0x824c1</load_address>
         <run_address>0x824c1</run_address>
         <size>0x5</size>
         <input_file_ref idref="fl-4a"/>
      </object_component>
      <object_component id="oc-2ca">
         <name>.cinit:__unlock</name>
         <load_address>0x824c6</load_address>
         <run_address>0x824c6</run_address>
         <size>0x5</size>
         <input_file_ref idref="fl-4a"/>
      </object_component>
      <object_component id="oc-ec">
         <name>.cinit</name>
         <load_address>0x824cb</load_address>
         <run_address>0x824cb</run_address>
         <size>0x4</size>
         <input_file_ref idref="fl-13"/>
      </object_component>
      <object_component id="oc-184">
         <name>.cinit</name>
         <load_address>0x824cf</load_address>
         <run_address>0x824cf</run_address>
         <size>0x4</size>
         <input_file_ref idref="fl-1f"/>
      </object_component>
      <object_component id="oc-a2">
         <name>.text:retain</name>
         <load_address>0x824f4</load_address>
         <run_address>0x824f4</run_address>
         <size>0x585</size>
         <input_file_ref idref="fl-5"/>
      </object_component>
      <object_component id="oc-2a0">
         <name>.text</name>
         <load_address>0x82a79</load_address>
         <run_address>0x82a79</run_address>
         <size>0x347</size>
         <input_file_ref idref="fl-12"/>
      </object_component>
      <object_component id="oc-399">
         <name>.text</name>
         <load_address>0x82dc0</load_address>
         <run_address>0x82dc0</run_address>
         <size>0x27c</size>
         <input_file_ref idref="fl-55"/>
      </object_component>
      <object_component id="oc-334">
         <name>.text:_xdc_runtime_System_doPrint__I</name>
         <load_address>0x8303c</load_address>
         <run_address>0x8303c</run_address>
         <size>0x25f</size>
         <input_file_ref idref="fl-3c"/>
      </object_component>
      <object_component id="oc-2a1">
         <name>.text</name>
         <load_address>0x8329b</load_address>
         <run_address>0x8329b</run_address>
         <size>0x244</size>
         <input_file_ref idref="fl-8"/>
      </object_component>
      <object_component id="oc-2c1">
         <name>.text:_ti_sysbios_knl_Semaphore_pend__E</name>
         <load_address>0x834df</load_address>
         <run_address>0x834df</run_address>
         <size>0x1a7</size>
         <input_file_ref idref="fl-2c"/>
      </object_component>
      <object_component id="oc-37d">
         <name>.text:_xdc_runtime_System_printfExtend__I</name>
         <load_address>0x83686</load_address>
         <run_address>0x83686</run_address>
         <size>0x10a</size>
         <input_file_ref idref="fl-23"/>
      </object_component>
      <object_component id="oc-220">
         <name>.text</name>
         <load_address>0x83790</load_address>
         <run_address>0x83790</run_address>
         <size>0x107</size>
         <input_file_ref idref="fl-50"/>
      </object_component>
      <object_component id="oc-299">
         <name>.text:_ti_sysbios_knl_Task_sleep__E</name>
         <load_address>0x83897</load_address>
         <run_address>0x83897</run_address>
         <size>0x100</size>
         <input_file_ref idref="fl-2c"/>
      </object_component>
      <object_component id="oc-26e">
         <name>.text:_xdc_runtime_HeapStd_alloc__E</name>
         <load_address>0x83997</load_address>
         <run_address>0x83997</run_address>
         <size>0xf7</size>
         <input_file_ref idref="fl-38"/>
      </object_component>
      <object_component id="oc-328">
         <name>.text:_ti_sysbios_family_c28_Hwi_clearInterrupt__E</name>
         <load_address>0x83a8e</load_address>
         <run_address>0x83a8e</run_address>
         <size>0xe2</size>
         <input_file_ref idref="fl-2c"/>
      </object_component>
      <object_component id="oc-291">
         <name>.text:_xdc_runtime_LoggerBuf_write8__E</name>
         <load_address>0x83b70</load_address>
         <run_address>0x83b70</run_address>
         <size>0xdf</size>
         <input_file_ref idref="fl-39"/>
      </object_component>
      <object_component id="oc-2a8">
         <name>.text:_xdc_runtime_Core_createObject__I</name>
         <load_address>0x83c4f</load_address>
         <run_address>0x83c4f</run_address>
         <size>0xd7</size>
         <input_file_ref idref="fl-32"/>
      </object_component>
      <object_component id="oc-2f0">
         <name>.text:_xdc_runtime_Error_policyDefault__E</name>
         <load_address>0x83d26</load_address>
         <run_address>0x83d26</run_address>
         <size>0xa5</size>
         <input_file_ref idref="fl-36"/>
      </object_component>
      <object_component id="oc-34f">
         <name>.text:_xdc_runtime_Core_constructObject__I</name>
         <load_address>0x83dcb</load_address>
         <run_address>0x83dcb</run_address>
         <size>0xa2</size>
         <input_file_ref idref="fl-33"/>
      </object_component>
      <object_component id="oc-3ba">
         <name>.text:_ti_sysbios_family_c28_Hwi_dispatch</name>
         <load_address>0x83e6d</load_address>
         <run_address>0x83e6d</run_address>
         <size>0x9b</size>
         <input_file_ref idref="fl-2e"/>
      </object_component>
      <object_component id="oc-290">
         <name>.text:_xdc_runtime_LoggerBuf_write4__E</name>
         <load_address>0x83f08</load_address>
         <run_address>0x83f08</run_address>
         <size>0x95</size>
         <input_file_ref idref="fl-39"/>
      </object_component>
      <object_component id="oc-8f">
         <name>.text</name>
         <load_address>0x83f9d</load_address>
         <run_address>0x83f9d</run_address>
         <size>0x63</size>
         <input_file_ref idref="fl-42"/>
      </object_component>
      <object_component id="oc-3b0">
         <name>.text</name>
         <load_address>0x84000</load_address>
         <run_address>0x84000</run_address>
         <size>0x94</size>
         <input_file_ref idref="fl-56"/>
      </object_component>
      <object_component id="oc-329">
         <name>.text:_ti_sysbios_family_c28_Hwi_enableInterrupt__E</name>
         <load_address>0x84094</load_address>
         <run_address>0x84094</run_address>
         <size>0x90</size>
         <input_file_ref idref="fl-2c"/>
      </object_component>
      <object_component id="oc-2b9">
         <name>.text:_xdc_runtime_HeapStd_Instance_init__E</name>
         <load_address>0x84124</load_address>
         <run_address>0x84124</run_address>
         <size>0x8c</size>
         <input_file_ref idref="fl-38"/>
      </object_component>
      <object_component id="oc-164">
         <name>.text:retain</name>
         <load_address>0x841b0</load_address>
         <run_address>0x841b0</run_address>
         <size>0x88</size>
         <input_file_ref idref="fl-18"/>
      </object_component>
      <object_component id="oc-2c2">
         <name>.text:_ti_sysbios_knl_Semaphore_post__E</name>
         <load_address>0x84238</load_address>
         <run_address>0x84238</run_address>
         <size>0x84</size>
         <input_file_ref idref="fl-2c"/>
      </object_component>
      <object_component id="oc-3cd">
         <name>.text:_ti_sysbios_family_c28_Hwi_disableInterrupt__E</name>
         <load_address>0x842bc</load_address>
         <run_address>0x842bc</run_address>
         <size>0x83</size>
         <input_file_ref idref="fl-2c"/>
      </object_component>
      <object_component id="oc-35b">
         <name>.text:_ti_sysbios_family_c28_Hwi_disablePIEIER__E</name>
         <load_address>0x8433f</load_address>
         <run_address>0x8433f</run_address>
         <size>0x80</size>
         <input_file_ref idref="fl-2c"/>
      </object_component>
      <object_component id="oc-35a">
         <name>.text:_ti_sysbios_family_c28_Hwi_enablePIEIER__E</name>
         <load_address>0x843bf</load_address>
         <run_address>0x843bf</run_address>
         <size>0x7f</size>
         <input_file_ref idref="fl-2c"/>
      </object_component>
      <object_component id="oc-345">
         <name>.text:_xdc_runtime_Startup_startMods__I</name>
         <load_address>0x8443e</load_address>
         <run_address>0x8443e</run_address>
         <size>0x7d</size>
         <input_file_ref idref="fl-3b"/>
      </object_component>
      <object_component id="oc-38d">
         <name>.text:_xdc_runtime_Text_putSite__E</name>
         <load_address>0x844bb</load_address>
         <run_address>0x844bb</run_address>
         <size>0x7b</size>
         <input_file_ref idref="fl-3e"/>
      </object_component>
      <object_component id="oc-26f">
         <name>.text:_xdc_runtime_HeapStd_free__E</name>
         <load_address>0x84536</load_address>
         <run_address>0x84536</run_address>
         <size>0x76</size>
         <input_file_ref idref="fl-38"/>
      </object_component>
      <object_component id="oc-32c">
         <name>.text:_ti_sysbios_knl_Task_checkStacks__E</name>
         <load_address>0x845ac</load_address>
         <run_address>0x845ac</run_address>
         <size>0x73</size>
         <input_file_ref idref="fl-2c"/>
      </object_component>
      <object_component id="oc-276">
         <name>.text:_ti_sysbios_gates_GateMutex_enter__E</name>
         <load_address>0x8461f</load_address>
         <run_address>0x8461f</run_address>
         <size>0x72</size>
         <input_file_ref idref="fl-2c"/>
      </object_component>
      <object_component id="oc-350">
         <name>.text:_ti_sysbios_knl_Semaphore_Instance_init__E</name>
         <load_address>0x84691</load_address>
         <run_address>0x84691</run_address>
         <size>0x6c</size>
         <input_file_ref idref="fl-2c"/>
      </object_component>
      <object_component id="oc-3bc">
         <name>.text:_ti_sysbios_family_c28_Timer_stopAndClear__I</name>
         <load_address>0x846fd</load_address>
         <run_address>0x846fd</run_address>
         <size>0x66</size>
         <input_file_ref idref="fl-2c"/>
      </object_component>
      <object_component id="oc-2aa">
         <name>.text:_xdc_runtime_Core_deleteObject__I</name>
         <load_address>0x84763</load_address>
         <run_address>0x84763</run_address>
         <size>0x51</size>
         <input_file_ref idref="fl-32"/>
      </object_component>
      <object_component id="oc-331">
         <name>.text:_xdc_runtime_Memory_alloc__E</name>
         <load_address>0x847b4</load_address>
         <run_address>0x847b4</run_address>
         <size>0x4e</size>
         <input_file_ref idref="fl-3a"/>
      </object_component>
      <object_component id="oc-3da">
         <name>.text:_ti_sysbios_family_c28_Hwi_dispatchCore__I</name>
         <load_address>0x84802</load_address>
         <run_address>0x84802</run_address>
         <size>0x4c</size>
         <input_file_ref idref="fl-2c"/>
      </object_component>
      <object_component id="oc-38c">
         <name>.text:_xdc_runtime_Text_putLab__E</name>
         <load_address>0x8484e</load_address>
         <run_address>0x8484e</run_address>
         <size>0x4c</size>
         <input_file_ref idref="fl-3e"/>
      </object_component>
      <object_component id="oc-259">
         <name>.text:_ti_sysbios_knl_Clock_workFunc__E</name>
         <load_address>0x8489a</load_address>
         <run_address>0x8489a</run_address>
         <size>0x4b</size>
         <input_file_ref idref="fl-2c"/>
      </object_component>
      <object_component id="oc-3ad">
         <name>.text:_ti_sysbios_knl_Task_postInit__I</name>
         <load_address>0x848e5</load_address>
         <run_address>0x848e5</run_address>
         <size>0x4b</size>
         <input_file_ref idref="fl-2c"/>
      </object_component>
      <object_component id="oc-29c">
         <name>.text:.bootCodeSection:_ti_catalog_c2800_initF2837x_Boot_configurePllDivs</name>
         <load_address>0x84930</load_address>
         <run_address>0x84930</run_address>
         <size>0x49</size>
         <input_file_ref idref="fl-43"/>
      </object_component>
      <object_component id="oc-393">
         <name>.text:_ti_sysbios_family_c28_Hwi_Module_startup__E</name>
         <load_address>0x84979</load_address>
         <run_address>0x84979</run_address>
         <size>0x47</size>
         <input_file_ref idref="fl-2c"/>
      </object_component>
      <object_component id="oc-352">
         <name>.text:_ti_sysbios_knl_Swi_run__I</name>
         <load_address>0x849c0</load_address>
         <run_address>0x849c0</run_address>
         <size>0x46</size>
         <input_file_ref idref="fl-2c"/>
      </object_component>
      <object_component id="oc-24b">
         <name>.text</name>
         <load_address>0x84a06</load_address>
         <run_address>0x84a06</run_address>
         <size>0x46</size>
         <input_file_ref idref="fl-4c"/>
      </object_component>
      <object_component id="oc-3a5">
         <name>.text:_ti_sysbios_family_c28_Timer_postInit__I</name>
         <load_address>0x84a4c</load_address>
         <run_address>0x84a4c</run_address>
         <size>0x43</size>
         <input_file_ref idref="fl-2c"/>
      </object_component>
      <object_component id="oc-338">
         <name>.text:_xdc_runtime_Error_setX__E</name>
         <load_address>0x84a8f</load_address>
         <run_address>0x84a8f</run_address>
         <size>0x43</size>
         <input_file_ref idref="fl-36"/>
      </object_component>
      <object_component id="oc-196">
         <name>.text:_ti_sysbios_family_c28_Hwi_unPluggedInterrupt__I</name>
         <load_address>0x84ad2</load_address>
         <run_address>0x84ad2</run_address>
         <size>0x42</size>
         <input_file_ref idref="fl-2c"/>
      </object_component>
      <object_component id="oc-301">
         <name>.text:_xdc_runtime_Core_assignParams__I</name>
         <load_address>0x84b14</load_address>
         <run_address>0x84b14</run_address>
         <size>0x42</size>
         <input_file_ref idref="fl-35"/>
      </object_component>
      <object_component id="oc-36a">
         <name>.text:_xdc_runtime_System_formatNum__I</name>
         <load_address>0x84b56</load_address>
         <run_address>0x84b56</run_address>
         <size>0x40</size>
         <input_file_ref idref="fl-3c"/>
      </object_component>
      <object_component id="oc-292">
         <name>.text:_xdc_runtime_LoggerBuf_setFilterLevel__E</name>
         <load_address>0x84b96</load_address>
         <run_address>0x84b96</run_address>
         <size>0x3f</size>
         <input_file_ref idref="fl-39"/>
      </object_component>
      <object_component id="oc-3dc">
         <name>.text:_ti_sysbios_knl_Swi_restoreHwi__E</name>
         <load_address>0x84bd5</load_address>
         <run_address>0x84bd5</run_address>
         <size>0x3e</size>
         <input_file_ref idref="fl-2c"/>
      </object_component>
      <object_component id="oc-293">
         <name>.text:_xdc_runtime_LoggerBuf_getFilterLevel__E</name>
         <load_address>0x84c13</load_address>
         <run_address>0x84c13</run_address>
         <size>0x3c</size>
         <input_file_ref idref="fl-39"/>
      </object_component>
      <object_component id="oc-3d0">
         <name>.text:_ti_sysbios_family_c28_TaskSupport_start__E</name>
         <load_address>0x84c4f</load_address>
         <run_address>0x84c4f</run_address>
         <size>0x3a</size>
         <input_file_ref idref="fl-2c"/>
      </object_component>
      <object_component id="oc-39c">
         <name>.text:_xdc_runtime_Text_putMod__E</name>
         <load_address>0x84c89</load_address>
         <run_address>0x84c89</run_address>
         <size>0x3a</size>
         <input_file_ref idref="fl-3e"/>
      </object_component>
      <object_component id="oc-294">
         <name>.text:_xdc_runtime_LoggerBuf_Object__create__S</name>
         <load_address>0x84cc3</load_address>
         <run_address>0x84cc3</run_address>
         <size>0x38</size>
         <input_file_ref idref="fl-23"/>
      </object_component>
      <object_component id="oc-272">
         <name>.text:_xdc_runtime_HeapStd_Object__create__S</name>
         <load_address>0x84cfb</load_address>
         <run_address>0x84cfb</run_address>
         <size>0x37</size>
         <input_file_ref idref="fl-23"/>
      </object_component>
      <object_component id="oc-38f">
         <name>.text:_xdc_runtime_Error_print__E</name>
         <load_address>0x84d32</load_address>
         <run_address>0x84d32</run_address>
         <size>0x36</size>
         <input_file_ref idref="fl-36"/>
      </object_component>
      <object_component id="oc-2d3">
         <name>.text:_ti_sysbios_knl_Task_startCore__E</name>
         <load_address>0x84d68</load_address>
         <run_address>0x84d68</run_address>
         <size>0x35</size>
         <input_file_ref idref="fl-2c"/>
      </object_component>
      <object_component id="oc-24c">
         <name>.text:_xdc_runtime_Startup_exec__E</name>
         <load_address>0x84d9d</load_address>
         <run_address>0x84d9d</run_address>
         <size>0x35</size>
         <input_file_ref idref="fl-3b"/>
      </object_component>
      <object_component id="oc-2ce">
         <name>.text:_ti_sysbios_BIOS_rtsUnlock__I</name>
         <load_address>0x84dd2</load_address>
         <run_address>0x84dd2</run_address>
         <size>0x34</size>
         <input_file_ref idref="fl-23"/>
      </object_component>
      <object_component id="oc-397">
         <name>.text:_ti_sysbios_knl_Task_Module_startup__E</name>
         <load_address>0x84e06</load_address>
         <run_address>0x84e06</run_address>
         <size>0x32</size>
         <input_file_ref idref="fl-2c"/>
      </object_component>
      <object_component id="oc-2b1">
         <name>.text:_xdc_runtime_Assert_raise__I</name>
         <load_address>0x84e38</load_address>
         <run_address>0x84e38</run_address>
         <size>0x32</size>
         <input_file_ref idref="fl-31"/>
      </object_component>
      <object_component id="oc-2e1">
         <name>.text:_xdc_runtime_LoggerBuf_Instance_init__E</name>
         <load_address>0x84e6a</load_address>
         <run_address>0x84e6a</run_address>
         <size>0x32</size>
         <input_file_ref idref="fl-39"/>
      </object_component>
      <object_component id="oc-31e">
         <name>.text:_ti_sysbios_knl_Swi_runLoop__I</name>
         <load_address>0x84e9c</load_address>
         <run_address>0x84e9c</run_address>
         <size>0x2e</size>
         <input_file_ref idref="fl-2c"/>
      </object_component>
      <object_component id="oc-2c6">
         <name>.text:_ti_sysbios_knl_Swi_schedule__I</name>
         <load_address>0x84eca</load_address>
         <run_address>0x84eca</run_address>
         <size>0x2e</size>
         <input_file_ref idref="fl-2c"/>
      </object_component>
      <object_component id="oc-336">
         <name>.text:_ti_sysbios_knl_Task_schedule__I</name>
         <load_address>0x84ef8</load_address>
         <run_address>0x84ef8</run_address>
         <size>0x2e</size>
         <input_file_ref idref="fl-2c"/>
      </object_component>
      <object_component id="oc-370">
         <name>.text:_ti_sysbios_family_c28_Hwi_getStackInfo__E</name>
         <load_address>0x84f26</load_address>
         <run_address>0x84f26</run_address>
         <size>0x2c</size>
         <input_file_ref idref="fl-2c"/>
      </object_component>
      <object_component id="oc-2d0">
         <name>.text:_ti_sysbios_family_c28_Timer_start__E</name>
         <load_address>0x84f52</load_address>
         <run_address>0x84f52</run_address>
         <size>0x2c</size>
         <input_file_ref idref="fl-2c"/>
      </object_component>
      <object_component id="oc-39d">
         <name>.text:_xdc_runtime_Text_xprintf__I</name>
         <load_address>0x84f7e</load_address>
         <run_address>0x84f7e</run_address>
         <size>0x2a</size>
         <input_file_ref idref="fl-3e"/>
      </object_component>
      <object_component id="oc-2fa">
         <name>.text</name>
         <load_address>0x84fa8</load_address>
         <run_address>0x84fa8</run_address>
         <size>0x29</size>
         <input_file_ref idref="fl-4e"/>
      </object_component>
      <object_component id="oc-348">
         <name>.text:_xdc_runtime_SysMin_flush__E</name>
         <load_address>0x84fd1</load_address>
         <run_address>0x84fd1</run_address>
         <size>0x28</size>
         <input_file_ref idref="fl-3d"/>
      </object_component>
      <object_component id="oc-3d9">
         <name>.text:_ti_sysbios_family_c28_TaskSupport_buildTaskStack</name>
         <load_address>0x84ff9</load_address>
         <run_address>0x84ff9</run_address>
         <size>0x25</size>
         <input_file_ref idref="fl-30"/>
      </object_component>
      <object_component id="oc-27e">
         <name>.text:_ti_sysbios_knl_Swi_post__E</name>
         <load_address>0x8501e</load_address>
         <run_address>0x8501e</run_address>
         <size>0x24</size>
         <input_file_ref idref="fl-2c"/>
      </object_component>
      <object_component id="oc-264">
         <name>.text:_xdc_runtime_System_processAtExit__E</name>
         <load_address>0x85042</load_address>
         <run_address>0x85042</run_address>
         <size>0x23</size>
         <input_file_ref idref="fl-3c"/>
      </object_component>
      <object_component id="oc-32b">
         <name>.text:_ti_sysbios_knl_Task_allBlockedFunction__I</name>
         <load_address>0x85065</load_address>
         <run_address>0x85065</run_address>
         <size>0x21</size>
         <input_file_ref idref="fl-2c"/>
      </object_component>
      <object_component id="oc-282">
         <name>.text:_xdc_runtime_System_atexit__E</name>
         <load_address>0x85086</load_address>
         <run_address>0x85086</run_address>
         <size>0x21</size>
         <input_file_ref idref="fl-3c"/>
      </object_component>
      <object_component id="oc-3be">
         <name>.text:_ti_sysbios_family_c28_Timer_setPrescale__E</name>
         <load_address>0x850a7</load_address>
         <run_address>0x850a7</run_address>
         <size>0x20</size>
         <input_file_ref idref="fl-2c"/>
      </object_component>
      <object_component id="oc-26a">
         <name>.text:_ti_sysbios_gates_GateHwi_Object__create__S</name>
         <load_address>0x850c7</load_address>
         <run_address>0x850c7</run_address>
         <size>0x1f</size>
         <input_file_ref idref="fl-23"/>
      </object_component>
      <object_component id="oc-278">
         <name>.text:_ti_sysbios_gates_GateMutex_Object__create__S</name>
         <load_address>0x850e6</load_address>
         <run_address>0x850e6</run_address>
         <size>0x1f</size>
         <input_file_ref idref="fl-23"/>
      </object_component>
      <object_component id="oc-3c4">
         <name>.text:_ti_sysbios_knl_Task_exit__E</name>
         <load_address>0x85105</load_address>
         <run_address>0x85105</run_address>
         <size>0x1f</size>
         <input_file_ref idref="fl-2c"/>
      </object_component>
      <object_component id="oc-263">
         <name>.text</name>
         <load_address>0x85124</load_address>
         <run_address>0x85124</run_address>
         <size>0x1f</size>
         <input_file_ref idref="fl-1f"/>
      </object_component>
      <object_component id="oc-2ed">
         <name>.text:_ti_sysbios_knl_Task_blockI__E</name>
         <load_address>0x85143</load_address>
         <run_address>0x85143</run_address>
         <size>0x1e</size>
         <input_file_ref idref="fl-2c"/>
      </object_component>
      <object_component id="oc-38e">
         <name>.text:_xdc_runtime_SysMin_putch__E</name>
         <load_address>0x85161</load_address>
         <run_address>0x85161</run_address>
         <size>0x1e</size>
         <input_file_ref idref="fl-3d"/>
      </object_component>
      <object_component id="oc-2f5">
         <name>.text</name>
         <load_address>0x8517f</load_address>
         <run_address>0x8517f</run_address>
         <size>0x1e</size>
         <input_file_ref idref="fl-51"/>
      </object_component>
      <object_component id="oc-363">
         <name>.text:_ti_sysbios_family_c28_TaskSupport_swap__E</name>
         <load_address>0x8519d</load_address>
         <run_address>0x8519d</run_address>
         <size>0x1d</size>
         <input_file_ref idref="fl-30"/>
      </object_component>
      <object_component id="oc-2d7">
         <name>.text:_xdc_runtime_LoggerBuf_filterOutEvent__I</name>
         <load_address>0x851ba</load_address>
         <run_address>0x851ba</run_address>
         <size>0x1d</size>
         <input_file_ref idref="fl-39"/>
      </object_component>
      <object_component id="oc-36c">
         <name>.text:_ti_sysbios_hal_Hwi_checkStack</name>
         <load_address>0x851d7</load_address>
         <run_address>0x851d7</run_address>
         <size>0x1c</size>
         <input_file_ref idref="fl-2c"/>
      </object_component>
      <object_component id="oc-3d4">
         <name>.text:_ti_sysbios_family_c28_Hwi_switchAndDispatch__I</name>
         <load_address>0x851f3</load_address>
         <run_address>0x851f3</run_address>
         <size>0x1b</size>
         <input_file_ref idref="fl-2d"/>
      </object_component>
      <object_component id="oc-2f3">
         <name>.text:_ti_sysbios_hal_Hwi_initStack</name>
         <load_address>0x8520e</load_address>
         <run_address>0x8520e</run_address>
         <size>0x1b</size>
         <input_file_ref idref="fl-2c"/>
      </object_component>
      <object_component id="oc-31b">
         <name>.text:_ti_sysbios_knl_Semaphore_construct</name>
         <load_address>0x85229</load_address>
         <run_address>0x85229</run_address>
         <size>0x1b</size>
         <input_file_ref idref="fl-23"/>
      </object_component>
      <object_component id="oc-3cf">
         <name>.text:_ti_sysbios_knl_Task_processVitalTaskFlag__I</name>
         <load_address>0x85244</load_address>
         <run_address>0x85244</run_address>
         <size>0x1b</size>
         <input_file_ref idref="fl-2c"/>
      </object_component>
      <object_component id="oc-387">
         <name>.text:_xdc_runtime_SysMin_output__I</name>
         <load_address>0x8525f</load_address>
         <run_address>0x8525f</run_address>
         <size>0x1b</size>
         <input_file_ref idref="fl-23"/>
      </object_component>
      <object_component id="oc-2ea">
         <name>.text:_ti_sysbios_knl_Clock_addI__E</name>
         <load_address>0x8527a</load_address>
         <run_address>0x8527a</run_address>
         <size>0x1a</size>
         <input_file_ref idref="fl-2c"/>
      </object_component>
      <object_component id="oc-2ab">
         <name>.text:_xdc_runtime_Core_assignLabel__I</name>
         <load_address>0x85294</load_address>
         <run_address>0x85294</run_address>
         <size>0x1a</size>
         <input_file_ref idref="fl-34"/>
      </object_component>
      <object_component id="oc-390">
         <name>.text:_xdc_runtime_LoggerBuf_Module_startup__E</name>
         <load_address>0x852ae</load_address>
         <run_address>0x852ae</run_address>
         <size>0x1a</size>
         <input_file_ref idref="fl-39"/>
      </object_component>
      <object_component id="oc-20f">
         <name>.text</name>
         <load_address>0x852c8</load_address>
         <run_address>0x852c8</run_address>
         <size>0x1a</size>
         <input_file_ref idref="fl-4d"/>
      </object_component>
      <object_component id="oc-3a4">
         <name>.text:_ti_sysbios_family_c28_Hwi_Object__get__S</name>
         <load_address>0x852e2</load_address>
         <run_address>0x852e2</run_address>
         <size>0x19</size>
         <input_file_ref idref="fl-23"/>
      </object_component>
      <object_component id="oc-3c7">
         <name>.text:_ti_sysbios_knl_Queue_Object__get__S</name>
         <load_address>0x852fb</load_address>
         <run_address>0x852fb</run_address>
         <size>0x19</size>
         <input_file_ref idref="fl-23"/>
      </object_component>
      <object_component id="oc-378">
         <name>.text:_ti_sysbios_knl_Queue_construct</name>
         <load_address>0x85314</load_address>
         <run_address>0x85314</run_address>
         <size>0x19</size>
         <input_file_ref idref="fl-23"/>
      </object_component>
      <object_component id="oc-2d2">
         <name>.text:_ti_sysbios_knl_Swi_restore__E</name>
         <load_address>0x8532d</load_address>
         <run_address>0x8532d</run_address>
         <size>0x19</size>
         <input_file_ref idref="fl-2c"/>
      </object_component>
      <object_component id="oc-349">
         <name>.text:_xdc_runtime_Memory_valloc__E</name>
         <load_address>0x85346</load_address>
         <run_address>0x85346</run_address>
         <size>0x19</size>
         <input_file_ref idref="fl-3a"/>
      </object_component>
      <object_component id="oc-3b8">
         <name>.text:_xdc_runtime_System_avprintf__E</name>
         <load_address>0x8535f</load_address>
         <run_address>0x8535f</run_address>
         <size>0x19</size>
         <input_file_ref idref="fl-3c"/>
      </object_component>
      <object_component id="oc-36b">
         <name>.text:_xdc_runtime_System_putchar__I</name>
         <load_address>0x85378</load_address>
         <run_address>0x85378</run_address>
         <size>0x19</size>
         <input_file_ref idref="fl-3c"/>
      </object_component>
      <object_component id="oc-24d">
         <name>.text</name>
         <load_address>0x85391</load_address>
         <run_address>0x85391</run_address>
         <size>0x19</size>
         <input_file_ref idref="fl-4b"/>
      </object_component>
      <object_component id="oc-31f">
         <name>.text:_ti_sysbios_family_xxx_Hwi_switchAndRunFunc</name>
         <load_address>0x853aa</load_address>
         <run_address>0x853aa</run_address>
         <size>0x18</size>
         <input_file_ref idref="fl-2d"/>
      </object_component>
      <object_component id="oc-332">
         <name>.text:_xdc_runtime_LoggerBuf_reset__E</name>
         <load_address>0x853c2</load_address>
         <run_address>0x853c2</run_address>
         <size>0x18</size>
         <input_file_ref idref="fl-39"/>
      </object_component>
      <object_component id="oc-2e3">
         <name>.text:_xdc_runtime_System_vprintf__E</name>
         <load_address>0x853da</load_address>
         <run_address>0x853da</run_address>
         <size>0x18</size>
         <input_file_ref idref="fl-3c"/>
      </object_component>
      <object_component id="oc-3b6">
         <name>.text:_xdc_runtime_Text_printVisFxn__I</name>
         <load_address>0x853f2</load_address>
         <run_address>0x853f2</run_address>
         <size>0x18</size>
         <input_file_ref idref="fl-3e"/>
      </object_component>
      <object_component id="oc-21b">
         <name>.text</name>
         <load_address>0x8540a</load_address>
         <run_address>0x8540a</run_address>
         <size>0x18</size>
         <input_file_ref idref="fl-4f"/>
      </object_component>
      <object_component id="oc-281">
         <name>.text:_ti_sysbios_BIOS_atExitFunc__I</name>
         <load_address>0x85422</load_address>
         <run_address>0x85422</run_address>
         <size>0x17</size>
         <input_file_ref idref="fl-23"/>
      </object_component>
      <object_component id="oc-284">
         <name>.text:_ti_sysbios_family_c28_Timer_startup__E</name>
         <load_address>0x85439</load_address>
         <run_address>0x85439</run_address>
         <size>0x17</size>
         <input_file_ref idref="fl-2c"/>
      </object_component>
      <object_component id="oc-255">
         <name>.text:_ti_sysbios_knl_Clock_doTick__I</name>
         <load_address>0x85450</load_address>
         <run_address>0x85450</run_address>
         <size>0x17</size>
         <input_file_ref idref="fl-23"/>
      </object_component>
      <object_component id="oc-310">
         <name>.text:_ti_sysbios_knl_Semaphore_pendTimeout__I</name>
         <load_address>0x85467</load_address>
         <run_address>0x85467</run_address>
         <size>0x17</size>
         <input_file_ref idref="fl-2c"/>
      </object_component>
      <object_component id="oc-3a9">
         <name>.text:_ti_sysbios_knl_Swi_Object__get__S</name>
         <load_address>0x8547e</load_address>
         <run_address>0x8547e</run_address>
         <size>0x17</size>
         <input_file_ref idref="fl-23"/>
      </object_component>
      <object_component id="oc-3ac">
         <name>.text:_ti_sysbios_knl_Task_Object__get__S</name>
         <load_address>0x85495</load_address>
         <run_address>0x85495</run_address>
         <size>0x17</size>
         <input_file_ref idref="fl-23"/>
      </object_component>
      <object_component id="oc-318">
         <name>.text:_ti_sysbios_knl_Task_unblockI__E</name>
         <load_address>0x854ac</load_address>
         <run_address>0x854ac</run_address>
         <size>0x17</size>
         <input_file_ref idref="fl-2c"/>
      </object_component>
      <object_component id="oc-3a1">
         <name>.text:_xdc_runtime_LoggerBuf_Object__get__S</name>
         <load_address>0x854c3</load_address>
         <run_address>0x854c3</run_address>
         <size>0x17</size>
         <input_file_ref idref="fl-23"/>
      </object_component>
      <object_component id="oc-383">
         <name>.text:_xdc_runtime_SysMin_abort__E</name>
         <load_address>0x854da</load_address>
         <run_address>0x854da</run_address>
         <size>0x17</size>
         <input_file_ref idref="fl-3d"/>
      </object_component>
      <object_component id="oc-394">
         <name>.text:_ti_sysbios_family_c28_Timer_Module_startup__E</name>
         <load_address>0x854f1</load_address>
         <run_address>0x854f1</run_address>
         <size>0x16</size>
         <input_file_ref idref="fl-2c"/>
      </object_component>
      <object_component id="oc-2ee">
         <name>.text:_ti_sysbios_knl_Task_restore__E</name>
         <load_address>0x85507</load_address>
         <run_address>0x85507</run_address>
         <size>0x16</size>
         <input_file_ref idref="fl-2c"/>
      </object_component>
      <object_component id="oc-256">
         <name>.text:_ti_sysbios_BIOS_startFunc__I</name>
         <load_address>0x8551d</load_address>
         <run_address>0x8551d</run_address>
         <size>0x15</size>
         <input_file_ref idref="fl-23"/>
      </object_component>
      <object_component id="oc-396">
         <name>.text:_ti_sysbios_knl_Swi_Module_startup__E</name>
         <load_address>0x85532</load_address>
         <run_address>0x85532</run_address>
         <size>0x15</size>
         <input_file_ref idref="fl-2c"/>
      </object_component>
      <object_component id="oc-305">
         <name>.text:_xdc_runtime_Text_cordText__E</name>
         <load_address>0x85547</load_address>
         <run_address>0x85547</run_address>
         <size>0x15</size>
         <input_file_ref idref="fl-3e"/>
      </object_component>
      <object_component id="oc-29a">
         <name>.text:_ti_sysbios_knl_Idle_run__E</name>
         <load_address>0x8555c</load_address>
         <run_address>0x8555c</run_address>
         <size>0x14</size>
         <input_file_ref idref="fl-2c"/>
      </object_component>
      <object_component id="oc-36d">
         <name>.text:_ti_sysbios_BIOS_errorRaiseHook__I</name>
         <load_address>0x85570</load_address>
         <run_address>0x85570</run_address>
         <size>0x13</size>
         <input_file_ref idref="fl-23"/>
      </object_component>
      <object_component id="oc-279">
         <name>.text:_ti_sysbios_gates_GateMutex_Object__delete__S</name>
         <load_address>0x85583</load_address>
         <run_address>0x85583</run_address>
         <size>0x13</size>
         <input_file_ref idref="fl-23"/>
      </object_component>
      <object_component id="oc-3d6">
         <name>.text:_ti_sysbios_family_c28_Hwi_disableIER__E</name>
         <load_address>0x85596</load_address>
         <run_address>0x85596</run_address>
         <size>0x12</size>
         <input_file_ref idref="fl-23"/>
      </object_component>
      <object_component id="oc-26b">
         <name>.text:_ti_sysbios_gates_GateHwi_Object__delete__S</name>
         <load_address>0x855a8</load_address>
         <run_address>0x855a8</run_address>
         <size>0x12</size>
         <input_file_ref idref="fl-23"/>
      </object_component>
      <object_component id="oc-395">
         <name>.text:_ti_sysbios_knl_Clock_Module_startup__E</name>
         <load_address>0x855ba</load_address>
         <run_address>0x855ba</run_address>
         <size>0x12</size>
         <input_file_ref idref="fl-2c"/>
      </object_component>
      <object_component id="oc-295">
         <name>.text:_xdc_runtime_LoggerBuf_Object__delete__S</name>
         <load_address>0x855cc</load_address>
         <run_address>0x855cc</run_address>
         <size>0x12</size>
         <input_file_ref idref="fl-23"/>
      </object_component>
      <object_component id="oc-26c">
         <name>.text:_ti_sysbios_gates_GateHwi_Handle__label__S</name>
         <load_address>0x855de</load_address>
         <run_address>0x855de</run_address>
         <size>0x11</size>
         <input_file_ref idref="fl-23"/>
      </object_component>
      <object_component id="oc-27a">
         <name>.text:_ti_sysbios_gates_GateMutex_Handle__label__S</name>
         <load_address>0x855ef</load_address>
         <run_address>0x855ef</run_address>
         <size>0x11</size>
         <input_file_ref idref="fl-23"/>
      </object_component>
      <object_component id="oc-25e">
         <name>.text:_xdc_runtime_Error_raiseX__E</name>
         <load_address>0x85600</load_address>
         <run_address>0x85600</run_address>
         <size>0x11</size>
         <input_file_ref idref="fl-36"/>
      </object_component>
      <object_component id="oc-274">
         <name>.text:_xdc_runtime_HeapStd_Handle__label__S</name>
         <load_address>0x85611</load_address>
         <run_address>0x85611</run_address>
         <size>0x11</size>
         <input_file_ref idref="fl-23"/>
      </object_component>
      <object_component id="oc-273">
         <name>.text:_xdc_runtime_HeapStd_Object__delete__S</name>
         <load_address>0x85622</load_address>
         <run_address>0x85622</run_address>
         <size>0x11</size>
         <input_file_ref idref="fl-23"/>
      </object_component>
      <object_component id="oc-296">
         <name>.text:_xdc_runtime_LoggerBuf_Handle__label__S</name>
         <load_address>0x85633</load_address>
         <run_address>0x85633</run_address>
         <size>0x11</size>
         <input_file_ref idref="fl-23"/>
      </object_component>
      <object_component id="oc-2cd">
         <name>.text:_ti_sysbios_BIOS_rtsLock__I</name>
         <load_address>0x85644</load_address>
         <run_address>0x85644</run_address>
         <size>0x10</size>
         <input_file_ref idref="fl-23"/>
      </object_component>
      <object_component id="oc-358">
         <name>.text:_ti_sysbios_family_c28_Hwi_enableIER__E</name>
         <load_address>0x85654</load_address>
         <run_address>0x85654</run_address>
         <size>0x10</size>
         <input_file_ref idref="fl-23"/>
      </object_component>
      <object_component id="oc-3bd">
         <name>.text:_ti_sysbios_family_c28_Timer_stop__E</name>
         <load_address>0x85664</load_address>
         <run_address>0x85664</run_address>
         <size>0x10</size>
         <input_file_ref idref="fl-2c"/>
      </object_component>
      <object_component id="oc-3d5">
         <name>.text:_ti_sysbios_knl_Task_restoreHwi__E</name>
         <load_address>0x85674</load_address>
         <run_address>0x85674</run_address>
         <size>0x10</size>
         <input_file_ref idref="fl-2c"/>
      </object_component>
      <object_component id="oc-2c4">
         <name>.text:_ti_sysbios_gates_GateMutex_Instance_init__E</name>
         <load_address>0x85684</load_address>
         <run_address>0x85684</run_address>
         <size>0xf</size>
         <input_file_ref idref="fl-2c"/>
      </object_component>
      <object_component id="oc-351">
         <name>.text:_ti_sysbios_knl_Semaphore_Object__destruct__S</name>
         <load_address>0x85693</load_address>
         <run_address>0x85693</run_address>
         <size>0xf</size>
         <input_file_ref idref="fl-23"/>
      </object_component>
      <object_component id="oc-28f">
         <name>.text:_xdc_runtime_LoggerBuf_write2__E</name>
         <load_address>0x856a2</load_address>
         <run_address>0x856a2</run_address>
         <size>0xf</size>
         <input_file_ref idref="fl-39"/>
      </object_component>
      <object_component id="oc-32f">
         <name>.text:_ti_sysbios_family_c28_f2837x_TimestampProvider_get64__E</name>
         <load_address>0x856b1</load_address>
         <run_address>0x856b1</run_address>
         <size>0xe</size>
         <input_file_ref idref="fl-2c"/>
      </object_component>
      <object_component id="oc-39b">
         <name>.text:_ti_sysbios_knl_Queue_Object__destruct__S</name>
         <load_address>0x856bf</load_address>
         <run_address>0x856bf</run_address>
         <size>0xe</size>
         <input_file_ref idref="fl-23"/>
      </object_component>
      <object_component id="oc-37c">
         <name>.text:_xdc_runtime_IHeap_alloc</name>
         <load_address>0x856cd</load_address>
         <run_address>0x856cd</run_address>
         <size>0xe</size>
         <input_file_ref idref="fl-23"/>
      </object_component>
      <object_component id="oc-3b4">
         <name>.text:_xdc_runtime_Registry_findById__E</name>
         <load_address>0x856db</load_address>
         <run_address>0x856db</run_address>
         <size>0xe</size>
         <input_file_ref idref="fl-41"/>
      </object_component>
      <object_component id="oc-392">
         <name>.text:_xdc_runtime_SysMin_Module_startup__E</name>
         <load_address>0x856e9</load_address>
         <run_address>0x856e9</run_address>
         <size>0xe</size>
         <input_file_ref idref="fl-3d"/>
      </object_component>
      <object_component id="oc-283">
         <name>.text:_ti_sysbios_BIOS_registerRTSLock__I</name>
         <load_address>0x856f7</load_address>
         <run_address>0x856f7</run_address>
         <size>0xd</size>
         <input_file_ref idref="fl-23"/>
      </object_component>
      <object_component id="oc-288">
         <name>.text:_ti_sysbios_BIOS_removeRTSLock__I</name>
         <load_address>0x85704</load_address>
         <run_address>0x85704</run_address>
         <size>0xd</size>
         <input_file_ref idref="fl-23"/>
      </object_component>
      <object_component id="oc-3cc">
         <name>.text:_ti_sysbios_family_c28_Hwi_dispatchC__I</name>
         <load_address>0x85711</load_address>
         <run_address>0x85711</run_address>
         <size>0xd</size>
         <input_file_ref idref="fl-2c"/>
      </object_component>
      <object_component id="oc-35c">
         <name>.text:_ti_sysbios_family_c28_Hwi_restoreIER__E</name>
         <load_address>0x8571e</load_address>
         <run_address>0x8571e</run_address>
         <size>0xd</size>
         <input_file_ref idref="fl-23"/>
      </object_component>
      <object_component id="oc-3c6">
         <name>.text:_ti_sysbios_knl_Task_SupportProxy_start__E</name>
         <load_address>0x8572b</load_address>
         <run_address>0x8572b</run_address>
         <size>0xd</size>
         <input_file_ref idref="fl-23"/>
      </object_component>
      <object_component id="oc-3c5">
         <name>.text:_ti_sysbios_knl_Task_enter__I</name>
         <load_address>0x85738</load_address>
         <run_address>0x85738</run_address>
         <size>0xd</size>
         <input_file_ref idref="fl-2c"/>
      </object_component>
      <object_component id="oc-2ba">
         <name>.text:_xdc_runtime_Error_check__E</name>
         <load_address>0x85745</load_address>
         <run_address>0x85745</run_address>
         <size>0xd</size>
         <input_file_ref idref="fl-36"/>
      </object_component>
      <object_component id="oc-28e">
         <name>.text:_xdc_runtime_LoggerBuf_write1__E</name>
         <load_address>0x85752</load_address>
         <run_address>0x85752</run_address>
         <size>0xd</size>
         <input_file_ref idref="fl-39"/>
      </object_component>
      <object_component id="oc-364">
         <name>.text:_xdc_runtime_Memory_HeapProxy_alloc__E</name>
         <load_address>0x8575f</load_address>
         <run_address>0x8575f</run_address>
         <size>0xd</size>
         <input_file_ref idref="fl-23"/>
      </object_component>
      <object_component id="oc-342">
         <name>.text:_xdc_runtime_System_abort__E</name>
         <load_address>0x8576c</load_address>
         <run_address>0x8576c</run_address>
         <size>0xd</size>
         <input_file_ref idref="fl-3c"/>
      </object_component>
      <object_component id="oc-257">
         <name>.text:_ti_sysbios_BIOS_exitFunc__I</name>
         <load_address>0x85779</load_address>
         <run_address>0x85779</run_address>
         <size>0xc</size>
         <input_file_ref idref="fl-23"/>
      </object_component>
      <object_component id="oc-277">
         <name>.text:_ti_sysbios_gates_GateMutex_leave__E</name>
         <load_address>0x85785</load_address>
         <run_address>0x85785</run_address>
         <size>0xc</size>
         <input_file_ref idref="fl-2c"/>
      </object_component>
      <object_component id="oc-335">
         <name>.text:_ti_sysbios_knl_Queue_put__E</name>
         <load_address>0x85791</load_address>
         <run_address>0x85791</run_address>
         <size>0xc</size>
         <input_file_ref idref="fl-2c"/>
      </object_component>
      <object_component id="oc-2ec">
         <name>.text:_ti_sysbios_knl_Task_enabled__E</name>
         <load_address>0x8579d</load_address>
         <run_address>0x8579d</run_address>
         <size>0xc</size>
         <input_file_ref idref="fl-2c"/>
      </object_component>
      <object_component id="oc-304">
         <name>.text:_xdc_runtime_Memory_free__E</name>
         <load_address>0x857a9</load_address>
         <run_address>0x857a9</run_address>
         <size>0xc</size>
         <input_file_ref idref="fl-3a"/>
      </object_component>
      <object_component id="oc-39f">
         <name>.text:_xdc_runtime_System_aprintf__E</name>
         <load_address>0x857b5</load_address>
         <run_address>0x857b5</run_address>
         <size>0xc</size>
         <input_file_ref idref="fl-23"/>
      </object_component>
      <object_component id="oc-298">
         <name>.text:_xdc_runtime_System_printf__E</name>
         <load_address>0x857c1</load_address>
         <run_address>0x857c1</run_address>
         <size>0xc</size>
         <input_file_ref idref="fl-23"/>
      </object_component>
      <object_component id="oc-30a">
         <name>.text:_xdc_runtime_Text_ropeText__E</name>
         <load_address>0x857cd</load_address>
         <run_address>0x857cd</run_address>
         <size>0xc</size>
         <input_file_ref idref="fl-3e"/>
      </object_component>
      <object_component id="oc-303">
         <name>.text</name>
         <load_address>0x857d9</load_address>
         <run_address>0x857d9</run_address>
         <size>0xc</size>
         <input_file_ref idref="fl-52"/>
      </object_component>
      <object_component id="oc-3d3">
         <name>.text:_ti_sysbios_family_c28_Hwi_Module__startupDone__F</name>
         <load_address>0x857e5</load_address>
         <run_address>0x857e5</run_address>
         <size>0xb</size>
         <input_file_ref idref="fl-23"/>
      </object_component>
      <object_component id="oc-3ce">
         <name>.text:_ti_sysbios_family_c28_Timer_Module__startupDone__F</name>
         <load_address>0x857f0</load_address>
         <run_address>0x857f0</run_address>
         <size>0xb</size>
         <input_file_ref idref="fl-23"/>
      </object_component>
      <object_component id="oc-2e9">
         <name>.text:_ti_sysbios_knl_Task_sleepTimeout__I</name>
         <load_address>0x857fb</load_address>
         <run_address>0x857fb</run_address>
         <size>0xb</size>
         <input_file_ref idref="fl-2c"/>
      </object_component>
      <object_component id="oc-2e2">
         <name>.text:_xdc_runtime_LoggerBuf_Instance_finalize__E</name>
         <load_address>0x85806</load_address>
         <run_address>0x85806</run_address>
         <size>0xb</size>
         <input_file_ref idref="fl-39"/>
      </object_component>
      <object_component id="oc-28d">
         <name>.text:_xdc_runtime_LoggerBuf_write0__E</name>
         <load_address>0x85811</load_address>
         <run_address>0x85811</run_address>
         <size>0xb</size>
         <input_file_ref idref="fl-39"/>
      </object_component>
      <object_component id="oc-29f">
         <name>.text:_xdc_runtime_Startup_exec__I</name>
         <load_address>0x8581c</load_address>
         <run_address>0x8581c</run_address>
         <size>0xb</size>
         <input_file_ref idref="fl-23"/>
      </object_component>
      <object_component id="oc-2f9">
         <name>.text:_xdc_runtime_SysMin_exit__E</name>
         <load_address>0x85827</load_address>
         <run_address>0x85827</run_address>
         <size>0xb</size>
         <input_file_ref idref="fl-3d"/>
      </object_component>
      <object_component id="oc-24e">
         <name>.text:_xdc_runtime_System_exit__E</name>
         <load_address>0x85832</load_address>
         <run_address>0x85832</run_address>
         <size>0xb</size>
         <input_file_ref idref="fl-3c"/>
      </object_component>
      <object_component id="oc-25f">
         <name>.text:.bootCodeSection:_ti_catalog_c2800_initF2837x_Boot_init</name>
         <load_address>0x8583d</load_address>
         <run_address>0x8583d</run_address>
         <size>0xa</size>
         <input_file_ref idref="fl-23"/>
      </object_component>
      <object_component id="oc-375">
         <name>.text:_xdc_runtime_IHeap_free</name>
         <load_address>0x85847</load_address>
         <run_address>0x85847</run_address>
         <size>0xa</size>
         <input_file_ref idref="fl-23"/>
      </object_component>
      <object_component id="oc-37b">
         <name>.text:_ti_sysbios_family_c28_TaskSupport_checkStack__E</name>
         <load_address>0x85851</load_address>
         <run_address>0x85851</run_address>
         <size>0x9</size>
         <input_file_ref idref="fl-2c"/>
      </object_component>
      <object_component id="oc-3db">
         <name>.text:_ti_sysbios_family_c28_TaskSupport_glue</name>
         <load_address>0x8585a</load_address>
         <run_address>0x8585a</run_address>
         <size>0x9</size>
         <input_file_ref idref="fl-30"/>
      </object_component>
      <object_component id="oc-398">
         <name>.text:_ti_sysbios_hal_Hwi_Module_startup__E</name>
         <load_address>0x85863</load_address>
         <run_address>0x85863</run_address>
         <size>0x9</size>
         <input_file_ref idref="fl-2c"/>
      </object_component>
      <object_component id="oc-3c8">
         <name>.text:_ti_sysbios_knl_Task_unblock__E</name>
         <load_address>0x8586c</load_address>
         <run_address>0x8586c</run_address>
         <size>0x9</size>
         <input_file_ref idref="fl-2c"/>
      </object_component>
      <object_component id="oc-3b7">
         <name>.text:_xdc_runtime_System_vsnprintf__E</name>
         <load_address>0x85875</load_address>
         <run_address>0x85875</run_address>
         <size>0x9</size>
         <input_file_ref idref="fl-3c"/>
      </object_component>
      <object_component id="oc-3cb">
         <name>.text:_xdc_runtime_Text_visitRope__I</name>
         <load_address>0x8587e</load_address>
         <run_address>0x8587e</run_address>
         <size>0x9</size>
         <input_file_ref idref="fl-23"/>
      </object_component>
      <object_component id="oc-2c9">
         <name>.text</name>
         <load_address>0x85887</load_address>
         <run_address>0x85887</run_address>
         <size>0x9</size>
         <input_file_ref idref="fl-4a"/>
      </object_component>
      <object_component id="oc-29d">
         <name>.text:.bootCodeSection:_ti_catalog_c2800_initF2837x_Boot_initSharedRAMs</name>
         <load_address>0x85890</load_address>
         <run_address>0x85890</run_address>
         <size>0x8</size>
         <input_file_ref idref="fl-43"/>
      </object_component>
      <object_component id="oc-289">
         <name>.text:_ti_sysbios_BIOS_setThreadType__E</name>
         <load_address>0x85898</load_address>
         <run_address>0x85898</run_address>
         <size>0x8</size>
         <input_file_ref idref="fl-2c"/>
      </object_component>
      <object_component id="oc-2c5">
         <name>.text:_ti_sysbios_gates_GateMutex_Instance_finalize__E</name>
         <load_address>0x858a0</load_address>
         <run_address>0x858a0</run_address>
         <size>0x8</size>
         <input_file_ref idref="fl-2c"/>
      </object_component>
      <object_component id="oc-27c">
         <name>.text:_ti_sysbios_knl_Clock_Module_State_clockQ</name>
         <load_address>0x858a8</load_address>
         <run_address>0x858a8</run_address>
         <size>0x8</size>
         <input_file_ref idref="fl-23"/>
      </object_component>
      <object_component id="oc-379">
         <name>.text:_ti_sysbios_knl_Semaphore_Instance_finalize__E</name>
         <load_address>0x858b0</load_address>
         <run_address>0x858b0</run_address>
         <size>0x8</size>
         <input_file_ref idref="fl-2c"/>
      </object_component>
      <object_component id="oc-34b">
         <name>.text:_xdc_runtime_Memory_HeapProxy_free__E</name>
         <load_address>0x858b8</load_address>
         <run_address>0x858b8</run_address>
         <size>0x8</size>
         <input_file_ref idref="fl-23"/>
      </object_component>
      <object_component id="oc-302">
         <name>.text:_xdc_runtime_Memory_calloc__E</name>
         <load_address>0x858c0</load_address>
         <run_address>0x858c0</run_address>
         <size>0x8</size>
         <input_file_ref idref="fl-3a"/>
      </object_component>
      <object_component id="oc-367">
         <name>.text:_xdc_runtime_SysMin_ready__E</name>
         <load_address>0x858c8</load_address>
         <run_address>0x858c8</run_address>
         <size>0x8</size>
         <input_file_ref idref="fl-3d"/>
      </object_component>
      <object_component id="oc-369">
         <name>.text</name>
         <load_address>0x858d0</load_address>
         <run_address>0x858d0</run_address>
         <size>0x8</size>
         <input_file_ref idref="fl-54"/>
      </object_component>
      <object_component id="oc-327">
         <name>.text:_ti_sysbios_BIOS_RtsGateProxy_leave__E</name>
         <load_address>0x858d8</load_address>
         <run_address>0x858d8</run_address>
         <size>0x7</size>
         <input_file_ref idref="fl-23"/>
      </object_component>
      <object_component id="oc-344">
         <name>.text:_ti_sysbios_hal_Hwi_HwiProxy_getStackInfo__E</name>
         <load_address>0x858df</load_address>
         <run_address>0x858df</run_address>
         <size>0x7</size>
         <input_file_ref idref="fl-23"/>
      </object_component>
      <object_component id="oc-27d">
         <name>.text:_ti_sysbios_knl_Queue_empty__E</name>
         <load_address>0x858e6</load_address>
         <run_address>0x858e6</run_address>
         <size>0x7</size>
         <input_file_ref idref="fl-2c"/>
      </object_component>
      <object_component id="oc-35f">
         <name>.text:_ti_sysbios_knl_Task_SupportProxy_checkStack__E</name>
         <load_address>0x858ed</load_address>
         <run_address>0x858ed</run_address>
         <size>0x7</size>
         <input_file_ref idref="fl-23"/>
      </object_component>
      <object_component id="oc-32e">
         <name>.text:_ti_sysbios_knl_Task_SupportProxy_swap__E</name>
         <load_address>0x858f4</load_address>
         <run_address>0x858f4</run_address>
         <size>0x7</size>
         <input_file_ref idref="fl-23"/>
      </object_component>
      <object_component id="oc-2dd">
         <name>.text:_xdc_runtime_Error_init__E</name>
         <load_address>0x858fb</load_address>
         <run_address>0x858fb</run_address>
         <size>0x7</size>
         <input_file_ref idref="fl-36"/>
      </object_component>
      <object_component id="oc-271">
         <name>.text:_xdc_runtime_HeapStd_getStats__E</name>
         <load_address>0x85902</load_address>
         <run_address>0x85902</run_address>
         <size>0x7</size>
         <input_file_ref idref="fl-38"/>
      </object_component>
      <object_component id="oc-2dc">
         <name>.text:_xdc_runtime_LoggerBuf_Module_GateProxy_leave__E</name>
         <load_address>0x85909</load_address>
         <run_address>0x85909</run_address>
         <size>0x7</size>
         <input_file_ref idref="fl-23"/>
      </object_component>
      <object_component id="oc-30c">
         <name>.text:_xdc_runtime_System_Module_GateProxy_leave__E</name>
         <load_address>0x85910</load_address>
         <run_address>0x85910</run_address>
         <size>0x7</size>
         <input_file_ref idref="fl-23"/>
      </object_component>
      <object_component id="oc-322">
         <name>.text:_ti_sysbios_BIOS_RtsGateProxy_enter__E</name>
         <load_address>0x85917</load_address>
         <run_address>0x85917</run_address>
         <size>0x6</size>
         <input_file_ref idref="fl-23"/>
      </object_component>
      <object_component id="oc-2a2">
         <name>.text:_ti_sysbios_BIOS_start__E</name>
         <load_address>0x8591d</load_address>
         <run_address>0x8591d</run_address>
         <size>0x6</size>
         <input_file_ref idref="fl-2c"/>
      </object_component>
      <object_component id="oc-31d">
         <name>.text:_ti_sysbios_family_c28_IntrinsicsSupport_maxbit__E</name>
         <load_address>0x85923</load_address>
         <run_address>0x85923</run_address>
         <size>0x6</size>
         <input_file_ref idref="fl-2f"/>
      </object_component>
      <object_component id="oc-3a7">
         <name>.text:_ti_sysbios_knl_Clock_TimerProxy_getMaxTicks__E</name>
         <load_address>0x85929</load_address>
         <run_address>0x85929</run_address>
         <size>0x6</size>
         <input_file_ref idref="fl-23"/>
      </object_component>
      <object_component id="oc-38a">
         <name>.text:_ti_sysbios_knl_Queue_destruct</name>
         <load_address>0x8592f</load_address>
         <run_address>0x8592f</run_address>
         <size>0x6</size>
         <input_file_ref idref="fl-23"/>
      </object_component>
      <object_component id="oc-31c">
         <name>.text:_ti_sysbios_knl_Semaphore_destruct</name>
         <load_address>0x85935</load_address>
         <run_address>0x85935</run_address>
         <size>0x6</size>
         <input_file_ref idref="fl-23"/>
      </object_component>
      <object_component id="oc-2c7">
         <name>.text:_ti_sysbios_knl_Swi_disable__E</name>
         <load_address>0x8593b</load_address>
         <run_address>0x8593b</run_address>
         <size>0x6</size>
         <input_file_ref idref="fl-2c"/>
      </object_component>
      <object_component id="oc-2c8">
         <name>.text:_ti_sysbios_knl_Task_disable__E</name>
         <load_address>0x85941</load_address>
         <run_address>0x85941</run_address>
         <size>0x6</size>
         <input_file_ref idref="fl-2c"/>
      </object_component>
      <object_component id="oc-2a3">
         <name>.text:_xdc_runtime_Gate_enterSystem__E</name>
         <load_address>0x85947</load_address>
         <run_address>0x85947</run_address>
         <size>0x6</size>
         <input_file_ref idref="fl-37"/>
      </object_component>
      <object_component id="oc-2b4">
         <name>.text:_xdc_runtime_Gate_leaveSystem__E</name>
         <load_address>0x8594d</load_address>
         <run_address>0x8594d</run_address>
         <size>0x6</size>
         <input_file_ref idref="fl-37"/>
      </object_component>
      <object_component id="oc-2da">
         <name>.text:_xdc_runtime_LoggerBuf_Module_GateProxy_enter__E</name>
         <load_address>0x85953</load_address>
         <run_address>0x85953</run_address>
         <size>0x6</size>
         <input_file_ref idref="fl-23"/>
      </object_component>
      <object_component id="oc-2db">
         <name>.text:_xdc_runtime_LoggerBuf_TimestampProxy_get64__E</name>
         <load_address>0x85959</load_address>
         <run_address>0x85959</run_address>
         <size>0x6</size>
         <input_file_ref idref="fl-23"/>
      </object_component>
      <object_component id="oc-2f8">
         <name>.text:_xdc_runtime_System_Module_GateProxy_enter__E</name>
         <load_address>0x8595f</load_address>
         <run_address>0x8595f</run_address>
         <size>0x6</size>
         <input_file_ref idref="fl-23"/>
      </object_component>
      <object_component id="oc-36e">
         <name>.text:_xdc_runtime_System_SupportProxy_abort__E</name>
         <load_address>0x85965</load_address>
         <run_address>0x85965</run_address>
         <size>0x6</size>
         <input_file_ref idref="fl-23"/>
      </object_component>
      <object_component id="oc-2a4">
         <name>.text:_xdc_runtime_System_SupportProxy_exit__E</name>
         <load_address>0x8596b</load_address>
         <run_address>0x8596b</run_address>
         <size>0x6</size>
         <input_file_ref idref="fl-23"/>
      </object_component>
      <object_component id="oc-37f">
         <name>.text:_xdc_runtime_System_SupportProxy_putch__E</name>
         <load_address>0x85971</load_address>
         <run_address>0x85971</run_address>
         <size>0x6</size>
         <input_file_ref idref="fl-23"/>
[...]
         <object_component_ref idref="oc-301"/>
      </symbol>
      <symbol id="sm-caa">
         <name>_xdc_runtime_Error_getSite__E</name>
         <value>0x859f1</value>
         <object_component_ref idref="oc-39e"/>
      </symbol>
      <symbol id="sm-cab">
         <name>_xdc_runtime_Error_init__E</name>
         <value>0x858fb</value>
         <object_component_ref idref="oc-2dd"/>
      </symbol>
      <symbol id="sm-cac">
         <name>_xdc_runtime_Error_raiseX__E</name>
         <value>0x85600</value>
         <object_component_ref idref="oc-25e"/>
      </symbol>
      <symbol id="sm-cad">
         <name>_xdc_runtime_Error_print__E</name>
         <value>0x84d32</value>
         <object_component_ref idref="oc-38f"/>
      </symbol>
      <symbol id="sm-cae">
         <name>_xdc_runtime_Error_policyDefault__E</name>
         <value>0x83d26</value>
         <object_component_ref idref="oc-2f0"/>
      </symbol>
      <symbol id="sm-caf">
         <name>_xdc_runtime_Error_setX__E</name>
         <value>0x84a8f</value>
         <object_component_ref idref="oc-338"/>
      </symbol>
      <symbol id="sm-cb0">
         <name>_xdc_runtime_Error_check__E</name>
         <value>0x85745</value>
         <object_component_ref idref="oc-2ba"/>
      </symbol>
      <symbol id="sm-cbd">
         <name>_xdc_runtime_Gate_leaveSystem__E</name>
         <value>0x8594d</value>
         <object_component_ref idref="oc-2b4"/>
      </symbol>
      <symbol id="sm-cbe">
         <name>_xdc_runtime_Gate_enterSystem__E</name>
         <value>0x85947</value>
         <object_component_ref idref="oc-2a3"/>
      </symbol>
      <symbol id="sm-cfe">
         <name>_xdc_runtime_HeapStd_alloc__E</name>
         <value>0x83997</value>
         <object_component_ref idref="oc-26e"/>
      </symbol>
      <symbol id="sm-cff">
         <name>_xdc_runtime_HeapStd_free__E</name>
         <value>0x84536</value>
         <object_component_ref idref="oc-26f"/>
      </symbol>
      <symbol id="sm-d00">
         <name>_xdc_runtime_HeapStd_getStats__E</name>
         <value>0x85902</value>
         <object_component_ref idref="oc-271"/>
      </symbol>
      <symbol id="sm-d01">
         <name>_xdc_runtime_HeapStd_Instance_init__E</name>
         <value>0x84124</value>
         <object_component_ref idref="oc-2b9"/>
      </symbol>
      <symbol id="sm-d02">
         <name>_xdc_runtime_HeapStd_isBlocking__E</name>
         <value>0x859f3</value>
         <object_component_ref idref="oc-270"/>
      </symbol>
      <symbol id="sm-d52">
         <name>_xdc_runtime_LoggerBuf_Instance_finalize__E</name>
         <value>0x85806</value>
         <object_component_ref idref="oc-2e2"/>
      </symbol>
      <symbol id="sm-d53">
         <name>_xdc_runtime_LoggerBuf_write0__E</name>
         <value>0x85811</value>
         <object_component_ref idref="oc-28d"/>
      </symbol>
      <symbol id="sm-d54">
         <name>_xdc_runtime_LoggerBuf_reset__E</name>
         <value>0x853c2</value>
         <object_component_ref idref="oc-332"/>
      </symbol>
      <symbol id="sm-d55">
         <name>_xdc_runtime_LoggerBuf_write8__E</name>
         <value>0x83b70</value>
         <object_component_ref idref="oc-291"/>
      </symbol>
      <symbol id="sm-d56">
         <name>_xdc_runtime_LoggerBuf_Instance_init__E</name>
         <value>0x84e6a</value>
         <object_component_ref idref="oc-2e1"/>
      </symbol>
      <symbol id="sm-d57">
         <name>_xdc_runtime_LoggerBuf_getFilterLevel__E</name>
         <value>0x84c13</value>
         <object_component_ref idref="oc-293"/>
      </symbol>
      <symbol id="sm-d58">
         <name>_xdc_runtime_LoggerBuf_setFilterLevel__E</name>
         <value>0x84b96</value>
         <object_component_ref idref="oc-292"/>
      </symbol>
      <symbol id="sm-d59">
         <name>_LoggerBuf_instanceStartup</name>
         <value>0x853c2</value>
         <object_component_ref idref="oc-332"/>
      </symbol>
      <symbol id="sm-d5a">
         <name>_xdc_runtime_LoggerBuf_write4__E</name>
         <value>0x83f08</value>
         <object_component_ref idref="oc-290"/>
      </symbol>
      <symbol id="sm-d5b">
         <name>_xdc_runtime_LoggerBuf_filterOutEvent__I</name>
         <value>0x851ba</value>
         <object_component_ref idref="oc-2d7"/>
      </symbol>
      <symbol id="sm-d5c">
         <name>_xdc_runtime_LoggerBuf_Module_startup__E</name>
         <value>0x852ae</value>
         <object_component_ref idref="oc-390"/>
      </symbol>
      <symbol id="sm-d5d">
         <name>_xdc_runtime_LoggerBuf_write2__E</name>
         <value>0x856a2</value>
         <object_component_ref idref="oc-28f"/>
      </symbol>
      <symbol id="sm-d5e">
         <name>_xdc_runtime_LoggerBuf_disable__E</name>
         <value>0x859a1</value>
         <object_component_ref idref="oc-28c"/>
      </symbol>
      <symbol id="sm-d5f">
         <name>_xdc_runtime_LoggerBuf_enable__E</name>
         <value>0x8598b</value>
         <object_component_ref idref="oc-28b"/>
      </symbol>
      <symbol id="sm-d60">
         <name>_xdc_runtime_LoggerBuf_write1__E</name>
         <value>0x85752</value>
         <object_component_ref idref="oc-28e"/>
      </symbol>
      <symbol id="sm-d7a">
         <name>_xdc_runtime_Memory_free__E</name>
         <value>0x857a9</value>
         <object_component_ref idref="oc-304"/>
      </symbol>
      <symbol id="sm-d7b">
         <name>_xdc_runtime_Memory_valloc__E</name>
         <value>0x85346</value>
         <object_component_ref idref="oc-349"/>
      </symbol>
      <symbol id="sm-d7c">
         <name>_xdc_runtime_Memory_getMaxDefaultTypeAlign__E</name>
         <value>0x859a5</value>
         <object_component_ref idref="oc-2b3"/>
      </symbol>
      <symbol id="sm-d7d">
         <name>_xdc_runtime_Memory_alloc__E</name>
         <value>0x847b4</value>
         <object_component_ref idref="oc-331"/>
      </symbol>
      <symbol id="sm-d7e">
         <name>_xdc_runtime_Memory_calloc__E</name>
         <value>0x858c0</value>
         <object_component_ref idref="oc-302"/>
      </symbol>
      <symbol id="sm-dbe">
         <name>_xdc_runtime_Startup_rtsDone__E</name>
         <value>0x859a9</value>
         <object_component_ref idref="oc-27f"/>
      </symbol>
      <symbol id="sm-dbf">
         <name>_xdc_runtime_Startup_startMods__I</name>
         <value>0x8443e</value>
         <object_component_ref idref="oc-345"/>
      </symbol>
      <symbol id="sm-dc0">
         <name>_xdc_runtime_Startup_exec__E</name>
         <value>0x84d9d</value>
         <object_component_ref idref="oc-24c"/>
      </symbol>
      <symbol id="sm-f50">
         <name>_xdc_runtime_System_exit__E</name>
         <value>0x85832</value>
         <object_component_ref idref="oc-24e"/>
      </symbol>
      <symbol id="sm-f51">
         <name>_xdc_runtime_System_avprintf__E</name>
         <value>0x8535f</value>
         <object_component_ref idref="oc-3b8"/>
      </symbol>
      <symbol id="sm-f52">
         <name>_xdc_runtime_System_processAtExit__E</name>
         <value>0x85042</value>
         <object_component_ref idref="oc-264"/>
      </symbol>
      <symbol id="sm-f53">
         <name>_xdc_runtime_System_doPrint__I</name>
         <value>0x8303c</value>
         <object_component_ref idref="oc-334"/>
      </symbol>
      <symbol id="sm-f54">
         <name>_xdc_runtime_System_Module_startup__E</name>
         <value>0x859dd</value>
         <object_component_ref idref="oc-391"/>
      </symbol>
      <symbol id="sm-f55">
         <name>_xdc_runtime_System_formatNum__I</name>
         <value>0x84b56</value>
         <object_component_ref idref="oc-36a"/>
      </symbol>
      <symbol id="sm-f56">
         <name>_xdc_runtime_System_atexit__E</name>
         <value>0x85086</value>
         <object_component_ref idref="oc-282"/>
      </symbol>
      <symbol id="sm-f57">
         <name>_xdc_runtime_System_aprintf_va__F</name>
         <value>0x8535f</value>
         <object_component_ref idref="oc-3b8"/>
      </symbol>
      <symbol id="sm-f58">
         <name>_xdc_runtime_System_abortStd__E</name>
         <value>0x859e3</value>
         <object_component_ref idref="oc-384"/>
      </symbol>
      <symbol id="sm-f59">
         <name>_xdc_runtime_System_snprintf_va__F</name>
         <value>0x85875</value>
         <object_component_ref idref="oc-3b7"/>
      </symbol>
      <symbol id="sm-f5a">
         <name>_xdc_runtime_System_printf_va__F</name>
         <value>0x853da</value>
         <object_component_ref idref="oc-2e3"/>
      </symbol>
      <symbol id="sm-f5b">
         <name>_xdc_runtime_System_putchar__I</name>
         <value>0x85378</value>
         <object_component_ref idref="oc-36b"/>
      </symbol>
      <symbol id="sm-f5c">
         <name>_xdc_runtime_System_vprintf__E</name>
         <value>0x853da</value>
         <object_component_ref idref="oc-2e3"/>
      </symbol>
      <symbol id="sm-f5d">
         <name>_xdc_runtime_System_exitStd__E</name>
         <value>0x859e6</value>
         <object_component_ref idref="oc-2a5"/>
      </symbol>
      <symbol id="sm-f5e">
         <name>_xdc_runtime_System_vsnprintf__E</name>
         <value>0x85875</value>
         <object_component_ref idref="oc-3b7"/>
      </symbol>
      <symbol id="sm-f5f">
         <name>_xdc_runtime_System_abort__E</name>
         <value>0x8576c</value>
         <object_component_ref idref="oc-342"/>
      </symbol>
      <symbol id="sm-f81">
         <name>_xdc_runtime_SysMin_Module_startup__E</name>
         <value>0x856e9</value>
         <object_component_ref idref="oc-392"/>
      </symbol>
      <symbol id="sm-f82">
         <name>_xdc_runtime_SysMin_exit__E</name>
         <value>0x85827</value>
         <object_component_ref idref="oc-2f9"/>
      </symbol>
      <symbol id="sm-f83">
         <name>_xdc_runtime_SysMin_abort__E</name>
         <value>0x854da</value>
         <object_component_ref idref="oc-383"/>
      </symbol>
      <symbol id="sm-f84">
         <name>_xdc_runtime_SysMin_ready__E</name>
         <value>0x858c8</value>
         <object_component_ref idref="oc-367"/>
      </symbol>
      <symbol id="sm-f85">
         <name>_xdc_runtime_SysMin_putch__E</name>
         <value>0x85161</value>
         <object_component_ref idref="oc-38e"/>
      </symbol>
      <symbol id="sm-f86">
         <name>_xdc_runtime_SysMin_flush__E</name>
         <value>0x84fd1</value>
         <object_component_ref idref="oc-348"/>
      </symbol>
      <symbol id="sm-fc5">
         <name>_xdc_runtime_Text_putSite__E</name>
         <value>0x844bb</value>
         <object_component_ref idref="oc-38d"/>
      </symbol>
      <symbol id="sm-fc6">
         <name>_xdc_runtime_Text_ropeText__E</name>
         <value>0x857cd</value>
         <object_component_ref idref="oc-30a"/>
      </symbol>
      <symbol id="sm-fc7">
         <name>_xdc_runtime_Text_putMod__E</name>
         <value>0x84c89</value>
         <object_component_ref idref="oc-39c"/>
      </symbol>
      <symbol id="sm-fc8">
         <name>_xdc_runtime_Text_cordText__E</name>
         <value>0x85547</value>
         <object_component_ref idref="oc-305"/>
      </symbol>
      <symbol id="sm-fc9">
         <name>_xdc_runtime_Text_putLab__E</name>
         <value>0x8484e</value>
         <object_component_ref idref="oc-38c"/>
      </symbol>
      <symbol id="sm-fca">
         <name>_xdc_runtime_Text_printVisFxn__I</name>
         <value>0x853f2</value>
         <object_component_ref idref="oc-3b6"/>
      </symbol>
      <symbol id="sm-fcb">
         <name>_xdc_runtime_Text_xprintf__I</name>
         <value>0x84f7e</value>
         <object_component_ref idref="oc-39d"/>
      </symbol>
      <symbol id="sm-fd6">
         <name>___xdc__init</name>
         <value>0x859b3</value>
         <object_component_ref idref="oc-24f"/>
      </symbol>
      <symbol id="sm-ff8">
         <name>_xdc_runtime_Registry_findById__E</name>
         <value>0x856db</value>
         <object_component_ref idref="oc-3b4"/>
      </symbol>
      <symbol id="sm-1002">
         <name>__stack</name>
         <value>0x400</value>
         <object_component_ref idref="oc-1f5"/>
      </symbol>
      <symbol id="sm-1003">
         <name>_c_int00</name>
         <value>0x83f9d</value>
         <object_component_ref idref="oc-8f"/>
      </symbol>
      <symbol id="sm-1016">
         <name>_ti_catalog_c2800_initF2837x_Boot_defaultLimpAbortFunction</name>
         <value>0x859f6</value>
         <object_component_ref idref="oc-343"/>
      </symbol>
      <symbol id="sm-1017">
         <name>_ti_catalog_c2800_initF2837x_Boot_configurePllDivs</name>
         <value>0x84930</value>
         <object_component_ref idref="oc-29c"/>
      </symbol>
      <symbol id="sm-1018">
         <name>_ti_catalog_c2800_initF2837x_Boot_initSharedRAMs</name>
         <value>0x85890</value>
         <object_component_ref idref="oc-29d"/>
      </symbol>
      <symbol id="sm-1020">
         <name>_ti_catalog_c2800_initF2837x_Boot_entry</name>
         <value>0x80000</value>
         <object_component_ref idref="oc-90"/>
      </symbol>
      <symbol id="sm-1035">
         <name>__unlock</name>
         <value>0xae80</value>
         <object_component_ref idref="oc-320"/>
      </symbol>
      <symbol id="sm-1036">
         <name>__lock</name>
         <value>0xae7e</value>
         <object_component_ref idref="oc-321"/>
      </symbol>
      <symbol id="sm-1037">
         <name>__register_lock</name>
         <value>0x8588b</value>
         <object_component_ref idref="oc-2c9"/>
      </symbol>
      <symbol id="sm-1038">
         <name>__nop</name>
         <value>0x8588f</value>
         <object_component_ref idref="oc-2c9"/>
      </symbol>
      <symbol id="sm-1039">
         <name>__register_unlock</name>
         <value>0x85887</value>
         <object_component_ref idref="oc-2c9"/>
      </symbol>
      <symbol id="sm-1049">
         <name>__args_main</name>
         <value>0x85391</value>
         <object_component_ref idref="oc-24d"/>
      </symbol>
      <symbol id="sm-105f">
         <name>_copy_in</name>
         <value>0x84a06</value>
         <object_component_ref idref="oc-24b"/>
      </symbol>
      <symbol id="sm-106e">
         <name>_ppcopy</name>
         <value>0x852c8</value>
         <object_component_ref idref="oc-20f"/>
      </symbol>
      <symbol id="sm-106f">
         <name>_dpcopy</name>
         <value>0x852c8</value>
         <object_component_ref idref="oc-20f"/>
      </symbol>
      <symbol id="sm-1070">
         <name>_pdcopy</name>
         <value>0x852c8</value>
         <object_component_ref idref="oc-20f"/>
      </symbol>
      <symbol id="sm-1071">
         <name>_ddcopy</name>
         <value>0x852c8</value>
         <object_component_ref idref="oc-20f"/>
      </symbol>
      <symbol id="sm-1086">
         <name>C$$EXIT</name>
         <value>0x84fa8</value>
         <object_component_ref idref="oc-2fa"/>
      </symbol>
      <symbol id="sm-1087">
         <name>_exit</name>
         <value>0x84faa</value>
         <object_component_ref idref="oc-2fa"/>
      </symbol>
      <symbol id="sm-1088">
         <name>___TI_cleanup_ptr</name>
         <value>0xae7a</value>
         <object_component_ref idref="oc-216"/>
      </symbol>
      <symbol id="sm-1089">
         <name>___TI_enable_exit_profile_output</name>
         <value>0xae78</value>
         <object_component_ref idref="oc-216"/>
      </symbol>
      <symbol id="sm-108a">
         <name>_abort</name>
         <value>0x84fa8</value>
         <object_component_ref idref="oc-2fa"/>
      </symbol>
      <symbol id="sm-108b">
         <name>___TI_dtors_ptr</name>
         <value>0xae7c</value>
         <object_component_ref idref="oc-216"/>
      </symbol>
      <symbol id="sm-1097">
         <name>LL$$AND</name>
         <value>0x8540a</value>
         <object_component_ref idref="oc-21b"/>
      </symbol>
      <symbol id="sm-1098">
         <name>LL$$OR</name>
         <value>0x85412</value>
         <object_component_ref idref="oc-21b"/>
      </symbol>
      <symbol id="sm-1099">
         <name>LL$$XOR</name>
         <value>0x8541a</value>
         <object_component_ref idref="oc-21b"/>
      </symbol>
      <symbol id="sm-10c5">
         <name>ULL$$MOD</name>
         <value>0x83835</value>
         <object_component_ref idref="oc-220"/>
      </symbol>
      <symbol id="sm-10c6">
         <name>ULL$$DIV</name>
         <value>0x83806</value>
         <object_component_ref idref="oc-220"/>
      </symbol>
      <symbol id="sm-10c7">
         <name>LL$$MOD</name>
         <value>0x837cc</value>
         <object_component_ref idref="oc-220"/>
      </symbol>
      <symbol id="sm-10c8">
         <name>LL$$DIV</name>
         <value>0x83790</value>
         <object_component_ref idref="oc-220"/>
      </symbol>
      <symbol id="sm-10da">
         <name>_memcpy</name>
         <value>0x8517f</value>
         <object_component_ref idref="oc-2f5"/>
      </symbol>
      <symbol id="sm-10e9">
         <name>_memset</name>
         <value>0x857d9</value>
         <object_component_ref idref="oc-303"/>
      </symbol>
      <symbol id="sm-1101">
         <name>_strlen</name>
         <value>0x858d0</value>
         <object_component_ref idref="oc-369"/>
      </symbol>
      <symbol id="sm-1115">
         <name>_HOSTopen</name>
         <value>0x82f14</value>
         <object_component_ref idref="oc-399"/>
      </symbol>
      <symbol id="sm-1116">
         <name>_HOSTread</name>
         <value>0x82ed5</value>
         <object_component_ref idref="oc-399"/>
      </symbol>
      <symbol id="sm-1117">
         <name>_HOSTgetenv</name>
         <value>0x82fb5</value>
         <object_component_ref idref="oc-399"/>
      </symbol>
      <symbol id="sm-1118">
         <name>_HOSTtime</name>
         <value>0x82e61</value>
         <object_component_ref idref="oc-399"/>
      </symbol>
      <symbol id="sm-1119">
         <name>_HOSTtime64</name>
         <value>0x82e1c</value>
         <object_component_ref idref="oc-399"/>
      </symbol>
      <symbol id="sm-111a">
         <name>_HOSTrename</name>
         <value>0x82e97</value>
         <object_component_ref idref="oc-399"/>
      </symbol>
      <symbol id="sm-111b">
         <name>_HOSTclock</name>
         <value>0x83006</value>
         <object_component_ref idref="oc-399"/>
      </symbol>
      <symbol id="sm-111c">
         <name>_HOSTwrite</name>
         <value>0x82dc0</value>
         <object_component_ref idref="oc-399"/>
      </symbol>
      <symbol id="sm-111d">
         <name>_HOSTlseek</name>
         <value>0x82f54</value>
         <object_component_ref idref="oc-399"/>
      </symbol>
      <symbol id="sm-111e">
         <name>_HOSTunlink</name>
         <value>0x82df8</value>
         <object_component_ref idref="oc-399"/>
      </symbol>
      <symbol id="sm-111f">
         <name>_HOSTclose</name>
         <value>0x82fdd</value>
         <object_component_ref idref="oc-399"/>
      </symbol>
      <symbol id="sm-1139">
         <name>___TI_readmsg</name>
         <value>0x84058</value>
         <object_component_ref idref="oc-3b0"/>
      </symbol>
      <symbol id="sm-113a">
         <name>C$$IO$$</name>
         <value>0x84053</value>
         <object_component_ref idref="oc-3b0"/>
      </symbol>
      <symbol id="sm-113b">
         <name>__CIOBUF_</name>
         <value>0xa800</value>
         <object_component_ref idref="oc-240"/>
      </symbol>
      <symbol id="sm-113c">
         <name>___TI_writemsg</name>
         <value>0x84000</value>
         <object_component_ref idref="oc-3b0"/>
      </symbol>
      <symbol id="sm-114a">
         <name>_strcpy</name>
         <value>0x85990</value>
         <object_component_ref idref="oc-3b1"/>
      </symbol>
   </symbol_table>
   <title>Link successful</title>
</link_info>
