<?xml version="1.0"?>
<link_info>
   <banner>TMS320C2000 Linker Unix v15.12.3.LTS</banner>
   <copyright>Copyright (c) 1996-2015 Texas Instruments Incorporated</copyright>
   <link_time>0x59235d2d</link_time>
   <link_errors>0x0</link_errors>
   <output_file>MotionControl_Firmware_CPU1.out</output_file>
   <entry_point>
      <name>_c_int00</name>
      <address>0x847a9</address>
   </entry_point>
   <input_file_list>
      <input_file id="fl-2">
         <path>./Library/F2837xD_common/source/</path>
         <kind>object</kind>
         <file>F2837xD_Adc.obj</file>
         <name>F2837xD_Adc.obj</name>
      </input_file>
      <input_file id="fl-3">
         <path>./Library/F2837xD_common/source/</path>
         <kind>object</kind>
         <file>F2837xD_CpuTimers.obj</file>
         <name>F2837xD_CpuTimers.obj</name>
      </input_file>
      <input_file id="fl-4">
         <path>./Library/F2837xD_common/source/</path>
         <kind>object</kind>
         <file>F2837xD_DBGIER.obj</file>
         <name>F2837xD_DBGIER.obj</name>
      </input_file>
      <input_file id="fl-5">
         <path>./Library/F2837xD_common/source/</path>
         <kind>object</kind>
         <file>F2837xD_DefaultISR.obj</file>
         <name>F2837xD_DefaultISR.obj</name>
      </input_file>
      <input_file id="fl-6">
         <path>./Library/F2837xD_common/source/</path>
         <kind>object</kind>
         <file>F2837xD_Dma.obj</file>
         <name>F2837xD_Dma.obj</name>
      </input_file>
      <input_file id="fl-7">
         <path>./Library/F2837xD_common/source/</path>
         <kind>object</kind>
         <file>F2837xD_Emif.obj</file>
         <name>F2837xD_Emif.obj</name>
      </input_file>
      <input_file id="fl-8">
         <path>./Library/F2837xD_common/source/</path>
         <kind>object</kind>
         <file>F2837xD_Gpio.obj</file>
         <name>F2837xD_Gpio.obj</name>
      </input_file>
      <input_file id="fl-9">
         <path>./Library/F2837xD_common/source/</path>
         <kind>object</kind>
         <file>F2837xD_I2C.obj</file>
         <name>F2837xD_I2C.obj</name>
      </input_file>
      <input_file id="fl-a">
         <path>./Library/F2837xD_common/source/</path>
         <kind>object</kind>
         <file>F2837xD_Ipc.obj</file>
         <name>F2837xD_Ipc.obj</name>
      </input_file>
      <input_file id="fl-b">
         <path>./Library/F2837xD_common/source/</path>
         <kind>object</kind>
         <file>F2837xD_Ipc_Driver.obj</file>
         <name>F2837xD_Ipc_Driver.obj</name>
      </input_file>
      <input_file id="fl-c">
         <path>./Library/F2837xD_common/source/</path>
         <kind>object</kind>
         <file>F2837xD_Ipc_Driver_Lite.obj</file>
         <name>F2837xD_Ipc_Driver_Lite.obj</name>
      </input_file>
      <input_file id="fl-d">
         <path>./Library/F2837xD_common/source/</path>
         <kind>object</kind>
         <file>F2837xD_Ipc_Driver_Util.obj</file>
         <name>F2837xD_Ipc_Driver_Util.obj</name>
      </input_file>
      <input_file id="fl-e">
         <path>./Library/F2837xD_common/source/</path>
         <kind>object</kind>
         <file>F2837xD_Mcbsp.obj</file>
         <name>F2837xD_Mcbsp.obj</name>
      </input_file>
      <input_file id="fl-f">
         <path>./Library/F2837xD_common/source/</path>
         <kind>object</kind>
         <file>F2837xD_PieCtrl.obj</file>
         <name>F2837xD_PieCtrl.obj</name>
      </input_file>
      <input_file id="fl-10">
         <path>./Library/F2837xD_common/source/</path>
         <kind>object</kind>
         <file>F2837xD_PieVect.obj</file>
         <name>F2837xD_PieVect.obj</name>
      </input_file>
      <input_file id="fl-11">
         <path>./Library/F2837xD_common/source/</path>
         <kind>object</kind>
         <file>F2837xD_Sci.obj</file>
         <name>F2837xD_Sci.obj</name>
      </input_file>
      <input_file id="fl-12">
         <path>./Library/F2837xD_common/source/</path>
         <kind>object</kind>
         <file>F2837xD_SysCtrl.obj</file>
         <name>F2837xD_SysCtrl.obj</name>
      </input_file>
      <input_file id="fl-13">
         <path>./Library/F2837xD_common/source/</path>
         <kind>object</kind>
         <file>F2837xD_TempSensorConv.obj</file>
         <name>F2837xD_TempSensorConv.obj</name>
      </input_file>
      <input_file id="fl-14">
         <path>./Library/F2837xD_common/source/</path>
         <kind>object</kind>
         <file>F2837xD_sci_io.obj</file>
         <name>F2837xD_sci_io.obj</name>
      </input_file>
      <input_file id="fl-15">
         <path>./Library/F2837xD_common/source/</path>
         <kind>object</kind>
         <file>F2837xD_sdfm_drivers.obj</file>
         <name>F2837xD_sdfm_drivers.obj</name>
      </input_file>
      <input_file id="fl-16">
         <path>./Library/F2837xD_common/source/</path>
         <kind>object</kind>
         <file>F2837xD_struct.obj</file>
         <name>F2837xD_struct.obj</name>
      </input_file>
      <input_file id="fl-17">
         <path>./Library/F2837xD_common/source/</path>
         <kind>object</kind>
         <file>F2837xD_usDelay.obj</file>
         <name>F2837xD_usDelay.obj</name>
      </input_file>
      <input_file id="fl-18">
         <path>./Library/F2837xD_headers/source/</path>
         <kind>object</kind>
         <file>F2837xD_GlobalVariableDefs.obj</file>
         <name>F2837xD_GlobalVariableDefs.obj</name>
      </input_file>
      <input_file id="fl-19">
         <path>./Source/src/</path>
         <kind>object</kind>
         <file>CPU1_CLA1_interrupt.obj</file>
         <name>CPU1_CLA1_interrupt.obj</name>
      </input_file>
      <input_file id="fl-1a">
         <path>./Source/src/</path>
         <kind>object</kind>
         <file>CPU1_CLA1_task.obj</file>
         <name>CPU1_CLA1_task.obj</name>
      </input_file>
      <input_file id="fl-1b">
         <path>./Source/src/</path>
         <kind>object</kind>
         <file>CommutationMaster.obj</file>
         <name>CommutationMaster.obj</name>
      </input_file>
      <input_file id="fl-1c">
         <path>./Source/src/</path>
         <kind>object</kind>
         <file>ControlProcessMaster.obj</file>
         <name>ControlProcessMaster.obj</name>
      </input_file>
      <input_file id="fl-1d">
         <path>./Source/src/</path>
         <kind>object</kind>
         <file>CurrentLoopSweepSine.obj</file>
         <name>CurrentLoopSweepSine.obj</name>
      </input_file>
      <input_file id="fl-1e">
         <path>./Source/src/</path>
         <kind>object</kind>
         <file>IPCMaster_CPU1.obj</file>
         <name>IPCMaster_CPU1.obj</name>
      </input_file>
      <input_file id="fl-1f">
         <path>./Source/src/</path>
         <kind>object</kind>
         <file>SystemInit.obj</file>
         <name>SystemInit.obj</name>
      </input_file>
      <input_file id="fl-20">
         <path>./Source/src/</path>
         <kind>object</kind>
         <file>main.obj</file>
         <name>main.obj</name>
      </input_file>
      <input_file id="fl-24">
         <path>/home/yifan/git/MotionControlFirmware_TI_C2000/MotionControl_Firmware_CPU1/Debug/configPkg/package/cfg/</path>
         <kind>object</kind>
         <file>MotionControl_Firmware_CPU1_p28FP.o28FP</file>
         <name>MotionControl_Firmware_CPU1_p28FP.o28FP</name>
      </input_file>
      <input_file id="fl-2d">
         <path>/home/yifan/git/MotionControlFirmware_TI_C2000/MotionControl_Firmware_CPU1/src/sysbios/</path>
         <kind>archive</kind>
         <file>sysbios.a28FP</file>
         <name>BIOS.obj</name>
      </input_file>
      <input_file id="fl-2e">
         <path>/home/yifan/git/MotionControlFirmware_TI_C2000/MotionControl_Firmware_CPU1/src/sysbios/</path>
         <kind>archive</kind>
         <file>sysbios.a28FP</file>
         <name>c28_Hwi_asm.obj</name>
      </input_file>
      <input_file id="fl-2f">
         <path>/home/yifan/git/MotionControlFirmware_TI_C2000/MotionControl_Firmware_CPU1/src/sysbios/</path>
         <kind>archive</kind>
         <file>sysbios.a28FP</file>
         <name>c28_Hwi_disp_asm.obj</name>
      </input_file>
      <input_file id="fl-30">
         <path>/home/yifan/git/MotionControlFirmware_TI_C2000/MotionControl_Firmware_CPU1/src/sysbios/</path>
         <kind>archive</kind>
         <file>sysbios.a28FP</file>
         <name>c28_IntrinsicsSupport_asm.obj</name>
      </input_file>
      <input_file id="fl-31">
         <path>/home/yifan/git/MotionControlFirmware_TI_C2000/MotionControl_Firmware_CPU1/src/sysbios/</path>
         <kind>archive</kind>
         <file>sysbios.a28FP</file>
         <name>c28_TaskSupport_asm.obj</name>
      </input_file>
      <input_file id="fl-32">
         <path>/home/yifan/ti/bios_6_46_04_53/packages/ti/targets/rts2800/lib/</path>
         <kind>archive</kind>
         <file>ti.targets.rts2800.a28FP</file>
         <name>Assert.o28FP</name>
      </input_file>
      <input_file id="fl-33">
         <path>/home/yifan/ti/bios_6_46_04_53/packages/ti/targets/rts2800/lib/</path>
         <kind>archive</kind>
         <file>ti.targets.rts2800.a28FP</file>
         <name>Core-smem.o28FP</name>
      </input_file>
      <input_file id="fl-34">
         <path>/home/yifan/ti/bios_6_46_04_53/packages/ti/targets/rts2800/lib/</path>
         <kind>archive</kind>
         <file>ti.targets.rts2800.a28FP</file>
         <name>Core-label.o28FP</name>
      </input_file>
      <input_file id="fl-35">
         <path>/home/yifan/ti/bios_6_46_04_53/packages/ti/targets/rts2800/lib/</path>
         <kind>archive</kind>
         <file>ti.targets.rts2800.a28FP</file>
         <name>Core-params.o28FP</name>
      </input_file>
      <input_file id="fl-36">
         <path>/home/yifan/ti/bios_6_46_04_53/packages/ti/targets/rts2800/lib/</path>
         <kind>archive</kind>
         <file>ti.targets.rts2800.a28FP</file>
         <name>Error.o28FP</name>
      </input_file>
      <input_file id="fl-37">
         <path>/home/yifan/ti/bios_6_46_04_53/packages/ti/targets/rts2800/lib/</path>
         <kind>archive</kind>
         <file>ti.targets.rts2800.a28FP</file>
         <name>Gate.o28FP</name>
      </input_file>
      <input_file id="fl-38">
         <path>/home/yifan/ti/bios_6_46_04_53/packages/ti/targets/rts2800/lib/</path>
         <kind>archive</kind>
         <file>ti.targets.rts2800.a28FP</file>
         <name>LoggerBuf.o28FP</name>
      </input_file>
      <input_file id="fl-39">
         <path>/home/yifan/ti/bios_6_46_04_53/packages/ti/targets/rts2800/lib/</path>
         <kind>archive</kind>
         <file>ti.targets.rts2800.a28FP</file>
         <name>Memory.o28FP</name>
      </input_file>
      <input_file id="fl-3a">
         <path>/home/yifan/ti/bios_6_46_04_53/packages/ti/targets/rts2800/lib/</path>
         <kind>archive</kind>
         <file>ti.targets.rts2800.a28FP</file>
         <name>Startup.o28FP</name>
      </input_file>
      <input_file id="fl-3b">
         <path>/home/yifan/ti/bios_6_46_04_53/packages/ti/targets/rts2800/lib/</path>
         <kind>archive</kind>
         <file>ti.targets.rts2800.a28FP</file>
         <name>System.o28FP</name>
      </input_file>
      <input_file id="fl-3c">
         <path>/home/yifan/ti/bios_6_46_04_53/packages/ti/targets/rts2800/lib/</path>
         <kind>archive</kind>
         <file>ti.targets.rts2800.a28FP</file>
         <name>SysMin.o28FP</name>
      </input_file>
      <input_file id="fl-3d">
         <path>/home/yifan/ti/bios_6_46_04_53/packages/ti/targets/rts2800/lib/</path>
         <kind>archive</kind>
         <file>ti.targets.rts2800.a28FP</file>
         <name>Text.o28FP</name>
      </input_file>
      <input_file id="fl-3e">
         <path>/home/yifan/ti/bios_6_46_04_53/packages/ti/targets/rts2800/lib/</path>
         <kind>archive</kind>
         <file>ti.targets.rts2800.a28FP</file>
         <name>xdc_noinit.o28FP</name>
      </input_file>
      <input_file id="fl-3f">
         <path>/home/yifan/ti/bios_6_46_04_53/packages/ti/targets/rts2800/lib/</path>
         <kind>archive</kind>
         <file>ti.targets.rts2800.a28FP</file>
         <name>Log.o28FP</name>
      </input_file>
      <input_file id="fl-40">
         <path>/home/yifan/ti/bios_6_46_04_53/packages/ti/targets/rts2800/lib/</path>
         <kind>archive</kind>
         <file>ti.targets.rts2800.a28FP</file>
         <name>Registry.o28FP</name>
      </input_file>
      <input_file id="fl-41">
         <path>/home/yifan/ti/bios_6_46_04_53/packages/ti/targets/rts2800/lib/</path>
         <kind>archive</kind>
         <file>boot.a28FP</file>
         <name>boot_cg.o28FP</name>
      </input_file>
      <input_file id="fl-42">
         <path>/home/yifan/ti/bios_6_46_04_53/packages/ti/catalog/c2800/initF2837x/lib/</path>
         <kind>archive</kind>
         <file>Boot.a28FP</file>
         <name>Boot.o28FP</name>
      </input_file>
      <input_file id="fl-43">
         <path>/home/yifan/ti/bios_6_46_04_53/packages/ti/catalog/c2800/initF2837x/lib/</path>
         <kind>archive</kind>
         <file>Boot.a28FP</file>
         <name>Boot_asm.o28FP</name>
      </input_file>
      <input_file id="fl-49">
         <path>/home/yifan/TI_CCS/V6.2.0/ccsv6/tools/compiler/c2000_15.12.3.LTS/lib/</path>
         <kind>archive</kind>
         <file>rts2800_fpu32.lib</file>
         <name>_lock.obj</name>
      </input_file>
      <input_file id="fl-4a">
         <path>/home/yifan/TI_CCS/V6.2.0/ccsv6/tools/compiler/c2000_15.12.3.LTS/lib/</path>
         <kind>archive</kind>
         <file>rts2800_fpu32.lib</file>
         <name>args_main.obj</name>
      </input_file>
      <input_file id="fl-4b">
         <path>/home/yifan/TI_CCS/V6.2.0/ccsv6/tools/compiler/c2000_15.12.3.LTS/lib/</path>
         <kind>archive</kind>
         <file>rts2800_fpu32.lib</file>
         <name>cpy_tbl.obj</name>
      </input_file>
      <input_file id="fl-4c">
         <path>/home/yifan/TI_CCS/V6.2.0/ccsv6/tools/compiler/c2000_15.12.3.LTS/lib/</path>
         <kind>archive</kind>
         <file>rts2800_fpu32.lib</file>
         <name>cpy_utils.obj</name>
      </input_file>
      <input_file id="fl-4d">
         <path>/home/yifan/TI_CCS/V6.2.0/ccsv6/tools/compiler/c2000_15.12.3.LTS/lib/</path>
         <kind>archive</kind>
         <file>rts2800_fpu32.lib</file>
         <name>exit.obj</name>
      </input_file>
      <input_file id="fl-4e">
         <path>/home/yifan/TI_CCS/V6.2.0/ccsv6/tools/compiler/c2000_15.12.3.LTS/lib/</path>
         <kind>archive</kind>
         <file>rts2800_fpu32.lib</file>
         <name>fs_div.obj</name>
      </input_file>
      <input_file id="fl-4f">
         <path>/home/yifan/TI_CCS/V6.2.0/ccsv6/tools/compiler/c2000_15.12.3.LTS/lib/</path>
         <kind>archive</kind>
         <file>rts2800_fpu32.lib</file>
         <name>ll_aox.obj</name>
      </input_file>
      <input_file id="fl-50">
         <path>/home/yifan/TI_CCS/V6.2.0/ccsv6/tools/compiler/c2000_15.12.3.LTS/lib/</path>
         <kind>archive</kind>
         <file>rts2800_fpu32.lib</file>
         <name>ll_div.obj</name>
      </input_file>
      <input_file id="fl-51">
         <path>/home/yifan/TI_CCS/V6.2.0/ccsv6/tools/compiler/c2000_15.12.3.LTS/lib/</path>
         <kind>archive</kind>
         <file>rts2800_fpu32.lib</file>
         <name>memcpy.obj</name>
      </input_file>
      <input_file id="fl-52">
         <path>/home/yifan/TI_CCS/V6.2.0/ccsv6/tools/compiler/c2000_15.12.3.LTS/lib/</path>
         <kind>archive</kind>
         <file>rts2800_fpu32.lib</file>
         <name>memset.obj</name>
      </input_file>
      <input_file id="fl-53">
         <path>/home/yifan/TI_CCS/V6.2.0/ccsv6/tools/compiler/c2000_15.12.3.LTS/lib/</path>
         <kind>archive</kind>
         <file>rts2800_fpu32.lib</file>
         <name>strcmp.obj</name>
      </input_file>
      <input_file id="fl-54">
         <path>/home/yifan/TI_CCS/V6.2.0/ccsv6/tools/compiler/c2000_15.12.3.LTS/lib/</path>
         <kind>archive</kind>
         <file>rts2800_fpu32.lib</file>
         <name>strlen.obj</name>
      </input_file>
      <input_file id="fl-55">
         <path>/home/yifan/TI_CCS/V6.2.0/ccsv6/tools/compiler/c2000_15.12.3.LTS/lib/</path>
         <kind>archive</kind>
         <file>rts2800_fpu32.lib</file>
         <name>trgdrv.obj</name>
      </input_file>
      <input_file id="fl-56">
         <path>/home/yifan/TI_CCS/V6.2.0/ccsv6/tools/compiler/c2000_15.12.3.LTS/lib/</path>
         <kind>archive</kind>
         <file>rts2800_fpu32.lib</file>
         <name>trgmsg.obj</name>
      </input_file>
      <input_file id="fl-57">
         <path>/home/yifan/TI_CCS/V6.2.0/ccsv6/tools/compiler/c2000_15.12.3.LTS/lib/</path>
         <kind>archive</kind>
         <file>rts2800_fpu32.lib</file>
         <name>strcpy.obj</name>
      </input_file>
   </input_file_list>
   <object_component_list>
      <object_component id="oc-18f">
         <name>.cinit</name>
         <load_address>0x82000</load_address>
         <run_address>0x82000</run_address>
         <size>0x3bc</size>
         <input_file_ref idref="fl-24"/>
      </object_component>
      <object_component id="oc-f8">
         <name>.cinit</name>
         <load_address>0x823bc</load_address>
         <run_address>0x823bc</run_address>
         <size>0x90</size>
         <input_file_ref idref="fl-16"/>
      </object_component>
      <object_component id="oc-210">
         <name>.cinit</name>
         <load_address>0x8244c</load_address>
         <run_address>0x8244c</run_address>
         <size>0xe</size>
         <input_file_ref idref="fl-4d"/>
      </object_component>
      <object_component id="oc-2b1">
         <name>.cinit:__lock</name>
         <load_address>0x8245a</load_address>
         <run_address>0x8245a</run_address>
         <size>0x5</size>
         <input_file_ref idref="fl-49"/>
      </object_component>
      <object_component id="oc-2b0">
         <name>.cinit:__unlock</name>
         <load_address>0x8245f</load_address>
         <run_address>0x8245f</run_address>
         <size>0x5</size>
         <input_file_ref idref="fl-49"/>
      </object_component>
      <object_component id="oc-ec">
         <name>.cinit</name>
         <load_address>0x82464</load_address>
         <run_address>0x82464</run_address>
         <size>0x4</size>
         <input_file_ref idref="fl-14"/>
      </object_component>
      <object_component id="oc-184">
         <name>.cinit</name>
         <load_address>0x82468</load_address>
         <run_address>0x82468</run_address>
         <size>0x4</size>
         <input_file_ref idref="fl-20"/>
      </object_component>
      <object_component id="oc-9c">
         <name>.text:retain</name>
         <load_address>0x8248c</load_address>
         <run_address>0x8248c</run_address>
         <size>0x585</size>
         <input_file_ref idref="fl-5"/>
      </object_component>
      <object_component id="oc-28f">
         <name>.text</name>
         <load_address>0x82a11</load_address>
         <run_address>0x82a11</run_address>
         <size>0x347</size>
         <input_file_ref idref="fl-12"/>
      </object_component>
      <object_component id="oc-34b">
         <name>.text</name>
         <load_address>0x82d58</load_address>
         <run_address>0x82d58</run_address>
         <size>0x27c</size>
         <input_file_ref idref="fl-55"/>
      </object_component>
      <object_component id="oc-2f9">
         <name>.text:_xdc_runtime_System_doPrint__I</name>
         <load_address>0x82fd4</load_address>
         <run_address>0x82fd4</run_address>
         <size>0x25f</size>
         <input_file_ref idref="fl-3b"/>
      </object_component>
      <object_component id="oc-2d0">
         <name>.text</name>
         <load_address>0x83233</load_address>
         <run_address>0x83233</run_address>
         <size>0x244</size>
         <input_file_ref idref="fl-8"/>
      </object_component>
      <object_component id="oc-290">
         <name>.text</name>
         <load_address>0x83477</load_address>
         <run_address>0x83477</run_address>
         <size>0x1e2</size>
         <input_file_ref idref="fl-1f"/>
      </object_component>
      <object_component id="oc-29f">
         <name>.text:_ti_sysbios_knl_Semaphore_pend__E</name>
         <load_address>0x83659</load_address>
         <run_address>0x83659</run_address>
         <size>0x1a7</size>
         <input_file_ref idref="fl-2d"/>
      </object_component>
      <object_component id="oc-332">
         <name>.text:_xdc_runtime_System_printfExtend__I</name>
         <load_address>0x83800</load_address>
         <run_address>0x83800</run_address>
         <size>0x10a</size>
         <input_file_ref idref="fl-24"/>
      </object_component>
      <object_component id="oc-220">
         <name>.text</name>
         <load_address>0x8390a</load_address>
         <run_address>0x8390a</run_address>
         <size>0x107</size>
         <input_file_ref idref="fl-50"/>
      </object_component>
      <object_component id="oc-288">
         <name>.text:_ti_sysbios_knl_Task_sleep__E</name>
         <load_address>0x83a11</load_address>
         <run_address>0x83a11</run_address>
         <size>0x100</size>
         <input_file_ref idref="fl-2d"/>
      </object_component>
      <object_component id="oc-2f1">
         <name>.text:_ti_sysbios_family_c28_Hwi_clearInterrupt__E</name>
         <load_address>0x83b11</load_address>
         <run_address>0x83b11</run_address>
         <size>0xe2</size>
         <input_file_ref idref="fl-2d"/>
      </object_component>
      <object_component id="oc-278">
         <name>.text:_xdc_runtime_LoggerBuf_write8__E</name>
         <load_address>0x83bf3</load_address>
         <run_address>0x83bf3</run_address>
         <size>0xdf</size>
         <input_file_ref idref="fl-38"/>
      </object_component>
      <object_component id="oc-293">
         <name>.text</name>
         <load_address>0x83cd2</load_address>
         <run_address>0x83cd2</run_address>
         <size>0xdd</size>
         <input_file_ref idref="fl-2"/>
      </object_component>
      <object_component id="oc-24f">
         <name>.text</name>
         <load_address>0x83daf</load_address>
         <run_address>0x83daf</run_address>
         <size>0xc2</size>
         <input_file_ref idref="fl-13"/>
      </object_component>
      <object_component id="oc-2c9">
         <name>.text:_xdc_runtime_Error_policyDefault__E</name>
         <load_address>0x83e71</load_address>
         <run_address>0x83e71</run_address>
         <size>0xa5</size>
         <input_file_ref idref="fl-36"/>
      </object_component>
      <object_component id="oc-36b">
         <name>.text:_ti_sysbios_family_c28_Hwi_dispatch</name>
         <load_address>0x83f16</load_address>
         <run_address>0x83f16</run_address>
         <size>0x9b</size>
         <input_file_ref idref="fl-2f"/>
      </object_component>
      <object_component id="oc-38c">
         <name>.text:_ti_sysbios_family_c28_Hwi_dispatchCore__I</name>
         <load_address>0x83fb1</load_address>
         <run_address>0x83fb1</run_address>
         <size>0x4c</size>
         <input_file_ref idref="fl-2d"/>
      </object_component>
      <object_component id="oc-2ca">
         <name>.text:.bootCodeSection:_ti_catalog_c2800_initF2837x_Boot_limpAbort</name>
         <load_address>0x83ffd</load_address>
         <run_address>0x83ffd</run_address>
         <size>0x3</size>
         <input_file_ref idref="fl-24"/>
      </object_component>
      <object_component id="oc-263">
         <name>.text</name>
         <load_address>0x84000</load_address>
         <run_address>0x84000</run_address>
         <size>0x97</size>
         <input_file_ref idref="fl-20"/>
      </object_component>
      <object_component id="oc-277">
         <name>.text:_xdc_runtime_LoggerBuf_write4__E</name>
         <load_address>0x84097</load_address>
         <run_address>0x84097</run_address>
         <size>0x95</size>
         <input_file_ref idref="fl-38"/>
      </object_component>
      <object_component id="oc-361">
         <name>.text</name>
         <load_address>0x8412c</load_address>
         <run_address>0x8412c</run_address>
         <size>0x94</size>
         <input_file_ref idref="fl-56"/>
      </object_component>
      <object_component id="oc-2f2">
         <name>.text:_ti_sysbios_family_c28_Hwi_enableInterrupt__E</name>
         <load_address>0x841c0</load_address>
         <run_address>0x841c0</run_address>
         <size>0x90</size>
         <input_file_ref idref="fl-2d"/>
      </object_component>
      <object_component id="oc-164">
         <name>.text:retain</name>
         <load_address>0x84250</load_address>
         <run_address>0x84250</run_address>
         <size>0x88</size>
         <input_file_ref idref="fl-19"/>
      </object_component>
      <object_component id="oc-216">
         <name>.text</name>
         <load_address>0x842d8</load_address>
         <run_address>0x842d8</run_address>
         <size>0x88</size>
         <input_file_ref idref="fl-4e"/>
      </object_component>
      <object_component id="oc-2a0">
         <name>.text:_ti_sysbios_knl_Semaphore_post__E</name>
         <load_address>0x84360</load_address>
         <run_address>0x84360</run_address>
         <size>0x84</size>
         <input_file_ref idref="fl-2d"/>
      </object_component>
      <object_component id="oc-37f">
         <name>.text:_ti_sysbios_family_c28_Hwi_disableInterrupt__E</name>
         <load_address>0x843e4</load_address>
         <run_address>0x843e4</run_address>
         <size>0x83</size>
         <input_file_ref idref="fl-2d"/>
      </object_component>
      <object_component id="oc-319">
         <name>.text:_ti_sysbios_family_c28_Hwi_disablePIEIER__E</name>
         <load_address>0x84467</load_address>
         <run_address>0x84467</run_address>
         <size>0x80</size>
         <input_file_ref idref="fl-2d"/>
      </object_component>
      <object_component id="oc-318">
         <name>.text:_ti_sysbios_family_c28_Hwi_enablePIEIER__E</name>
         <load_address>0x844e7</load_address>
         <run_address>0x844e7</run_address>
         <size>0x7f</size>
         <input_file_ref idref="fl-2d"/>
      </object_component>
      <object_component id="oc-30b">
         <name>.text:_xdc_runtime_Startup_startMods__I</name>
         <load_address>0x84566</load_address>
         <run_address>0x84566</run_address>
         <size>0x7d</size>
         <input_file_ref idref="fl-3a"/>
      </object_component>
      <object_component id="oc-33f">
         <name>.text:_xdc_runtime_Text_putSite__E</name>
         <load_address>0x845e3</load_address>
         <run_address>0x845e3</run_address>
         <size>0x7b</size>
         <input_file_ref idref="fl-3d"/>
      </object_component>
      <object_component id="oc-2f5">
         <name>.text:_ti_sysbios_knl_Task_checkStacks__E</name>
         <load_address>0x8465e</load_address>
         <run_address>0x8465e</run_address>
         <size>0x73</size>
         <input_file_ref idref="fl-2d"/>
      </object_component>
      <object_component id="oc-26b">
         <name>.text:_ti_sysbios_gates_GateMutex_enter__E</name>
         <load_address>0x846d1</load_address>
         <run_address>0x846d1</run_address>
         <size>0x72</size>
         <input_file_ref idref="fl-2d"/>
      </object_component>
      <object_component id="oc-36d">
         <name>.text:_ti_sysbios_family_c28_Timer_stopAndClear__I</name>
         <load_address>0x84743</load_address>
         <run_address>0x84743</run_address>
         <size>0x66</size>
         <input_file_ref idref="fl-2d"/>
      </object_component>
      <object_component id="oc-89">
         <name>.text</name>
         <load_address>0x847a9</load_address>
         <run_address>0x847a9</run_address>
         <size>0x63</size>
         <input_file_ref idref="fl-41"/>
      </object_component>
      <object_component id="oc-33e">
         <name>.text:_xdc_runtime_Text_putLab__E</name>
         <load_address>0x8480c</load_address>
         <run_address>0x8480c</run_address>
         <size>0x4c</size>
         <input_file_ref idref="fl-3d"/>
      </object_component>
      <object_component id="oc-259">
         <name>.text:_ti_sysbios_knl_Clock_workFunc__E</name>
         <load_address>0x84858</load_address>
         <run_address>0x84858</run_address>
         <size>0x4b</size>
         <input_file_ref idref="fl-2d"/>
      </object_component>
      <object_component id="oc-35e">
         <name>.text:_ti_sysbios_knl_Task_postInit__I</name>
         <load_address>0x848a3</load_address>
         <run_address>0x848a3</run_address>
         <size>0x4b</size>
         <input_file_ref idref="fl-2d"/>
      </object_component>
      <object_component id="oc-28b">
         <name>.text:.bootCodeSection:_ti_catalog_c2800_initF2837x_Boot_configurePllDivs</name>
         <load_address>0x848ee</load_address>
         <run_address>0x848ee</run_address>
         <size>0x49</size>
         <input_file_ref idref="fl-42"/>
      </object_component>
      <object_component id="oc-345">
         <name>.text:_ti_sysbios_family_c28_Hwi_Module_startup__E</name>
         <load_address>0x84937</load_address>
         <run_address>0x84937</run_address>
         <size>0x47</size>
         <input_file_ref idref="fl-2d"/>
      </object_component>
      <object_component id="oc-310">
         <name>.text:_ti_sysbios_knl_Swi_run__I</name>
         <load_address>0x8497e</load_address>
         <run_address>0x8497e</run_address>
         <size>0x46</size>
         <input_file_ref idref="fl-2d"/>
      </object_component>
      <object_component id="oc-24b">
         <name>.text</name>
         <load_address>0x849c4</load_address>
         <run_address>0x849c4</run_address>
         <size>0x46</size>
         <input_file_ref idref="fl-4b"/>
      </object_component>
      <object_component id="oc-356">
         <name>.text:_ti_sysbios_family_c28_Timer_postInit__I</name>
         <load_address>0x84a0a</load_address>
         <run_address>0x84a0a</run_address>
         <size>0x43</size>
         <input_file_ref idref="fl-2d"/>
      </object_component>
      <object_component id="oc-2fd">
         <name>.text:_xdc_runtime_Error_setX__E</name>
         <load_address>0x84a4d</load_address>
         <run_address>0x84a4d</run_address>
         <size>0x43</size>
         <input_file_ref idref="fl-36"/>
      </object_component>
      <object_component id="oc-199">
         <name>.text:_ti_sysbios_family_c28_Hwi_unPluggedInterrupt__I</name>
         <load_address>0x84a90</load_address>
         <run_address>0x84a90</run_address>
         <size>0x42</size>
         <input_file_ref idref="fl-2d"/>
      </object_component>
      <object_component id="oc-325">
         <name>.text:_xdc_runtime_System_formatNum__I</name>
         <load_address>0x84ad2</load_address>
         <run_address>0x84ad2</run_address>
         <size>0x40</size>
         <input_file_ref idref="fl-3b"/>
      </object_component>
      <object_component id="oc-279">
         <name>.text:_xdc_runtime_LoggerBuf_setFilterLevel__E</name>
         <load_address>0x84b12</load_address>
         <run_address>0x84b12</run_address>
         <size>0x3f</size>
         <input_file_ref idref="fl-38"/>
      </object_component>
      <object_component id="oc-188">
         <name>.text:retain</name>
         <load_address>0x84b51</load_address>
         <run_address>0x84b51</run_address>
         <size>0x3f</size>
         <input_file_ref idref="fl-20"/>
      </object_component>
      <object_component id="oc-38e">
         <name>.text:_ti_sysbios_knl_Swi_restoreHwi__E</name>
         <load_address>0x84b90</load_address>
         <run_address>0x84b90</run_address>
         <size>0x3e</size>
         <input_file_ref idref="fl-2d"/>
      </object_component>
      <object_component id="oc-27a">
         <name>.text:_xdc_runtime_LoggerBuf_getFilterLevel__E</name>
         <load_address>0x84bce</load_address>
         <run_address>0x84bce</run_address>
         <size>0x3c</size>
         <input_file_ref idref="fl-38"/>
      </object_component>
      <object_component id="oc-382">
         <name>.text:_ti_sysbios_family_c28_TaskSupport_start__E</name>
         <load_address>0x84c0a</load_address>
         <run_address>0x84c0a</run_address>
         <size>0x3a</size>
         <input_file_ref idref="fl-2d"/>
      </object_component>
      <object_component id="oc-34c">
         <name>.text:_xdc_runtime_Text_putMod__E</name>
         <load_address>0x84c44</load_address>
         <run_address>0x84c44</run_address>
         <size>0x3a</size>
         <input_file_ref idref="fl-3d"/>
      </object_component>
      <object_component id="oc-341">
         <name>.text:_xdc_runtime_Error_print__E</name>
         <load_address>0x84c7e</load_address>
         <run_address>0x84c7e</run_address>
         <size>0x36</size>
         <input_file_ref idref="fl-36"/>
      </object_component>
      <object_component id="oc-2ba">
         <name>.text:_ti_sysbios_knl_Task_startCore__E</name>
         <load_address>0x84cb4</load_address>
         <run_address>0x84cb4</run_address>
         <size>0x35</size>
         <input_file_ref idref="fl-2d"/>
      </object_component>
      <object_component id="oc-24c">
         <name>.text:_xdc_runtime_Startup_exec__E</name>
         <load_address>0x84ce9</load_address>
         <run_address>0x84ce9</run_address>
         <size>0x35</size>
         <input_file_ref idref="fl-3a"/>
      </object_component>
      <object_component id="oc-2b5">
         <name>.text:_ti_sysbios_BIOS_rtsUnlock__I</name>
         <load_address>0x84d1e</load_address>
         <run_address>0x84d1e</run_address>
         <size>0x34</size>
         <input_file_ref idref="fl-24"/>
      </object_component>
      <object_component id="oc-349">
         <name>.text:_ti_sysbios_knl_Task_Module_startup__E</name>
         <load_address>0x84d52</load_address>
         <run_address>0x84d52</run_address>
         <size>0x32</size>
         <input_file_ref idref="fl-2d"/>
      </object_component>
      <object_component id="oc-29d">
         <name>.text:_xdc_runtime_Assert_raise__I</name>
         <load_address>0x84d84</load_address>
         <run_address>0x84d84</run_address>
         <size>0x32</size>
         <input_file_ref idref="fl-32"/>
      </object_component>
      <object_component id="oc-2e4">
         <name>.text:_ti_sysbios_knl_Swi_runLoop__I</name>
         <load_address>0x84db6</load_address>
         <run_address>0x84db6</run_address>
         <size>0x2e</size>
         <input_file_ref idref="fl-2d"/>
      </object_component>
      <object_component id="oc-2a1">
         <name>.text:_ti_sysbios_knl_Swi_schedule__I</name>
         <load_address>0x84de4</load_address>
         <run_address>0x84de4</run_address>
         <size>0x2e</size>
         <input_file_ref idref="fl-2d"/>
      </object_component>
      <object_component id="oc-2fb">
         <name>.text:_ti_sysbios_knl_Task_schedule__I</name>
         <load_address>0x84e12</load_address>
         <run_address>0x84e12</run_address>
         <size>0x2e</size>
         <input_file_ref idref="fl-2d"/>
      </object_component>
      <object_component id="oc-32b">
         <name>.text:_ti_sysbios_family_c28_Hwi_getStackInfo__E</name>
         <load_address>0x84e40</load_address>
         <run_address>0x84e40</run_address>
         <size>0x2c</size>
         <input_file_ref idref="fl-2d"/>
      </object_component>
      <object_component id="oc-2b7">
         <name>.text:_ti_sysbios_family_c28_Timer_start__E</name>
         <load_address>0x84e6c</load_address>
         <run_address>0x84e6c</run_address>
         <size>0x2c</size>
         <input_file_ref idref="fl-2d"/>
      </object_component>
      <object_component id="oc-34d">
         <name>.text:_xdc_runtime_Text_xprintf__I</name>
         <load_address>0x84e98</load_address>
         <run_address>0x84e98</run_address>
         <size>0x2a</size>
         <input_file_ref idref="fl-3d"/>
      </object_component>
      <object_component id="oc-2d5">
         <name>.text</name>
         <load_address>0x84ec2</load_address>
         <run_address>0x84ec2</run_address>
         <size>0x29</size>
         <input_file_ref idref="fl-4d"/>
      </object_component>
      <object_component id="oc-291">
         <name>.text</name>
         <load_address>0x84eeb</load_address>
         <run_address>0x84eeb</run_address>
         <size>0x28</size>
         <input_file_ref idref="fl-f"/>
      </object_component>
      <object_component id="oc-30e">
         <name>.text:_xdc_runtime_SysMin_flush__E</name>
         <load_address>0x84f13</load_address>
         <run_address>0x84f13</run_address>
         <size>0x28</size>
         <input_file_ref idref="fl-3c"/>
      </object_component>
      <object_component id="oc-292">
         <name>.text</name>
         <load_address>0x84f3b</load_address>
         <run_address>0x84f3b</run_address>
         <size>0x26</size>
         <input_file_ref idref="fl-10"/>
      </object_component>
      <object_component id="oc-38b">
         <name>.text:_ti_sysbios_family_c28_TaskSupport_buildTaskStack</name>
         <load_address>0x84f61</load_address>
         <run_address>0x84f61</run_address>
         <size>0x25</size>
         <input_file_ref idref="fl-31"/>
      </object_component>
      <object_component id="oc-270">
         <name>.text:_ti_sysbios_knl_Swi_post__E</name>
         <load_address>0x84f86</load_address>
         <run_address>0x84f86</run_address>
         <size>0x24</size>
         <input_file_ref idref="fl-2d"/>
      </object_component>
      <object_component id="oc-264">
         <name>.text:_xdc_runtime_System_processAtExit__E</name>
         <load_address>0x84faa</load_address>
         <run_address>0x84faa</run_address>
         <size>0x23</size>
         <input_file_ref idref="fl-3b"/>
      </object_component>
      <object_component id="oc-2f4">
         <name>.text:_ti_sysbios_knl_Task_allBlockedFunction__I</name>
         <load_address>0x84fcd</load_address>
         <run_address>0x84fcd</run_address>
         <size>0x21</size>
         <input_file_ref idref="fl-2d"/>
      </object_component>
      <object_component id="oc-27e">
         <name>.text:_xdc_runtime_System_atexit__E</name>
         <load_address>0x84fee</load_address>
         <run_address>0x84fee</run_address>
         <size>0x21</size>
         <input_file_ref idref="fl-3b"/>
      </object_component>
      <object_component id="oc-36f">
         <name>.text:_ti_sysbios_family_c28_Timer_setPrescale__E</name>
         <load_address>0x8500f</load_address>
         <run_address>0x8500f</run_address>
         <size>0x20</size>
         <input_file_ref idref="fl-2d"/>
      </object_component>
      <object_component id="oc-375">
         <name>.text:_ti_sysbios_knl_Task_exit__E</name>
         <load_address>0x8502f</load_address>
         <run_address>0x8502f</run_address>
         <size>0x1f</size>
         <input_file_ref idref="fl-2d"/>
      </object_component>
      <object_component id="oc-2c6">
         <name>.text:_ti_sysbios_knl_Task_blockI__E</name>
         <load_address>0x8504e</load_address>
         <run_address>0x8504e</run_address>
         <size>0x1e</size>
         <input_file_ref idref="fl-2d"/>
      </object_component>
      <object_component id="oc-340">
         <name>.text:_xdc_runtime_SysMin_putch__E</name>
         <load_address>0x8506c</load_address>
         <run_address>0x8506c</run_address>
         <size>0x1e</size>
         <input_file_ref idref="fl-3c"/>
      </object_component>
      <object_component id="oc-2ce">
         <name>.text</name>
         <load_address>0x8508a</load_address>
         <run_address>0x8508a</run_address>
         <size>0x1e</size>
         <input_file_ref idref="fl-51"/>
      </object_component>
      <object_component id="oc-321">
         <name>.text:_ti_sysbios_family_c28_TaskSupport_swap__E</name>
         <load_address>0x850a8</load_address>
         <run_address>0x850a8</run_address>
         <size>0x1d</size>
         <input_file_ref idref="fl-31"/>
      </object_component>
      <object_component id="oc-2a4">
         <name>.text:_xdc_runtime_LoggerBuf_filterOutEvent__I</name>
         <load_address>0x850c5</load_address>
         <run_address>0x850c5</run_address>
         <size>0x1d</size>
         <input_file_ref idref="fl-38"/>
      </object_component>
      <object_component id="oc-327">
         <name>.text:_ti_sysbios_hal_Hwi_checkStack</name>
         <load_address>0x850e2</load_address>
         <run_address>0x850e2</run_address>
         <size>0x1c</size>
         <input_file_ref idref="fl-2d"/>
      </object_component>
      <object_component id="oc-386">
         <name>.text:_ti_sysbios_family_c28_Hwi_switchAndDispatch__I</name>
         <load_address>0x850fe</load_address>
         <run_address>0x850fe</run_address>
         <size>0x1b</size>
         <input_file_ref idref="fl-2e"/>
      </object_component>
      <object_component id="oc-2cc">
         <name>.text:_ti_sysbios_hal_Hwi_initStack</name>
         <load_address>0x85119</load_address>
         <run_address>0x85119</run_address>
         <size>0x1b</size>
         <input_file_ref idref="fl-2d"/>
      </object_component>
      <object_component id="oc-381">
         <name>.text:_ti_sysbios_knl_Task_processVitalTaskFlag__I</name>
         <load_address>0x85134</load_address>
         <run_address>0x85134</run_address>
         <size>0x1b</size>
         <input_file_ref idref="fl-2d"/>
      </object_component>
      <object_component id="oc-33c">
         <name>.text:_xdc_runtime_SysMin_output__I</name>
         <load_address>0x8514f</load_address>
         <run_address>0x8514f</run_address>
         <size>0x1b</size>
         <input_file_ref idref="fl-24"/>
      </object_component>
      <object_component id="oc-2c3">
         <name>.text:_ti_sysbios_knl_Clock_addI__E</name>
         <load_address>0x8516a</load_address>
         <run_address>0x8516a</run_address>
         <size>0x1a</size>
         <input_file_ref idref="fl-2d"/>
      </object_component>
      <object_component id="oc-342">
         <name>.text:_xdc_runtime_LoggerBuf_Module_startup__E</name>
         <load_address>0x85184</load_address>
         <run_address>0x85184</run_address>
         <size>0x1a</size>
         <input_file_ref idref="fl-38"/>
      </object_component>
      <object_component id="oc-20a">
         <name>.text</name>
         <load_address>0x8519e</load_address>
         <run_address>0x8519e</run_address>
         <size>0x1a</size>
         <input_file_ref idref="fl-4c"/>
      </object_component>
      <object_component id="oc-355">
         <name>.text:_ti_sysbios_family_c28_Hwi_Object__get__S</name>
         <load_address>0x851b8</load_address>
         <run_address>0x851b8</run_address>
         <size>0x19</size>
         <input_file_ref idref="fl-24"/>
      </object_component>
      <object_component id="oc-379">
         <name>.text:_ti_sysbios_knl_Queue_Object__get__S</name>
         <load_address>0x851d1</load_address>
         <run_address>0x851d1</run_address>
         <size>0x19</size>
         <input_file_ref idref="fl-24"/>
      </object_component>
      <object_component id="oc-2b9">
         <name>.text:_ti_sysbios_knl_Swi_restore__E</name>
         <load_address>0x851ea</load_address>
         <run_address>0x851ea</run_address>
         <size>0x19</size>
         <input_file_ref idref="fl-2d"/>
      </object_component>
      <object_component id="oc-369">
         <name>.text:_xdc_runtime_System_avprintf__E</name>
         <load_address>0x85203</load_address>
         <run_address>0x85203</run_address>
         <size>0x19</size>
         <input_file_ref idref="fl-3b"/>
      </object_component>
      <object_component id="oc-326">
         <name>.text:_xdc_runtime_System_putchar__I</name>
         <load_address>0x8521c</load_address>
         <run_address>0x8521c</run_address>
         <size>0x19</size>
         <input_file_ref idref="fl-3b"/>
      </object_component>
      <object_component id="oc-24d">
         <name>.text</name>
         <load_address>0x85235</load_address>
         <run_address>0x85235</run_address>
         <size>0x19</size>
         <input_file_ref idref="fl-4a"/>
      </object_component>
      <object_component id="oc-2e5">
         <name>.text:_ti_sysbios_family_xxx_Hwi_switchAndRunFunc</name>
         <load_address>0x8524e</load_address>
         <run_address>0x8524e</run_address>
         <size>0x18</size>
         <input_file_ref idref="fl-2e"/>
      </object_component>
      <object_component id="oc-352">
         <name>.text:_xdc_runtime_LoggerBuf_reset__E</name>
         <load_address>0x85266</load_address>
         <run_address>0x85266</run_address>
         <size>0x18</size>
         <input_file_ref idref="fl-38"/>
      </object_component>
      <object_component id="oc-2bc">
         <name>.text:_xdc_runtime_System_vprintf__E</name>
         <load_address>0x8527e</load_address>
         <run_address>0x8527e</run_address>
         <size>0x18</size>
         <input_file_ref idref="fl-3b"/>
      </object_component>
      <object_component id="oc-367">
         <name>.text:_xdc_runtime_Text_printVisFxn__I</name>
         <load_address>0x85296</load_address>
         <run_address>0x85296</run_address>
         <size>0x18</size>
         <input_file_ref idref="fl-3d"/>
      </object_component>
      <object_component id="oc-21b">
         <name>.text</name>
         <load_address>0x852ae</load_address>
         <run_address>0x852ae</run_address>
         <size>0x18</size>
         <input_file_ref idref="fl-4f"/>
      </object_component>
      <object_component id="oc-27d">
         <name>.text:_ti_sysbios_BIOS_atExitFunc__I</name>
         <load_address>0x852c6</load_address>
         <run_address>0x852c6</run_address>
         <size>0x17</size>
         <input_file_ref idref="fl-24"/>
      </object_component>
      <object_component id="oc-280">
         <name>.text:_ti_sysbios_family_c28_Timer_startup__E</name>
         <load_address>0x852dd</load_address>
         <run_address>0x852dd</run_address>
         <size>0x17</size>
         <input_file_ref idref="fl-2d"/>
      </object_component>
      <object_component id="oc-255">
         <name>.text:_ti_sysbios_knl_Clock_doTick__I</name>
         <load_address>0x852f4</load_address>
         <run_address>0x852f4</run_address>
         <size>0x17</size>
         <input_file_ref idref="fl-24"/>
      </object_component>
      <object_component id="oc-2d9">
         <name>.text:_ti_sysbios_knl_Semaphore_pendTimeout__I</name>
         <load_address>0x8530b</load_address>
         <run_address>0x8530b</run_address>
         <size>0x17</size>
         <input_file_ref idref="fl-2d"/>
      </object_component>
      <object_component id="oc-35a">
         <name>.text:_ti_sysbios_knl_Swi_Object__get__S</name>
         <load_address>0x85322</load_address>
         <run_address>0x85322</run_address>
         <size>0x17</size>
         <input_file_ref idref="fl-24"/>
      </object_component>
      <object_component id="oc-35d">
         <name>.text:_ti_sysbios_knl_Task_Object__get__S</name>
         <load_address>0x85339</load_address>
         <run_address>0x85339</run_address>
         <size>0x17</size>
         <input_file_ref idref="fl-24"/>
      </object_component>
      <object_component id="oc-2e1">
         <name>.text:_ti_sysbios_knl_Task_unblockI__E</name>
         <load_address>0x85350</load_address>
         <run_address>0x85350</run_address>
         <size>0x17</size>
         <input_file_ref idref="fl-2d"/>
      </object_component>
      <object_component id="oc-351">
         <name>.text:_xdc_runtime_LoggerBuf_Object__get__S</name>
         <load_address>0x85367</load_address>
         <run_address>0x85367</run_address>
         <size>0x17</size>
         <input_file_ref idref="fl-24"/>
      </object_component>
      <object_component id="oc-338">
         <name>.text:_xdc_runtime_SysMin_abort__E</name>
         <load_address>0x8537e</load_address>
         <run_address>0x8537e</run_address>
         <size>0x17</size>
         <input_file_ref idref="fl-3c"/>
      </object_component>
      <object_component id="oc-346">
         <name>.text:_ti_sysbios_family_c28_Timer_Module_startup__E</name>
         <load_address>0x85395</load_address>
         <run_address>0x85395</run_address>
         <size>0x16</size>
         <input_file_ref idref="fl-2d"/>
      </object_component>
      <object_component id="oc-2c7">
         <name>.text:_ti_sysbios_knl_Task_restore__E</name>
         <load_address>0x853ab</load_address>
         <run_address>0x853ab</run_address>
         <size>0x16</size>
         <input_file_ref idref="fl-2d"/>
      </object_component>
      <object_component id="oc-257">
         <name>.text:_ti_sysbios_BIOS_startFunc__I</name>
         <load_address>0x853c1</load_address>
         <run_address>0x853c1</run_address>
         <size>0x15</size>
         <input_file_ref idref="fl-24"/>
      </object_component>
      <object_component id="oc-348">
         <name>.text:_ti_sysbios_knl_Swi_Module_startup__E</name>
         <load_address>0x853d6</load_address>
         <run_address>0x853d6</run_address>
         <size>0x15</size>
         <input_file_ref idref="fl-2d"/>
      </object_component>
      <object_component id="oc-289">
         <name>.text:_ti_sysbios_knl_Idle_run__E</name>
         <load_address>0x853eb</load_address>
         <run_address>0x853eb</run_address>
         <size>0x14</size>
         <input_file_ref idref="fl-2d"/>
      </object_component>
      <object_component id="oc-328">
         <name>.text:_ti_sysbios_BIOS_errorRaiseHook__I</name>
         <load_address>0x853ff</load_address>
         <run_address>0x853ff</run_address>
         <size>0x13</size>
         <input_file_ref idref="fl-24"/>
      </object_component>
      <object_component id="oc-388">
         <name>.text:_ti_sysbios_family_c28_Hwi_disableIER__E</name>
         <load_address>0x85412</load_address>
         <run_address>0x85412</run_address>
         <size>0x12</size>
         <input_file_ref idref="fl-24"/>
      </object_component>
      <object_component id="oc-347">
         <name>.text:_ti_sysbios_knl_Clock_Module_startup__E</name>
         <load_address>0x85424</load_address>
         <run_address>0x85424</run_address>
         <size>0x12</size>
         <input_file_ref idref="fl-2d"/>
      </object_component>
      <object_component id="oc-25e">
         <name>.text:_xdc_runtime_Error_raiseX__E</name>
         <load_address>0x85436</load_address>
         <run_address>0x85436</run_address>
         <size>0x11</size>
         <input_file_ref idref="fl-36"/>
      </object_component>
      <object_component id="oc-2b4">
         <name>.text:_ti_sysbios_BIOS_rtsLock__I</name>
         <load_address>0x85447</load_address>
         <run_address>0x85447</run_address>
         <size>0x10</size>
         <input_file_ref idref="fl-24"/>
      </object_component>
      <object_component id="oc-316">
         <name>.text:_ti_sysbios_family_c28_Hwi_enableIER__E</name>
         <load_address>0x85457</load_address>
         <run_address>0x85457</run_address>
         <size>0x10</size>
         <input_file_ref idref="fl-24"/>
      </object_component>
      <object_component id="oc-36e">
         <name>.text:_ti_sysbios_family_c28_Timer_stop__E</name>
         <load_address>0x85467</load_address>
         <run_address>0x85467</run_address>
         <size>0x10</size>
         <input_file_ref idref="fl-2d"/>
      </object_component>
      <object_component id="oc-387">
         <name>.text:_ti_sysbios_knl_Task_restoreHwi__E</name>
         <load_address>0x85477</load_address>
         <run_address>0x85477</run_address>
         <size>0x10</size>
         <input_file_ref idref="fl-2d"/>
      </object_component>
      <object_component id="oc-276">
         <name>.text:_xdc_runtime_LoggerBuf_write2__E</name>
         <load_address>0x85487</load_address>
         <run_address>0x85487</run_address>
         <size>0xf</size>
         <input_file_ref idref="fl-38"/>
      </object_component>
      <object_component id="oc-2e6">
         <name>.text:_ti_sysbios_family_c28_f2837x_TimestampProvider_get64__E</name>
         <load_address>0x85496</load_address>
         <run_address>0x85496</run_address>
         <size>0xe</size>
         <input_file_ref idref="fl-2d"/>
      </object_component>
      <object_component id="oc-365">
         <name>.text:_xdc_runtime_Registry_findById__E</name>
         <load_address>0x854a4</load_address>
         <run_address>0x854a4</run_address>
         <size>0xe</size>
         <input_file_ref idref="fl-40"/>
      </object_component>
      <object_component id="oc-344">
         <name>.text:_xdc_runtime_SysMin_Module_startup__E</name>
         <load_address>0x854b2</load_address>
         <run_address>0x854b2</run_address>
         <size>0xe</size>
         <input_file_ref idref="fl-3c"/>
      </object_component>
      <object_component id="oc-27f">
         <name>.text:_ti_sysbios_BIOS_registerRTSLock__I</name>
         <load_address>0x854c0</load_address>
         <run_address>0x854c0</run_address>
         <size>0xd</size>
         <input_file_ref idref="fl-24"/>
      </object_component>
      <object_component id="oc-284">
         <name>.text:_ti_sysbios_BIOS_removeRTSLock__I</name>
         <load_address>0x854cd</load_address>
         <run_address>0x854cd</run_address>
         <size>0xd</size>
         <input_file_ref idref="fl-24"/>
      </object_component>
      <object_component id="oc-37e">
         <name>.text:_ti_sysbios_family_c28_Hwi_dispatchC__I</name>
         <load_address>0x854da</load_address>
         <run_address>0x854da</run_address>
         <size>0xd</size>
         <input_file_ref idref="fl-2d"/>
      </object_component>
      <object_component id="oc-31a">
         <name>.text:_ti_sysbios_family_c28_Hwi_restoreIER__E</name>
         <load_address>0x854e7</load_address>
         <run_address>0x854e7</run_address>
         <size>0xd</size>
         <input_file_ref idref="fl-24"/>
      </object_component>
      <object_component id="oc-377">
         <name>.text:_ti_sysbios_knl_Task_SupportProxy_start__E</name>
         <load_address>0x854f4</load_address>
         <run_address>0x854f4</run_address>
         <size>0xd</size>
         <input_file_ref idref="fl-24"/>
      </object_component>
      <object_component id="oc-376">
         <name>.text:_ti_sysbios_knl_Task_enter__I</name>
         <load_address>0x85501</load_address>
         <run_address>0x85501</run_address>
         <size>0xd</size>
         <input_file_ref idref="fl-2d"/>
      </object_component>
      <object_component id="oc-378">
         <name>.text:_xdc_runtime_Error_check__E</name>
         <load_address>0x8550e</load_address>
         <run_address>0x8550e</run_address>
         <size>0xd</size>
         <input_file_ref idref="fl-36"/>
      </object_component>
      <object_component id="oc-275">
         <name>.text:_xdc_runtime_LoggerBuf_write1__E</name>
         <load_address>0x8551b</load_address>
         <run_address>0x8551b</run_address>
         <size>0xd</size>
         <input_file_ref idref="fl-38"/>
      </object_component>
      <object_component id="oc-308">
         <name>.text:_xdc_runtime_System_abort__E</name>
         <load_address>0x85528</load_address>
         <run_address>0x85528</run_address>
         <size>0xd</size>
         <input_file_ref idref="fl-3b"/>
      </object_component>
      <object_component id="oc-258">
         <name>.text:_ti_sysbios_BIOS_exitFunc__I</name>
         <load_address>0x85535</load_address>
         <run_address>0x85535</run_address>
         <size>0xc</size>
         <input_file_ref idref="fl-24"/>
      </object_component>
      <object_component id="oc-26c">
         <name>.text:_ti_sysbios_gates_GateMutex_leave__E</name>
         <load_address>0x85541</load_address>
         <run_address>0x85541</run_address>
         <size>0xc</size>
         <input_file_ref idref="fl-2d"/>
      </object_component>
      <object_component id="oc-2fa">
         <name>.text:_ti_sysbios_knl_Queue_put__E</name>
         <load_address>0x8554d</load_address>
         <run_address>0x8554d</run_address>
         <size>0xc</size>
         <input_file_ref idref="fl-2d"/>
      </object_component>
      <object_component id="oc-2c5">
         <name>.text:_ti_sysbios_knl_Task_enabled__E</name>
         <load_address>0x85559</load_address>
         <run_address>0x85559</run_address>
         <size>0xc</size>
         <input_file_ref idref="fl-2d"/>
      </object_component>
      <object_component id="oc-34f">
         <name>.text:_xdc_runtime_System_aprintf__E</name>
         <load_address>0x85565</load_address>
         <run_address>0x85565</run_address>
         <size>0xc</size>
         <input_file_ref idref="fl-24"/>
      </object_component>
      <object_component id="oc-287">
         <name>.text:_xdc_runtime_System_printf__E</name>
         <load_address>0x85571</load_address>
         <run_address>0x85571</run_address>
         <size>0xc</size>
         <input_file_ref idref="fl-24"/>
      </object_component>
      <object_component id="oc-2d7">
         <name>.text:_xdc_runtime_Text_ropeText__E</name>
         <load_address>0x8557d</load_address>
         <run_address>0x8557d</run_address>
         <size>0xc</size>
         <input_file_ref idref="fl-3d"/>
      </object_component>
      <object_component id="oc-2e7">
         <name>.text</name>
         <load_address>0x85589</load_address>
         <run_address>0x85589</run_address>
         <size>0xc</size>
         <input_file_ref idref="fl-52"/>
      </object_component>
      <object_component id="oc-385">
         <name>.text:_ti_sysbios_family_c28_Hwi_Module__startupDone__F</name>
         <load_address>0x85595</load_address>
         <run_address>0x85595</run_address>
         <size>0xb</size>
         <input_file_ref idref="fl-24"/>
      </object_component>
      <object_component id="oc-380">
         <name>.text:_ti_sysbios_family_c28_Timer_Module__startupDone__F</name>
         <load_address>0x855a0</load_address>
         <run_address>0x855a0</run_address>
         <size>0xb</size>
         <input_file_ref idref="fl-24"/>
      </object_component>
      <object_component id="oc-2c2">
         <name>.text:_ti_sysbios_knl_Task_sleepTimeout__I</name>
         <load_address>0x855ab</load_address>
         <run_address>0x855ab</run_address>
         <size>0xb</size>
         <input_file_ref idref="fl-2d"/>
      </object_component>
      <object_component id="oc-274">
         <name>.text:_xdc_runtime_LoggerBuf_write0__E</name>
         <load_address>0x855b6</load_address>
         <run_address>0x855b6</run_address>
         <size>0xb</size>
         <input_file_ref idref="fl-38"/>
      </object_component>
      <object_component id="oc-28e">
         <name>.text:_xdc_runtime_Startup_exec__I</name>
         <load_address>0x855c1</load_address>
         <run_address>0x855c1</run_address>
         <size>0xb</size>
         <input_file_ref idref="fl-24"/>
      </object_component>
      <object_component id="oc-2d4">
         <name>.text:_xdc_runtime_SysMin_exit__E</name>
         <load_address>0x855cc</load_address>
         <run_address>0x855cc</run_address>
         <size>0xb</size>
         <input_file_ref idref="fl-3c"/>
      </object_component>
      <object_component id="oc-24e">
         <name>.text:_xdc_runtime_System_exit__E</name>
         <load_address>0x855d7</load_address>
         <run_address>0x855d7</run_address>
         <size>0xb</size>
         <input_file_ref idref="fl-3b"/>
      </object_component>
      <object_component id="oc-25f">
         <name>.text:.bootCodeSection:_ti_catalog_c2800_initF2837x_Boot_init</name>
         <load_address>0x855e2</load_address>
         <run_address>0x855e2</run_address>
         <size>0xa</size>
         <input_file_ref idref="fl-24"/>
      </object_component>
      <object_component id="oc-331">
         <name>.text:_ti_sysbios_family_c28_TaskSupport_checkStack__E</name>
         <load_address>0x855ec</load_address>
         <run_address>0x855ec</run_address>
         <size>0x9</size>
         <input_file_ref idref="fl-2d"/>
      </object_component>
      <object_component id="oc-38d">
         <name>.text:_ti_sysbios_family_c28_TaskSupport_glue</name>
         <load_address>0x855f5</load_address>
         <run_address>0x855f5</run_address>
         <size>0x9</size>
         <input_file_ref idref="fl-31"/>
      </object_component>
      <object_component id="oc-34a">
         <name>.text:_ti_sysbios_hal_Hwi_Module_startup__E</name>
         <load_address>0x855fe</load_address>
         <run_address>0x855fe</run_address>
         <size>0x9</size>
         <input_file_ref idref="fl-2d"/>
      </object_component>
      <object_component id="oc-37a">
         <name>.text:_ti_sysbios_knl_Task_unblock__E</name>
         <load_address>0x85607</load_address>
         <run_address>0x85607</run_address>
         <size>0x9</size>
         <input_file_ref idref="fl-2d"/>
      </object_component>
      <object_component id="oc-368">
         <name>.text:_xdc_runtime_System_vsnprintf__E</name>
         <load_address>0x85610</load_address>
         <run_address>0x85610</run_address>
         <size>0x9</size>
         <input_file_ref idref="fl-3b"/>
      </object_component>
      <object_component id="oc-37d">
         <name>.text:_xdc_runtime_Text_visitRope__I</name>
         <load_address>0x85619</load_address>
         <run_address>0x85619</run_address>
         <size>0x9</size>
         <input_file_ref idref="fl-24"/>
      </object_component>
      <object_component id="oc-2af">
         <name>.text</name>
         <load_address>0x85622</load_address>
         <run_address>0x85622</run_address>
         <size>0x9</size>
         <input_file_ref idref="fl-49"/>
      </object_component>
      <object_component id="oc-28c">
         <name>.text:.bootCodeSection:_ti_catalog_c2800_initF2837x_Boot_initSharedRAMs</name>
         <load_address>0x8562b</load_address>
         <run_address>0x8562b</run_address>
         <size>0x8</size>
         <input_file_ref idref="fl-42"/>
      </object_component>
      <object_component id="oc-285">
         <name>.text:_ti_sysbios_BIOS_setThreadType__E</name>
         <load_address>0x85633</load_address>
         <run_address>0x85633</run_address>
         <size>0x8</size>
         <input_file_ref idref="fl-2d"/>
      </object_component>
      <object_component id="oc-26e">
         <name>.text:_ti_sysbios_knl_Clock_Module_State_clockQ</name>
         <load_address>0x8563b</load_address>
         <run_address>0x8563b</run_address>
         <size>0x8</size>
         <input_file_ref idref="fl-24"/>
      </object_component>
      <object_component id="oc-322">
         <name>.text:_xdc_runtime_SysMin_ready__E</name>
         <load_address>0x85643</load_address>
         <run_address>0x85643</run_address>
         <size>0x8</size>
         <input_file_ref idref="fl-3c"/>
      </object_component>
      <object_component id="oc-324">
         <name>.text</name>
         <load_address>0x8564b</load_address>
         <run_address>0x8564b</run_address>
         <size>0x8</size>
         <input_file_ref idref="fl-54"/>
      </object_component>
      <object_component id="oc-2f0">
         <name>.text:_ti_sysbios_BIOS_RtsGateProxy_leave__E</name>
         <load_address>0x85653</load_address>
         <run_address>0x85653</run_address>
         <size>0x7</size>
         <input_file_ref idref="fl-24"/>
      </object_component>
      <object_component id="oc-30a">
         <name>.text:_ti_sysbios_hal_Hwi_HwiProxy_getStackInfo__E</name>
         <load_address>0x8565a</load_address>
         <run_address>0x8565a</run_address>
         <size>0x7</size>
         <input_file_ref idref="fl-24"/>
      </object_component>
      <object_component id="oc-26f">
         <name>.text:_ti_sysbios_knl_Queue_empty__E</name>
         <load_address>0x85661</load_address>
         <run_address>0x85661</run_address>
         <size>0x7</size>
         <input_file_ref idref="fl-2d"/>
      </object_component>
      <object_component id="oc-31d">
         <name>.text:_ti_sysbios_knl_Task_SupportProxy_checkStack__E</name>
         <load_address>0x85668</load_address>
         <run_address>0x85668</run_address>
         <size>0x7</size>
         <input_file_ref idref="fl-24"/>
      </object_component>
      <object_component id="oc-2f7">
         <name>.text:_ti_sysbios_knl_Task_SupportProxy_swap__E</name>
         <load_address>0x8566f</load_address>
         <run_address>0x8566f</run_address>
         <size>0x7</size>
         <input_file_ref idref="fl-24"/>
      </object_component>
      <object_component id="oc-2aa">
         <name>.text:_xdc_runtime_Error_init__E</name>
         <load_address>0x85676</load_address>
         <run_address>0x85676</run_address>
         <size>0x7</size>
         <input_file_ref idref="fl-36"/>
      </object_component>
      <object_component id="oc-2a9">
         <name>.text:_xdc_runtime_LoggerBuf_Module_GateProxy_leave__E</name>
         <load_address>0x8567d</load_address>
         <run_address>0x8567d</run_address>
         <size>0x7</size>
         <input_file_ref idref="fl-24"/>
      </object_component>
      <object_component id="oc-2ea">
         <name>.text:_xdc_runtime_System_Module_GateProxy_leave__E</name>
         <load_address>0x85684</load_address>
         <run_address>0x85684</run_address>
         <size>0x7</size>
         <input_file_ref idref="fl-24"/>
      </object_component>
      <object_component id="oc-2eb">
         <name>.text:_ti_sysbios_BIOS_RtsGateProxy_enter__E</name>
         <load_address>0x8568b</load_address>
         <run_address>0x8568b</run_address>
         <size>0x6</size>
         <input_file_ref idref="fl-24"/>
      </object_component>
      <object_component id="oc-2e3">
         <name>.text:_ti_sysbios_family_c28_IntrinsicsSupport_maxbit__E</name>
         <load_address>0x85691</load_address>
         <run_address>0x85691</run_address>
         <size>0x6</size>
         <input_file_ref idref="fl-30"/>
      </object_component>
      <object_component id="oc-358">
         <name>.text:_ti_sysbios_knl_Clock_TimerProxy_getMaxTicks__E</name>
         <load_address>0x85697</load_address>
         <run_address>0x85697</run_address>
         <size>0x6</size>
         <input_file_ref idref="fl-24"/>
      </object_component>
      <object_component id="oc-2ad">
         <name>.text:_ti_sysbios_knl_Swi_disable__E</name>
         <load_address>0x8569d</load_address>
         <run_address>0x8569d</run_address>
         <size>0x6</size>
         <input_file_ref idref="fl-2d"/>
      </object_component>
      <object_component id="oc-2ae">
         <name>.text:_ti_sysbios_knl_Task_disable__E</name>
         <load_address>0x856a3</load_address>
         <run_address>0x856a3</run_address>
         <size>0x6</size>
         <input_file_ref idref="fl-2d"/>
      </object_component>
      <object_component id="oc-294">
         <name>.text:_xdc_runtime_Gate_enterSystem__E</name>
         <load_address>0x856a9</load_address>
         <run_address>0x856a9</run_address>
         <size>0x6</size>
         <input_file_ref idref="fl-37"/>
      </object_component>
      <object_component id="oc-2b3">
         <name>.text:_xdc_runtime_Gate_leaveSystem__E</name>
         <load_address>0x856af</load_address>
         <run_address>0x856af</run_address>
         <size>0x6</size>
         <input_file_ref idref="fl-37"/>
      </object_component>
      <object_component id="oc-2a7">
         <name>.text:_xdc_runtime_LoggerBuf_Module_GateProxy_enter__E</name>
         <load_address>0x856b5</load_address>
         <run_address>0x856b5</run_address>
         <size>0x6</size>
         <input_file_ref idref="fl-24"/>
      </object_component>
      <object_component id="oc-2a8">
         <name>.text:_xdc_runtime_LoggerBuf_TimestampProxy_get64__E</name>
         <load_address>0x856bb</load_address>
         <run_address>0x856bb</run_address>
         <size>0x6</size>
         <input_file_ref idref="fl-24"/>
      </object_component>
      <object_component id="oc-2d3">
         <name>.text:_xdc_runtime_System_Module_GateProxy_enter__E</name>
         <load_address>0x856c1</load_address>
         <run_address>0x856c1</run_address>
         <size>0x6</size>
         <input_file_ref idref="fl-24"/>
      </object_component>
      <object_component id="oc-329">
         <name>.text:_xdc_runtime_System_SupportProxy_abort__E</name>
         <load_address>0x856c7</load_address>
         <run_address>0x856c7</run_address>
         <size>0x6</size>
         <input_file_ref idref="fl-24"/>
      </object_component>
      <object_component id="oc-295">
         <name>.text:_xdc_runtime_System_SupportProxy_exit__E</name>
         <load_address>0x856cd</load_address>
         <run_address>0x856cd</run_address>
         <size>0x6</size>
         <input_file_ref idref="fl-24"/>
      </object_component>
      <object_component id="oc-334">
         <name>.text:_xdc_runtime_System_SupportProxy_putch__E</name>
         <load_address>0x856d3</load_address>
         <run_address>0x856d3</run_address>
         <size>0x6</size>
         <input_file_ref idref="fl-24"/>
      </object_component>
      <object_component id="oc-320">
         <name>.text:_ti_sysbios_family_c28_Hwi_switchFromBootStack__E</name>
         <load_address>0x856d9</load_address>
         <run_address>0x856d9</run_address>
         <size>0x5</size>
         <input_file_ref idref="fl-2d"/>
      </object_component>
      <object_component id="oc-268">
         <name>.text:_ti_sysbios_gates_GateHwi_enter__E</name>
         <load_address>0x856de</load_address>
         <run_address>0x856de</run_address>
         <size>0x5</size>
         <input_file_ref idref="fl-2d"/>
      </object_component>
      <object_component id="oc-33d">
         <name>.text:_xdc_iargToPtr</name>
         <load_address>0x856e3</load_address>
         <run_address>0x856e3</run_address>
         <size>0x5</size>
         <input_file_ref idref="fl-24"/>
      </object_component>
      <object_component id="oc-272">
         <name>.text:_xdc_runtime_LoggerBuf_enable__E</name>
         <load_address>0x856e8</load_address>
         <run_address>0x856e8</run_address>
         <size>0x5</size>
         <input_file_ref idref="fl-38"/>
      </object_component>
      <object_component id="oc-362">
         <name>.text</name>
         <load_address>0x856ed</load_address>
         <run_address>0x856ed</run_address>
         <size>0x5</size>
         <input_file_ref idref="fl-57"/>
      </object_component>
      <object_component id="oc-2f3">
         <name>.text:_ti_sysbios_family_c28_Hwi_startup__E</name>
         <load_address>0x856f2</load_address>
         <run_address>0x856f2</run_address>
         <size>0x4</size>
         <input_file_ref idref="fl-24"/>
      </object_component>
      <object_component id="oc-282">
         <name>.text:_ti_sysbios_knl_Swi_startup__E</name>
         <load_address>0x856f6</load_address>
         <run_address>0x856f6</run_address>
         <size>0x4</size>
         <input_file_ref idref="fl-2d"/>
      </object_component>
      <object_component id="oc-273">
         <name>.text:_xdc_runtime_LoggerBuf_disable__E</name>
         <load_address>0x856fa</load_address>
         <run_address>0x856fa</run_address>
         <size>0x4</size>
         <input_file_ref idref="fl-38"/>
      </object_component>
      <object_component id="oc-27b">
         <name>.text:_xdc_runtime_Startup_rtsDone__E</name>
         <load_address>0x856fe</load_address>
         <run_address>0x856fe</run_address>
         <size>0x4</size>
         <input_file_ref idref="fl-3a"/>
      </object_component>
      <object_component id="oc-96">
         <name>.text</name>
         <load_address>0x85702</load_address>
         <run_address>0x85702</run_address>
         <size>0x3</size>
         <input_file_ref idref="fl-4"/>
      </object_component>
      <object_component id="oc-250">
         <name>.text:___xdc__init</name>
         <load_address>0x85705</load_address>
         <run_address>0x85705</run_address>
         <size>0x3</size>
         <input_file_ref idref="fl-3e"/>
      </object_component>
      <object_component id="oc-37c">
         <name>.text:_ti_sysbios_family_c28_Hwi_Module__startupDone__S</name>
         <load_address>0x85708</load_address>
         <run_address>0x85708</run_address>
         <size>0x3</size>
         <input_file_ref idref="fl-24"/>
      </object_component>
      <object_component id="oc-370">
         <name>.text:_ti_sysbios_family_c28_Timer_Module__startupDone__S</name>
         <load_address>0x8570b</load_address>
         <run_address>0x8570b</run_address>
         <size>0x3</size>
         <input_file_ref idref="fl-24"/>
      </object_component>
      <object_component id="oc-269">
         <name>.text:_ti_sysbios_gates_GateHwi_leave__E</name>
         <load_address>0x8570e</load_address>
         <run_address>0x8570e</run_address>
         <size>0x3</size>
         <input_file_ref idref="fl-2d"/>
      </object_component>
      <object_component id="oc-360">
         <name>.text:_ti_sysbios_hal_Hwi_HwiProxy_Module__startupDone__S</name>
         <load_address>0x85711</load_address>
         <run_address>0x85711</run_address>
         <size>0x3</size>
         <input_file_ref idref="fl-24"/>
      </object_component>
      <object_component id="oc-2b8">
         <name>.text:_ti_sysbios_hal_Hwi_HwiProxy_startup__E</name>
         <load_address>0x85714</load_address>
         <run_address>0x85714</run_address>
         <size>0x3</size>
         <input_file_ref idref="fl-24"/>
      </object_component>
      <object_component id="oc-2f6">
         <name>.text:_ti_sysbios_hal_Hwi_HwiProxy_switchFromBootStack__E</name>
         <load_address>0x85717</load_address>
         <run_address>0x85717</run_address>
         <size>0x3</size>
         <input_file_ref idref="fl-24"/>
      </object_component>
      <object_component id="oc-281">
         <name>.text:_ti_sysbios_hal_Hwi_startup__E</name>
         <load_address>0x8571a</load_address>
         <run_address>0x8571a</run_address>
         <size>0x3</size>
         <input_file_ref idref="fl-2d"/>
      </object_component>
      <object_component id="oc-357">
         <name>.text:_ti_sysbios_knl_Clock_TimerProxy_Module__startupDone__S</name>
         <load_address>0x8571d</load_address>
         <run_address>0x8571d</run_address>
         <size>0x3</size>
         <input_file_ref idref="fl-24"/>
      </object_component>
      <object_component id="oc-25b">
         <name>.text:_ti_sysbios_knl_Idle_loop__E</name>
         <load_address>0x85720</load_address>
         <run_address>0x85720</run_address>
         <size>0x3</size>
         <input_file_ref idref="fl-2d"/>
      </object_component>
      <object_component id="oc-35b">
         <name>.text:_ti_sysbios_knl_Task_SupportProxy_Module__startupDone__S</name>
         <load_address>0x85723</load_address>
         <run_address>0x85723</run_address>
         <size>0x3</size>
         <input_file_ref idref="fl-24"/>
      </object_component>
      <object_component id="oc-283">
         <name>.text:_ti_sysbios_knl_Task_startup__E</name>
         <load_address>0x85726</load_address>
         <run_address>0x85726</run_address>
         <size>0x3</size>
         <input_file_ref idref="fl-2d"/>
      </object_component>
      <object_component id="oc-24a">
         <name>.text:_xdc_runtime_Startup_reset__I</name>
         <load_address>0x85729</load_address>
         <run_address>0x85729</run_address>
         <size>0x3</size>
         <input_file_ref idref="fl-24"/>
      </object_component>
      <object_component id="oc-343">
         <name>.text:_xdc_runtime_System_Module_startup__E</name>
         <load_address>0x8572c</load_address>
         <run_address>0x8572c</run_address>
         <size>0x3</size>
         <input_file_ref idref="fl-3b"/>
      </object_component>
      <object_component id="oc-2f8">
         <name>.text:_xdc_runtime_System_SupportProxy_ready__E</name>
         <load_address>0x8572f</load_address>
         <run_address>0x8572f</run_address>
         <size>0x3</size>
         <input_file_ref idref="fl-24"/>
      </object_component>
      <object_component id="oc-339">
         <name>.text:_xdc_runtime_System_abortStd__E</name>
         <load_address>0x85732</load_address>
         <run_address>0x85732</run_address>
         <size>0x3</size>
         <input_file_ref idref="fl-3b"/>
      </object_component>
      <object_component id="oc-296">
         <name>.text:_xdc_runtime_System_exitStd__E</name>
         <load_address>0x85735</load_address>
         <run_address>0x85735</run_address>
         <size>0x3</size>
         <input_file_ref idref="fl-3b"/>
      </object_component>
      <object_component id="oc-373">
         <name>.text:_ti_sysbios_family_c28_TaskSupport_Module__startupDone__S</name>
         <load_address>0x85738</load_address>
         <run_address>0x85738</run_address>
         <size>0x2</size>
         <input_file_ref idref="fl-24"/>
      </object_component>
      <object_component id="oc-371">
         <name>.text:_ti_sysbios_family_c28_Timer_getMaxTicks__E</name>
         <load_address>0x8573a</load_address>
         <run_address>0x8573a</run_address>
         <size>0x2</size>
         <input_file_ref idref="fl-2d"/>
      </object_component>
      <object_component id="oc-267">
         <name>.text:_ti_sysbios_gates_GateHwi_query__E</name>
         <load_address>0x8573c</load_address>
         <run_address>0x8573c</run_address>
         <size>0x2</size>
         <input_file_ref idref="fl-2d"/>
      </object_component>
      <object_component id="oc-26a">
         <name>.text:_ti_sysbios_gates_GateMutex_query__E</name>
         <load_address>0x8573e</load_address>
         <run_address>0x8573e</run_address>
         <size>0x2</size>
         <input_file_ref idref="fl-2d"/>
      </object_component>
      <object_component id="oc-34e">
         <name>.text:_xdc_runtime_Error_getSite__E</name>
         <load_address>0x85740</load_address>
         <run_address>0x85740</run_address>
         <size>0x2</size>
         <input_file_ref idref="fl-36"/>
      </object_component>
      <object_component id="oc-2cb">
         <name>.text:.bootCodeSection:_ti_catalog_c2800_initF2837x_Boot_initStartup</name>
         <load_address>0x85742</load_address>
         <run_address>0x85742</run_address>
         <size>0x1</size>
         <input_file_ref idref="fl-24"/>
      </object_component>
      <object_component id="oc-309">
         <name>.text:_ti_catalog_c2800_initF2837x_Boot_defaultLimpAbortFunction</name>
         <load_address>0x85743</load_address>
         <run_address>0x85743</run_address>
         <size>0x1</size>
         <input_file_ref idref="fl-42"/>
      </object_component>
      <object_component id="oc-27c">
         <name>.text:_ti_sysbios_BIOS_linkedWithIncorrectBootLibrary__E</name>
         <load_address>0x85744</load_address>
         <run_address>0x85744</run_address>
         <size>0x1</size>
         <input_file_ref idref="fl-2d"/>
      </object_component>
      <object_component id="oc-2bb">
         <name>.text:_ti_sysbios_BIOS_nullFunc__I</name>
         <load_address>0x85745</load_address>
         <run_address>0x85745</run_address>
         <size>0x1</size>
[...]
      </symbol>
      <symbol id="sm-9f6">
         <name>_ti_sysbios_knl_Idle_loop__E</name>
         <value>0x85720</value>
         <object_component_ref idref="oc-25b"/>
      </symbol>
      <symbol id="sm-9f7">
         <name>_ti_sysbios_knl_Task_restoreHwi__E</name>
         <value>0x85477</value>
         <object_component_ref idref="oc-387"/>
      </symbol>
      <symbol id="sm-aa2">
         <name>_ti_sysbios_family_c28_Hwi_switchAndDispatch__I</name>
         <value>0x850fe</value>
         <object_component_ref idref="oc-386"/>
      </symbol>
      <symbol id="sm-aa3">
         <name>_ti_sysbios_family_c28_Hwi_interruptReturn__I</name>
         <value>0x85746</value>
         <object_component_ref idref="oc-317"/>
      </symbol>
      <symbol id="sm-aa4">
         <name>_ti_sysbios_family_xxx_Hwi_switchAndRunFunc</name>
         <value>0x8524e</value>
         <object_component_ref idref="oc-2e5"/>
      </symbol>
      <symbol id="sm-b48">
         <name>_ti_sysbios_family_c28_Hwi_dispatchTable</name>
         <value>0x83f16</value>
         <object_component_ref idref="oc-36b"/>
      </symbol>
      <symbol id="sm-b49">
         <name>_ti_sysbios_family_c28_Hwi_dispatchPie</name>
         <value>0x83f73</value>
         <object_component_ref idref="oc-36b"/>
      </symbol>
      <symbol id="sm-b55">
         <name>_ti_sysbios_family_c28_IntrinsicsSupport_maxbit__E</name>
         <value>0x85691</value>
         <object_component_ref idref="oc-2e3"/>
      </symbol>
      <symbol id="sm-b65">
         <name>_ti_sysbios_family_c28_TaskSupport_buildTaskStack</name>
         <value>0x84f61</value>
         <object_component_ref idref="oc-38b"/>
      </symbol>
      <symbol id="sm-b66">
         <name>_ti_sysbios_family_c28_TaskSupport_swap__E</name>
         <value>0x850a8</value>
         <object_component_ref idref="oc-321"/>
      </symbol>
      <symbol id="sm-b67">
         <name>_ti_sysbios_family_c28_TaskSupport_glue</name>
         <value>0x855f5</value>
         <object_component_ref idref="oc-38d"/>
      </symbol>
      <symbol id="sm-b7a">
         <name>_xdc_runtime_Assert_raise__I</name>
         <value>0x84d84</value>
         <object_component_ref idref="oc-29d"/>
      </symbol>
      <symbol id="sm-bbc">
         <name>_xdc_runtime_Error_getSite__E</name>
         <value>0x85740</value>
         <object_component_ref idref="oc-34e"/>
      </symbol>
      <symbol id="sm-bbd">
         <name>_xdc_runtime_Error_init__E</name>
         <value>0x85676</value>
         <object_component_ref idref="oc-2aa"/>
      </symbol>
      <symbol id="sm-bbe">
         <name>_xdc_runtime_Error_raiseX__E</name>
         <value>0x85436</value>
         <object_component_ref idref="oc-25e"/>
      </symbol>
      <symbol id="sm-bbf">
         <name>_xdc_runtime_Error_print__E</name>
         <value>0x84c7e</value>
         <object_component_ref idref="oc-341"/>
      </symbol>
      <symbol id="sm-bc0">
         <name>_xdc_runtime_Error_policyDefault__E</name>
         <value>0x83e71</value>
         <object_component_ref idref="oc-2c9"/>
      </symbol>
      <symbol id="sm-bc1">
         <name>_xdc_runtime_Error_setX__E</name>
         <value>0x84a4d</value>
         <object_component_ref idref="oc-2fd"/>
      </symbol>
      <symbol id="sm-bc2">
         <name>_xdc_runtime_Error_check__E</name>
         <value>0x8550e</value>
         <object_component_ref idref="oc-378"/>
      </symbol>
      <symbol id="sm-bcf">
         <name>_xdc_runtime_Gate_leaveSystem__E</name>
         <value>0x856af</value>
         <object_component_ref idref="oc-2b3"/>
      </symbol>
      <symbol id="sm-bd0">
         <name>_xdc_runtime_Gate_enterSystem__E</name>
         <value>0x856a9</value>
         <object_component_ref idref="oc-294"/>
      </symbol>
      <symbol id="sm-c1a">
         <name>_xdc_runtime_LoggerBuf_write0__E</name>
         <value>0x855b6</value>
         <object_component_ref idref="oc-274"/>
      </symbol>
      <symbol id="sm-c1b">
         <name>_xdc_runtime_LoggerBuf_reset__E</name>
         <value>0x85266</value>
         <object_component_ref idref="oc-352"/>
      </symbol>
      <symbol id="sm-c1c">
         <name>_xdc_runtime_LoggerBuf_write8__E</name>
         <value>0x83bf3</value>
         <object_component_ref idref="oc-278"/>
      </symbol>
      <symbol id="sm-c1d">
         <name>_xdc_runtime_LoggerBuf_getFilterLevel__E</name>
         <value>0x84bce</value>
         <object_component_ref idref="oc-27a"/>
      </symbol>
      <symbol id="sm-c1e">
         <name>_xdc_runtime_LoggerBuf_setFilterLevel__E</name>
         <value>0x84b12</value>
         <object_component_ref idref="oc-279"/>
      </symbol>
      <symbol id="sm-c1f">
         <name>_LoggerBuf_instanceStartup</name>
         <value>0x85266</value>
         <object_component_ref idref="oc-352"/>
      </symbol>
      <symbol id="sm-c20">
         <name>_xdc_runtime_LoggerBuf_write4__E</name>
         <value>0x84097</value>
         <object_component_ref idref="oc-277"/>
      </symbol>
      <symbol id="sm-c21">
         <name>_xdc_runtime_LoggerBuf_filterOutEvent__I</name>
         <value>0x850c5</value>
         <object_component_ref idref="oc-2a4"/>
      </symbol>
      <symbol id="sm-c22">
         <name>_xdc_runtime_LoggerBuf_Module_startup__E</name>
         <value>0x85184</value>
         <object_component_ref idref="oc-342"/>
      </symbol>
      <symbol id="sm-c23">
         <name>_xdc_runtime_LoggerBuf_write2__E</name>
         <value>0x85487</value>
         <object_component_ref idref="oc-276"/>
      </symbol>
      <symbol id="sm-c24">
         <name>_xdc_runtime_LoggerBuf_disable__E</name>
         <value>0x856fa</value>
         <object_component_ref idref="oc-273"/>
      </symbol>
      <symbol id="sm-c25">
         <name>_xdc_runtime_LoggerBuf_enable__E</name>
         <value>0x856e8</value>
         <object_component_ref idref="oc-272"/>
      </symbol>
      <symbol id="sm-c26">
         <name>_xdc_runtime_LoggerBuf_write1__E</name>
         <value>0x8551b</value>
         <object_component_ref idref="oc-275"/>
      </symbol>
      <symbol id="sm-c6e">
         <name>_xdc_runtime_Startup_rtsDone__E</name>
         <value>0x856fe</value>
         <object_component_ref idref="oc-27b"/>
      </symbol>
      <symbol id="sm-c6f">
         <name>_xdc_runtime_Startup_startMods__I</name>
         <value>0x84566</value>
         <object_component_ref idref="oc-30b"/>
      </symbol>
      <symbol id="sm-c70">
         <name>_xdc_runtime_Startup_exec__E</name>
         <value>0x84ce9</value>
         <object_component_ref idref="oc-24c"/>
      </symbol>
      <symbol id="sm-e00">
         <name>_xdc_runtime_System_exit__E</name>
         <value>0x855d7</value>
         <object_component_ref idref="oc-24e"/>
      </symbol>
      <symbol id="sm-e01">
         <name>_xdc_runtime_System_avprintf__E</name>
         <value>0x85203</value>
         <object_component_ref idref="oc-369"/>
      </symbol>
      <symbol id="sm-e02">
         <name>_xdc_runtime_System_processAtExit__E</name>
         <value>0x84faa</value>
         <object_component_ref idref="oc-264"/>
      </symbol>
      <symbol id="sm-e03">
         <name>_xdc_runtime_System_doPrint__I</name>
         <value>0x82fd4</value>
         <object_component_ref idref="oc-2f9"/>
      </symbol>
      <symbol id="sm-e04">
         <name>_xdc_runtime_System_Module_startup__E</name>
         <value>0x8572c</value>
         <object_component_ref idref="oc-343"/>
      </symbol>
      <symbol id="sm-e05">
         <name>_xdc_runtime_System_formatNum__I</name>
         <value>0x84ad2</value>
         <object_component_ref idref="oc-325"/>
      </symbol>
      <symbol id="sm-e06">
         <name>_xdc_runtime_System_atexit__E</name>
         <value>0x84fee</value>
         <object_component_ref idref="oc-27e"/>
      </symbol>
      <symbol id="sm-e07">
         <name>_xdc_runtime_System_aprintf_va__F</name>
         <value>0x85203</value>
         <object_component_ref idref="oc-369"/>
      </symbol>
      <symbol id="sm-e08">
         <name>_xdc_runtime_System_abortStd__E</name>
         <value>0x85732</value>
         <object_component_ref idref="oc-339"/>
      </symbol>
      <symbol id="sm-e09">
         <name>_xdc_runtime_System_snprintf_va__F</name>
         <value>0x85610</value>
         <object_component_ref idref="oc-368"/>
      </symbol>
      <symbol id="sm-e0a">
         <name>_xdc_runtime_System_printf_va__F</name>
         <value>0x8527e</value>
         <object_component_ref idref="oc-2bc"/>
      </symbol>
      <symbol id="sm-e0b">
         <name>_xdc_runtime_System_putchar__I</name>
         <value>0x8521c</value>
         <object_component_ref idref="oc-326"/>
      </symbol>
      <symbol id="sm-e0c">
         <name>_xdc_runtime_System_vprintf__E</name>
         <value>0x8527e</value>
         <object_component_ref idref="oc-2bc"/>
      </symbol>
      <symbol id="sm-e0d">
         <name>_xdc_runtime_System_exitStd__E</name>
         <value>0x85735</value>
         <object_component_ref idref="oc-296"/>
      </symbol>
      <symbol id="sm-e0e">
         <name>_xdc_runtime_System_vsnprintf__E</name>
         <value>0x85610</value>
         <object_component_ref idref="oc-368"/>
      </symbol>
      <symbol id="sm-e0f">
         <name>_xdc_runtime_System_abort__E</name>
         <value>0x85528</value>
         <object_component_ref idref="oc-308"/>
      </symbol>
      <symbol id="sm-e31">
         <name>_xdc_runtime_SysMin_Module_startup__E</name>
         <value>0x854b2</value>
         <object_component_ref idref="oc-344"/>
      </symbol>
      <symbol id="sm-e32">
         <name>_xdc_runtime_SysMin_exit__E</name>
         <value>0x855cc</value>
         <object_component_ref idref="oc-2d4"/>
      </symbol>
      <symbol id="sm-e33">
         <name>_xdc_runtime_SysMin_abort__E</name>
         <value>0x8537e</value>
         <object_component_ref idref="oc-338"/>
      </symbol>
      <symbol id="sm-e34">
         <name>_xdc_runtime_SysMin_ready__E</name>
         <value>0x85643</value>
         <object_component_ref idref="oc-322"/>
      </symbol>
      <symbol id="sm-e35">
         <name>_xdc_runtime_SysMin_putch__E</name>
         <value>0x8506c</value>
         <object_component_ref idref="oc-340"/>
      </symbol>
      <symbol id="sm-e36">
         <name>_xdc_runtime_SysMin_flush__E</name>
         <value>0x84f13</value>
         <object_component_ref idref="oc-30e"/>
      </symbol>
      <symbol id="sm-e72">
         <name>_xdc_runtime_Text_putSite__E</name>
         <value>0x845e3</value>
         <object_component_ref idref="oc-33f"/>
      </symbol>
      <symbol id="sm-e73">
         <name>_xdc_runtime_Text_ropeText__E</name>
         <value>0x8557d</value>
         <object_component_ref idref="oc-2d7"/>
      </symbol>
      <symbol id="sm-e74">
         <name>_xdc_runtime_Text_putMod__E</name>
         <value>0x84c44</value>
         <object_component_ref idref="oc-34c"/>
      </symbol>
      <symbol id="sm-e75">
         <name>_xdc_runtime_Text_putLab__E</name>
         <value>0x8480c</value>
         <object_component_ref idref="oc-33e"/>
      </symbol>
      <symbol id="sm-e76">
         <name>_xdc_runtime_Text_printVisFxn__I</name>
         <value>0x85296</value>
         <object_component_ref idref="oc-367"/>
      </symbol>
      <symbol id="sm-e77">
         <name>_xdc_runtime_Text_xprintf__I</name>
         <value>0x84e98</value>
         <object_component_ref idref="oc-34d"/>
      </symbol>
      <symbol id="sm-e82">
         <name>___xdc__init</name>
         <value>0x85705</value>
         <object_component_ref idref="oc-250"/>
      </symbol>
      <symbol id="sm-ea4">
         <name>_xdc_runtime_Registry_findById__E</name>
         <value>0x854a4</value>
         <object_component_ref idref="oc-365"/>
      </symbol>
      <symbol id="sm-eae">
         <name>__stack</name>
         <value>0xb000</value>
         <object_component_ref idref="oc-1f0"/>
      </symbol>
      <symbol id="sm-eaf">
         <name>_c_int00</name>
         <value>0x847a9</value>
         <object_component_ref idref="oc-89"/>
      </symbol>
      <symbol id="sm-ec2">
         <name>_ti_catalog_c2800_initF2837x_Boot_defaultLimpAbortFunction</name>
         <value>0x85743</value>
         <object_component_ref idref="oc-309"/>
      </symbol>
      <symbol id="sm-ec3">
         <name>_ti_catalog_c2800_initF2837x_Boot_configurePllDivs</name>
         <value>0x848ee</value>
         <object_component_ref idref="oc-28b"/>
      </symbol>
      <symbol id="sm-ec4">
         <name>_ti_catalog_c2800_initF2837x_Boot_initSharedRAMs</name>
         <value>0x8562b</value>
         <object_component_ref idref="oc-28c"/>
      </symbol>
      <symbol id="sm-ecc">
         <name>_ti_catalog_c2800_initF2837x_Boot_entry</name>
         <value>0x80000</value>
         <object_component_ref idref="oc-8a"/>
      </symbol>
      <symbol id="sm-ee1">
         <name>__unlock</name>
         <value>0xc82a</value>
         <object_component_ref idref="oc-2e8"/>
      </symbol>
      <symbol id="sm-ee2">
         <name>__lock</name>
         <value>0xc828</value>
         <object_component_ref idref="oc-2e9"/>
      </symbol>
      <symbol id="sm-ee3">
         <name>__register_lock</name>
         <value>0x85626</value>
         <object_component_ref idref="oc-2af"/>
      </symbol>
      <symbol id="sm-ee4">
         <name>__nop</name>
         <value>0x8562a</value>
         <object_component_ref idref="oc-2af"/>
      </symbol>
      <symbol id="sm-ee5">
         <name>__register_unlock</name>
         <value>0x85622</value>
         <object_component_ref idref="oc-2af"/>
      </symbol>
      <symbol id="sm-ef5">
         <name>__args_main</name>
         <value>0x85235</value>
         <object_component_ref idref="oc-24d"/>
      </symbol>
      <symbol id="sm-f0b">
         <name>_copy_in</name>
         <value>0x849c4</value>
         <object_component_ref idref="oc-24b"/>
      </symbol>
      <symbol id="sm-f1a">
         <name>_ppcopy</name>
         <value>0x8519e</value>
         <object_component_ref idref="oc-20a"/>
      </symbol>
      <symbol id="sm-f1b">
         <name>_dpcopy</name>
         <value>0x8519e</value>
         <object_component_ref idref="oc-20a"/>
      </symbol>
      <symbol id="sm-f1c">
         <name>_pdcopy</name>
         <value>0x8519e</value>
         <object_component_ref idref="oc-20a"/>
      </symbol>
      <symbol id="sm-f1d">
         <name>_ddcopy</name>
         <value>0x8519e</value>
         <object_component_ref idref="oc-20a"/>
      </symbol>
      <symbol id="sm-f32">
         <name>C$$EXIT</name>
         <value>0x84ec2</value>
         <object_component_ref idref="oc-2d5"/>
      </symbol>
      <symbol id="sm-f33">
         <name>_exit</name>
         <value>0x84ec4</value>
         <object_component_ref idref="oc-2d5"/>
      </symbol>
      <symbol id="sm-f34">
         <name>___TI_cleanup_ptr</name>
         <value>0xc820</value>
         <object_component_ref idref="oc-211"/>
      </symbol>
      <symbol id="sm-f35">
         <name>___TI_enable_exit_profile_output</name>
         <value>0xc81e</value>
         <object_component_ref idref="oc-211"/>
      </symbol>
      <symbol id="sm-f36">
         <name>_abort</name>
         <value>0x84ec2</value>
         <object_component_ref idref="oc-2d5"/>
      </symbol>
      <symbol id="sm-f37">
         <name>___TI_dtors_ptr</name>
         <value>0xc822</value>
         <object_component_ref idref="oc-211"/>
      </symbol>
      <symbol id="sm-f48">
         <name>FS$$DIV</name>
         <value>0x842d8</value>
         <object_component_ref idref="oc-216"/>
      </symbol>
      <symbol id="sm-f54">
         <name>LL$$AND</name>
         <value>0x852ae</value>
         <object_component_ref idref="oc-21b"/>
      </symbol>
      <symbol id="sm-f55">
         <name>LL$$OR</name>
         <value>0x852b6</value>
         <object_component_ref idref="oc-21b"/>
      </symbol>
      <symbol id="sm-f56">
         <name>LL$$XOR</name>
         <value>0x852be</value>
         <object_component_ref idref="oc-21b"/>
      </symbol>
      <symbol id="sm-f82">
         <name>ULL$$MOD</name>
         <value>0x839af</value>
         <object_component_ref idref="oc-220"/>
      </symbol>
      <symbol id="sm-f83">
         <name>ULL$$DIV</name>
         <value>0x83980</value>
         <object_component_ref idref="oc-220"/>
      </symbol>
      <symbol id="sm-f84">
         <name>LL$$MOD</name>
         <value>0x83946</value>
         <object_component_ref idref="oc-220"/>
      </symbol>
      <symbol id="sm-f85">
         <name>LL$$DIV</name>
         <value>0x8390a</value>
         <object_component_ref idref="oc-220"/>
      </symbol>
      <symbol id="sm-f97">
         <name>_memcpy</name>
         <value>0x8508a</value>
         <object_component_ref idref="oc-2ce"/>
      </symbol>
      <symbol id="sm-fa6">
         <name>_memset</name>
         <value>0x85589</value>
         <object_component_ref idref="oc-2e7"/>
      </symbol>
      <symbol id="sm-fbe">
         <name>_strlen</name>
         <value>0x8564b</value>
         <object_component_ref idref="oc-324"/>
      </symbol>
      <symbol id="sm-fd2">
         <name>_HOSTopen</name>
         <value>0x82eac</value>
         <object_component_ref idref="oc-34b"/>
      </symbol>
      <symbol id="sm-fd3">
         <name>_HOSTread</name>
         <value>0x82e6d</value>
         <object_component_ref idref="oc-34b"/>
      </symbol>
      <symbol id="sm-fd4">
         <name>_HOSTgetenv</name>
         <value>0x82f4d</value>
         <object_component_ref idref="oc-34b"/>
      </symbol>
      <symbol id="sm-fd5">
         <name>_HOSTtime</name>
         <value>0x82df9</value>
         <object_component_ref idref="oc-34b"/>
      </symbol>
      <symbol id="sm-fd6">
         <name>_HOSTtime64</name>
         <value>0x82db4</value>
         <object_component_ref idref="oc-34b"/>
      </symbol>
      <symbol id="sm-fd7">
         <name>_HOSTrename</name>
         <value>0x82e2f</value>
         <object_component_ref idref="oc-34b"/>
      </symbol>
      <symbol id="sm-fd8">
         <name>_HOSTclock</name>
         <value>0x82f9e</value>
         <object_component_ref idref="oc-34b"/>
      </symbol>
      <symbol id="sm-fd9">
         <name>_HOSTwrite</name>
         <value>0x82d58</value>
         <object_component_ref idref="oc-34b"/>
      </symbol>
      <symbol id="sm-fda">
         <name>_HOSTlseek</name>
         <value>0x82eec</value>
         <object_component_ref idref="oc-34b"/>
      </symbol>
      <symbol id="sm-fdb">
         <name>_HOSTunlink</name>
         <value>0x82d90</value>
         <object_component_ref idref="oc-34b"/>
      </symbol>
      <symbol id="sm-fdc">
         <name>_HOSTclose</name>
         <value>0x82f75</value>
         <object_component_ref idref="oc-34b"/>
      </symbol>
      <symbol id="sm-ff6">
         <name>___TI_readmsg</name>
         <value>0x84184</value>
         <object_component_ref idref="oc-361"/>
      </symbol>
      <symbol id="sm-ff7">
         <name>C$$IO$$</name>
         <value>0x8417f</value>
         <object_component_ref idref="oc-361"/>
      </symbol>
      <symbol id="sm-ff8">
         <name>__CIOBUF_</name>
         <value>0xf000</value>
         <object_component_ref idref="oc-240"/>
      </symbol>
      <symbol id="sm-ff9">
         <name>___TI_writemsg</name>
         <value>0x8412c</value>
         <object_component_ref idref="oc-361"/>
      </symbol>
      <symbol id="sm-1007">
         <name>_strcpy</name>
         <value>0x856ed</value>
         <object_component_ref idref="oc-362"/>
      </symbol>
   </symbol_table>
   <title>Link successful</title>
</link_info>
